[2026-07-12 17:46:46] model=btwm domain=dmc task=dmc_walker_walk
seed=0 gpu=4 steps=300000 logdir=/home/zhangpeiying01/lfy/btwm-7.7/runs/btwm_dmc_walker_walk_seed0_w025_b11
variant=v2 param_matched=1 inv_weight=0.025 head_weight=0.0 inv_bins=11 confidence_gating=False policy_weight=0.0
command: python /home/zhangpeiying01/lfy/btwm-7.7/dreamerv3/dreamerv3/main.py --logdir /home/zhangpeiying01/lfy/btwm-7.7/runs/btwm_dmc_walker_walk_seed0_w025_b11 --configs dmc_vision --task dmc_walker_walk --seed 0 --run.steps 300000 --replay.size 300000 --agent.use_btwm True --agent.inv_loss_weight 0.025 --agent.inv_head_loss_weight 0.0 --agent.inv_num_bins 11 --agent.inv_confidence_gating False --agent.inv_policy_weight 0.0
2026-07-12 17:49:56.655057: E external/xla/xla/python/profiler/internal/python_hooks.cc:400] Can't import tensorflow.python.profiler.trace
2026-07-12 17:50:02.254323: E external/xla/xla/python/profiler/internal/python_hooks.cc:400] Can't import tensorflow.python.profiler.trace
---  ___                           __   ______ ---
--- |   \ _ _ ___ __ _ _ __  ___ _ \ \ / /__ / ---
--- | |) | '_/ -_) _` | '  \/ -_) '/\ V / |_ \ ---
--- |___/|_| \___\__,_|_|_|_\___|_|  \_/ |___/ ---
Replica: 0 / 1
Logdir: /home/zhangpeiying01/lfy/btwm-7.7/runs/btwm_dmc_walker_walk_seed0_w025_b11
Run script: train
Observations
  is_first         Space(bool, shape=(), low=False, high=True)
  is_last          Space(bool, shape=(), low=False, high=True)
  is_terminal      Space(bool, shape=(), low=False, high=True)
  reward           Space(float32, shape=(), low=-inf, high=inf)
  image            Space(uint8, shape=(64, 64, 3), low=0, high=255)
Actions
  action           Space(float32, shape=(6,), low=-1.0, high=1.0)
Extras
  consec           Space(int32, shape=(), low=-2147483648, high=2147483647)
  stepid           Space(uint8, shape=(20,), low=0, high=255)
  dyn/deter        Space(float32, shape=(8192,), low=-inf, high=inf)
  dyn/stoch        Space(float32, shape=(32, 64), low=-inf, high=inf)
JAX devices (1): [cuda:0]
Policy devices: cuda:0
Train devices:  cuda:0
Initializing parameters...
Optimizer opt has 168,129,360 params:
    97,664,578 dyn
    20,282,115 dec
    12,850,431 val
    12,601,356 pol
    10,749,183 rew
    10,488,833 con
     3,492,864 enc
Done initializing!
Compiling 1 checkpoint groups...
Largest checkpoint group: 2 GB
Compiling train and report...
Train cost analysis:
  FLOPS:            4.4e+11
  Memory (temp):    5.9e+09
  Memory (inputs):  2.1e+09
  Memory (outputs): 2.1e+09
  Memory (code):    4.2e+06

Report cost analysis:
  FLOPS:            9.6e+09
  Memory (temp):    6.7e+08
  Memory (inputs):  5.1e+08
  Memory (outputs): 1.0e+07
  Memory (code):    8.1e+06

Done compiling!
Did not find any checkpoint.
Saving checkpoint: /home/zhangpeiying01/lfy/btwm-7.7/runs/btwm_dmc_walker_walk_seed0_w025_b11/ckpt/20260712T174850F024303
Saved checkpoint.
Start training loop
Start JAX profiler: /home/zhangpeiying01/lfy/btwm-7.7/runs/btwm_dmc_walker_walk_seed0_w025_b11
Stop JAX profiler

--------------------[Agent Step 3_424]--------------------
Metrics filtered by: 'score|length|fps|ratio|train/loss/|train/acc/|train/inv/|train/rand/'
train/acc/inv 0.18 / train/inv/ce 2.33 / train/inv/confidence 0.1 / train/inv/confidence_gating 0 / train/inv/effective_rep_weight 0.03 / train/inv/head_objective 0.97 / train/inv/head_weight 0 / train/inv/objective 0.97 / train/inv/policy_weight_max 1 / train/inv/policy_weight_mean 1 / train/inv/policy_weight_min 1 / train/inv/policy_weight_std 0 / train/inv/valid_frac 1 / train/inv/weight 0.03 / train/loss/con 0.07 / train/loss/dyn 8.35 / train/loss/image 214.16 / train/loss/inv 0.02 / train/loss/policy 0.59 / train/loss/rep 8.35 / train/loss/repval 7.83 / train/loss/rew 3.51 / train/loss/value 5.82 / replay/replay_ratio 149.93 / fps/policy 23.95 / fps/train 2470.91

Writing metrics: /home/zhangpeiying01/lfy/btwm-7.7/runs/btwm_dmc_walker_walk_seed0_w025_b11/metrics.jsonl
Writing metrics: /home/zhangpeiying01/lfy/btwm-7.7/runs/btwm_dmc_walker_walk_seed0_w025_b11/scores.jsonl

--------------------[Agent Step 5_232]--------------------
Metrics filtered by: 'score|length|fps|ratio|train/loss/|train/acc/|train/inv/|train/rand/'
train/acc/inv 0.28 / train/inv/ce 2.1 / train/inv/confidence 0.13 / train/inv/confidence_gating 0 / train/inv/effective_rep_weight 0.03 / train/inv/head_objective 0.88 / train/inv/head_weight 0 / train/inv/objective 0.88 / train/inv/policy_weight_max 1 / train/inv/policy_weight_mean 1 / train/inv/policy_weight_min 1 / train/inv/policy_weight_std 0 / train/inv/valid_frac 1 / train/inv/weight 0.03 / train/loss/con 0.02 / train/loss/dyn 5.88 / train/loss/image 57.12 / train/loss/inv 0.02 / train/loss/policy 1.73 / train/loss/rep 5.88 / train/loss/repval 3.54 / train/loss/rew 0.51 / train/loss/value 2.23 / replay/replay_ratio 260 / fps/policy 14.99 / fps/train 3837.26

Writing metrics: /home/zhangpeiying01/lfy/btwm-7.7/runs/btwm_dmc_walker_walk_seed0_w025_b11/metrics.jsonl
Writing metrics: /home/zhangpeiying01/lfy/btwm-7.7/runs/btwm_dmc_walker_walk_seed0_w025_b11/scores.jsonl

--------------------[Agent Step 7_040]--------------------
Metrics filtered by: 'score|length|fps|ratio|train/loss/|train/acc/|train/inv/|train/rand/'
train/acc/inv 0.42 / train/inv/ce 1.77 / train/inv/confidence 0.18 / train/inv/confidence_gating 0 / train/inv/effective_rep_weight 0.03 / train/inv/head_objective 0.74 / train/inv/head_weight 0 / train/inv/objective 0.74 / train/inv/policy_weight_max 1 / train/inv/policy_weight_mean 1 / train/inv/policy_weight_min 1 / train/inv/policy_weight_std 0 / train/inv/valid_frac 1 / train/inv/weight 0.03 / train/loss/con 0.02 / train/loss/dyn 7.38 / train/loss/image 35.62 / train/loss/inv 0.02 / train/loss/policy 0.89 / train/loss/rep 7.38 / train/loss/repval 2.57 / train/loss/rew 0.5 / train/loss/value 1.96 / replay/replay_ratio 260 / fps/policy 15.01 / fps/train 3842.84

Writing metrics: /home/zhangpeiying01/lfy/btwm-7.7/runs/btwm_dmc_walker_walk_seed0_w025_b11/metrics.jsonl
Writing metrics: /home/zhangpeiying01/lfy/btwm-7.7/runs/btwm_dmc_walker_walk_seed0_w025_b11/scores.jsonl

--------------------[Agent Step 8_832]--------------------
Metrics filtered by: 'score|length|fps|ratio|train/loss/|train/acc/|train/inv/|train/rand/'
train/acc/inv 0.51 / train/inv/ce 1.54 / train/inv/confidence 0.23 / train/inv/confidence_gating 0 / train/inv/effective_rep_weight 0.03 / train/inv/head_objective 0.64 / train/inv/head_weight 0 / train/inv/objective 0.64 / train/inv/policy_weight_max 1 / train/inv/policy_weight_mean 1 / train/inv/policy_weight_min 1 / train/inv/policy_weight_std 0 / train/inv/valid_frac 1 / train/inv/weight 0.03 / train/loss/con 0.02 / train/loss/dyn 7.32 / train/loss/image 27.84 / train/loss/inv 0.02 / train/loss/policy 0.13 / train/loss/rep 7.32 / train/loss/repval 2.24 / train/loss/rew 0.51 / train/loss/value 1.83 / replay/replay_ratio 260 / fps/policy 14.85 / fps/train 3801.43

Writing metrics: /home/zhangpeiying01/lfy/btwm-7.7/runs/btwm_dmc_walker_walk_seed0_w025_b11/metrics.jsonl
Writing metrics: /home/zhangpeiying01/lfy/btwm-7.7/runs/btwm_dmc_walker_walk_seed0_w025_b11/scores.jsonl

--------------------[Agent Step 10_640]--------------------
Metrics filtered by: 'score|length|fps|ratio|train/loss/|train/acc/|train/inv/|train/rand/'
train/acc/inv 0.58 / train/inv/ce 1.37 / train/inv/confidence 0.27 / train/inv/confidence_gating 0 / train/inv/effective_rep_weight 0.03 / train/inv/head_objective 0.57 / train/inv/head_weight 0 / train/inv/objective 0.57 / train/inv/policy_weight_max 1 / train/inv/policy_weight_mean 1 / train/inv/policy_weight_min 1 / train/inv/policy_weight_std 0 / train/inv/valid_frac 1 / train/inv/weight 0.03 / train/loss/con 0.02 / train/loss/dyn 6.88 / train/loss/image 22.67 / train/loss/inv 0.01 / train/loss/policy -1.9e-3 / train/loss/rep 6.88 / train/loss/repval 1.99 / train/loss/rew 0.52 / train/loss/value 1.63 / replay/replay_ratio 260 / fps/policy 14.95 / fps/train 3827.42

Writing metrics: /home/zhangpeiying01/lfy/btwm-7.7/runs/btwm_dmc_walker_walk_seed0_w025_b11/scores.jsonl
Writing metrics: /home/zhangpeiying01/lfy/btwm-7.7/runs/btwm_dmc_walker_walk_seed0_w025_b11/metrics.jsonl

--------------------[Agent Step 12_448]--------------------
Metrics filtered by: 'score|length|fps|ratio|train/loss/|train/acc/|train/inv/|train/rand/'
train/acc/inv 0.62 / train/inv/ce 1.23 / train/inv/confidence 0.32 / train/inv/confidence_gating 0 / train/inv/effective_rep_weight 0.03 / train/inv/head_objective 0.51 / train/inv/head_weight 0 / train/inv/objective 0.51 / train/inv/policy_weight_max 1 / train/inv/policy_weight_mean 1 / train/inv/policy_weight_min 1 / train/inv/policy_weight_std 0 / train/inv/valid_frac 1 / train/inv/weight 0.03 / train/loss/con 0.02 / train/loss/dyn 6.53 / train/loss/image 18.84 / train/loss/inv 0.01 / train/loss/policy -0.06 / train/loss/rep 6.53 / train/loss/repval 1.62 / train/loss/rew 0.53 / train/loss/value 1.36 / replay/replay_ratio 260 / fps/policy 15.02 / fps/train 3845.47

Writing metrics: /home/zhangpeiying01/lfy/btwm-7.7/runs/btwm_dmc_walker_walk_seed0_w025_b11/metrics.jsonl
Writing metrics: /home/zhangpeiying01/lfy/btwm-7.7/runs/btwm_dmc_walker_walk_seed0_w025_b11/scores.jsonl

--------------------[Agent Step 14_256]--------------------
Metrics filtered by: 'score|length|fps|ratio|train/loss/|train/acc/|train/inv/|train/rand/'
train/acc/inv 0.65 / train/inv/ce 1.13 / train/inv/confidence 0.35 / train/inv/confidence_gating 0 / train/inv/effective_rep_weight 0.03 / train/inv/head_objective 0.47 / train/inv/head_weight 0 / train/inv/objective 0.47 / train/inv/policy_weight_max 1 / train/inv/policy_weight_mean 1 / train/inv/policy_weight_min 1 / train/inv/policy_weight_std 0 / train/inv/valid_frac 1 / train/inv/weight 0.03 / train/loss/con 0.02 / train/loss/dyn 6.04 / train/loss/image 15.8 / train/loss/inv 0.01 / train/loss/policy -1.3e-3 / train/loss/rep 6.04 / train/loss/repval 1.47 / train/loss/rew 0.52 / train/loss/value 1.25 / replay/replay_ratio 260 / fps/policy 15.05 / fps/train 3851.67

Writing metrics: /home/zhangpeiying01/lfy/btwm-7.7/runs/btwm_dmc_walker_walk_seed0_w025_b11/scores.jsonl
Writing metrics: /home/zhangpeiying01/lfy/btwm-7.7/runs/btwm_dmc_walker_walk_seed0_w025_b11/metrics.jsonl

--------------------[Agent Step 16_064]--------------------
Metrics filtered by: 'score|length|fps|ratio|train/loss/|train/acc/|train/inv/|train/rand/'
episode/score 216 / episode/length 1001 / train/acc/inv 0.67 / train/inv/ce 1.07 / train/inv/confidence 0.38 / train/inv/confidence_gating 0 / train/inv/effective_rep_weight 0.03 / train/inv/head_objective 0.45 / train/inv/head_weight 0 / train/inv/objective 0.45 / train/inv/policy_weight_max 1 / train/inv/policy_weight_mean 1 / train/inv/policy_weight_min 1 / train/inv/policy_weight_std 0 / train/inv/valid_frac 1 / train/inv/weight 0.03 / train/loss/con 0.02 / train/loss/dyn 5.75 / train/loss/image 13.84 / train/loss/inv 0.01 / train/loss/policy -0.02 / train/loss/rep 5.75 / train/loss/repval 1.37 / train/loss/rew 0.52 / train/loss/value 1.22 / replay/replay_ratio 260 / fps/policy 15.04 / fps/train 3849.87

Writing metrics: /home/zhangpeiying01/lfy/btwm-7.7/runs/btwm_dmc_walker_walk_seed0_w025_b11/scores.jsonl
Writing metrics: /home/zhangpeiying01/lfy/btwm-7.7/runs/btwm_dmc_walker_walk_seed0_w025_b11/metrics.jsonl

--------------------[Agent Step 17_872]--------------------
Metrics filtered by: 'score|length|fps|ratio|train/loss/|train/acc/|train/inv/|train/rand/'
train/acc/inv 0.67 / train/inv/ce 1.05 / train/inv/confidence 0.39 / train/inv/confidence_gating 0 / train/inv/effective_rep_weight 0.03 / train/inv/head_objective 0.44 / train/inv/head_weight 0 / train/inv/objective 0.44 / train/inv/policy_weight_max 1 / train/inv/policy_weight_mean 1 / train/inv/policy_weight_min 1 / train/inv/policy_weight_std 0 / train/inv/valid_frac 1 / train/inv/weight 0.03 / train/loss/con 0.02 / train/loss/dyn 5.67 / train/loss/image 13.37 / train/loss/inv 0.01 / train/loss/policy -0.02 / train/loss/rep 5.67 / train/loss/repval 1.25 / train/loss/rew 0.52 / train/loss/value 1.12 / replay/replay_ratio 260 / fps/policy 15.05 / fps/train 3852.44

Writing metrics: /home/zhangpeiying01/lfy/btwm-7.7/runs/btwm_dmc_walker_walk_seed0_w025_b11/metrics.jsonl
Writing metrics: /home/zhangpeiying01/lfy/btwm-7.7/runs/btwm_dmc_walker_walk_seed0_w025_b11/scores.jsonl

--------------------[Agent Step 19_680]--------------------
Metrics filtered by: 'score|length|fps|ratio|train/loss/|train/acc/|train/inv/|train/rand/'
train/acc/inv 0.67 / train/inv/ce 1.02 / train/inv/confidence 0.4 / train/inv/confidence_gating 0 / train/inv/effective_rep_weight 0.03 / train/inv/head_objective 0.43 / train/inv/head_weight 0 / train/inv/objective 0.43 / train/inv/policy_weight_max 1 / train/inv/policy_weight_mean 1 / train/inv/policy_weight_min 1 / train/inv/policy_weight_std 0 / train/inv/valid_frac 1 / train/inv/weight 0.03 / train/loss/con 0.02 / train/loss/dyn 5.45 / train/loss/image 12.18 / train/loss/inv 0.01 / train/loss/policy -2.2e-3 / train/loss/rep 5.45 / train/loss/repval 1.15 / train/loss/rew 0.52 / train/loss/value 1.03 / replay/replay_ratio 260 / fps/policy 15.03 / fps/train 3847.97

Writing metrics: /home/zhangpeiying01/lfy/btwm-7.7/runs/btwm_dmc_walker_walk_seed0_w025_b11/scores.jsonl
Writing metrics: /home/zhangpeiying01/lfy/btwm-7.7/runs/btwm_dmc_walker_walk_seed0_w025_b11/metrics.jsonl

--------------------[Agent Step 21_488]--------------------
Metrics filtered by: 'score|length|fps|ratio|train/loss/|train/acc/|train/inv/|train/rand/'
train/acc/inv 0.67 / train/inv/ce 1.01 / train/inv/confidence 0.41 / train/inv/confidence_gating 0 / train/inv/effective_rep_weight 0.03 / train/inv/head_objective 0.42 / train/inv/head_weight 0 / train/inv/objective 0.42 / train/inv/policy_weight_max 1 / train/inv/policy_weight_mean 1 / train/inv/policy_weight_min 1 / train/inv/policy_weight_std 0 / train/inv/valid_frac 1 / train/inv/weight 0.03 / train/loss/con 0.02 / train/loss/dyn 5.23 / train/loss/image 11.03 / train/loss/inv 0.01 / train/loss/policy -0.02 / train/loss/rep 5.23 / train/loss/repval 1.16 / train/loss/rew 0.52 / train/loss/value 1.09 / replay/replay_ratio 260 / fps/policy 15.04 / fps/train 3850.46

Writing metrics: /home/zhangpeiying01/lfy/btwm-7.7/runs/btwm_dmc_walker_walk_seed0_w025_b11/metrics.jsonl
Writing metrics: /home/zhangpeiying01/lfy/btwm-7.7/runs/btwm_dmc_walker_walk_seed0_w025_b11/scores.jsonl

--------------------[Agent Step 23_296]--------------------
Metrics filtered by: 'score|length|fps|ratio|train/loss/|train/acc/|train/inv/|train/rand/'
train/acc/inv 0.68 / train/inv/ce 0.99 / train/inv/confidence 0.41 / train/inv/confidence_gating 0 / train/inv/effective_rep_weight 0.03 / train/inv/head_objective 0.41 / train/inv/head_weight 0 / train/inv/objective 0.41 / train/inv/policy_weight_max 1 / train/inv/policy_weight_mean 1 / train/inv/policy_weight_min 1 / train/inv/policy_weight_std 0 / train/inv/valid_frac 1 / train/inv/weight 0.03 / train/loss/con 0.02 / train/loss/dyn 5.03 / train/loss/image 10.26 / train/loss/inv 0.01 / train/loss/policy -0.05 / train/loss/rep 5.03 / train/loss/repval 1.07 / train/loss/rew 0.52 / train/loss/value 1.01 / replay/replay_ratio 260 / fps/policy 15.06 / fps/train 3854.1

Writing metrics: /home/zhangpeiying01/lfy/btwm-7.7/runs/btwm_dmc_walker_walk_seed0_w025_b11/scores.jsonl
Writing metrics: /home/zhangpeiying01/lfy/btwm-7.7/runs/btwm_dmc_walker_walk_seed0_w025_b11/metrics.jsonl

--------------------[Agent Step 25_104]--------------------
Metrics filtered by: 'score|length|fps|ratio|train/loss/|train/acc/|train/inv/|train/rand/'
train/acc/inv 0.68 / train/inv/ce 0.97 / train/inv/confidence 0.42 / train/inv/confidence_gating 0 / train/inv/effective_rep_weight 0.03 / train/inv/head_objective 0.41 / train/inv/head_weight 0 / train/inv/objective 0.41 / train/inv/policy_weight_max 1 / train/inv/policy_weight_mean 1 / train/inv/policy_weight_min 1 / train/inv/policy_weight_std 0 / train/inv/valid_frac 1 / train/inv/weight 0.03 / train/loss/con 0.02 / train/loss/dyn 4.86 / train/loss/image 9.58 / train/loss/inv 0.01 / train/loss/policy -0.06 / train/loss/rep 4.86 / train/loss/repval 1.13 / train/loss/rew 0.52 / train/loss/value 1.03 / replay/replay_ratio 260 / fps/policy 15.01 / fps/train 3842.54

Writing metrics: /home/zhangpeiying01/lfy/btwm-7.7/runs/btwm_dmc_walker_walk_seed0_w025_b11/metrics.jsonl
Writing metrics: /home/zhangpeiying01/lfy/btwm-7.7/runs/btwm_dmc_walker_walk_seed0_w025_b11/scores.jsonl

--------------------[Agent Step 26_912]--------------------
Metrics filtered by: 'score|length|fps|ratio|train/loss/|train/acc/|train/inv/|train/rand/'
train/acc/inv 0.68 / train/inv/ce 0.98 / train/inv/confidence 0.42 / train/inv/confidence_gating 0 / train/inv/effective_rep_weight 0.03 / train/inv/head_objective 0.41 / train/inv/head_weight 0 / train/inv/objective 0.41 / train/inv/policy_weight_max 1 / train/inv/policy_weight_mean 1 / train/inv/policy_weight_min 1 / train/inv/policy_weight_std 0 / train/inv/valid_frac 1 / train/inv/weight 0.03 / train/loss/con 0.02 / train/loss/dyn 4.74 / train/loss/image 9.07 / train/loss/inv 0.01 / train/loss/policy -0.05 / train/loss/rep 4.74 / train/loss/repval 0.98 / train/loss/rew 0.52 / train/loss/value 0.93 / replay/replay_ratio 260 / fps/policy 15.02 / fps/train 3845.35

Writing metrics: /home/zhangpeiying01/lfy/btwm-7.7/runs/btwm_dmc_walker_walk_seed0_w025_b11/metrics.jsonl
Writing metrics: /home/zhangpeiying01/lfy/btwm-7.7/runs/btwm_dmc_walker_walk_seed0_w025_b11/scores.jsonl

--------------------[Agent Step 28_720]--------------------
Metrics filtered by: 'score|length|fps|ratio|train/loss/|train/acc/|train/inv/|train/rand/'
train/acc/inv 0.67 / train/inv/ce 0.99 / train/inv/confidence 0.42 / train/inv/confidence_gating 0 / train/inv/effective_rep_weight 0.03 / train/inv/head_objective 0.41 / train/inv/head_weight 0 / train/inv/objective 0.41 / train/inv/policy_weight_max 1 / train/inv/policy_weight_mean 1 / train/inv/policy_weight_min 1 / train/inv/policy_weight_std 0 / train/inv/valid_frac 1 / train/inv/weight 0.03 / train/loss/con 0.02 / train/loss/dyn 4.67 / train/loss/image 8.61 / train/loss/inv 0.01 / train/loss/policy -0.06 / train/loss/rep 4.67 / train/loss/repval 1.19 / train/loss/rew 0.52 / train/loss/value 1.13 / replay/replay_ratio 260 / fps/policy 15.02 / fps/train 3845.18

Writing metrics: /home/zhangpeiying01/lfy/btwm-7.7/runs/btwm_dmc_walker_walk_seed0_w025_b11/scores.jsonl
Writing metrics: /home/zhangpeiying01/lfy/btwm-7.7/runs/btwm_dmc_walker_walk_seed0_w025_b11/metrics.jsonl

--------------------[Agent Step 30_528]--------------------
Metrics filtered by: 'score|length|fps|ratio|train/loss/|train/acc/|train/inv/|train/rand/'
train/acc/inv 0.67 / train/inv/ce 0.99 / train/inv/confidence 0.42 / train/inv/confidence_gating 0 / train/inv/effective_rep_weight 0.03 / train/inv/head_objective 0.41 / train/inv/head_weight 0 / train/inv/objective 0.41 / train/inv/policy_weight_max 1 / train/inv/policy_weight_mean 1 / train/inv/policy_weight_min 1 / train/inv/policy_weight_std 0 / train/inv/valid_frac 1 / train/inv/weight 0.03 / train/loss/con 0.02 / train/loss/dyn 4.64 / train/loss/image 8.34 / train/loss/inv 0.01 / train/loss/policy -0.04 / train/loss/rep 4.64 / train/loss/repval 0.93 / train/loss/rew 0.52 / train/loss/value 0.84 / replay/replay_ratio 260 / fps/policy 15 / fps/train 3839.77

Writing metrics: /home/zhangpeiying01/lfy/btwm-7.7/runs/btwm_dmc_walker_walk_seed0_w025_b11/metrics.jsonl
Writing metrics: /home/zhangpeiying01/lfy/btwm-7.7/runs/btwm_dmc_walker_walk_seed0_w025_b11/scores.jsonl

--------------------[Agent Step 32_352]--------------------
Metrics filtered by: 'score|length|fps|ratio|train/loss/|train/acc/|train/inv/|train/rand/'
episode/score 485.14 / episode/length 1001 / train/acc/inv 0.66 / train/inv/ce 0.99 / train/inv/confidence 0.42 / train/inv/confidence_gating 0 / train/inv/effective_rep_weight 0.03 / train/inv/head_objective 0.41 / train/inv/head_weight 0 / train/inv/objective 0.41 / train/inv/policy_weight_max 1 / train/inv/policy_weight_mean 1 / train/inv/policy_weight_min 1 / train/inv/policy_weight_std 0 / train/inv/valid_frac 1 / train/inv/weight 0.03 / train/loss/con 0.02 / train/loss/dyn 4.58 / train/loss/image 8.11 / train/loss/inv 0.01 / train/loss/policy -0.04 / train/loss/rep 4.58 / train/loss/repval 1.01 / train/loss/rew 0.52 / train/loss/value 1 / replay/replay_ratio 260 / fps/policy 15.1 / fps/train 3864.69

Writing metrics: /home/zhangpeiying01/lfy/btwm-7.7/runs/btwm_dmc_walker_walk_seed0_w025_b11/metrics.jsonl
Writing metrics: /home/zhangpeiying01/lfy/btwm-7.7/runs/btwm_dmc_walker_walk_seed0_w025_b11/scores.jsonl

--------------------[Agent Step 34_160]--------------------
Metrics filtered by: 'score|length|fps|ratio|train/loss/|train/acc/|train/inv/|train/rand/'
train/acc/inv 0.66 / train/inv/ce 1.01 / train/inv/confidence 0.42 / train/inv/confidence_gating 0 / train/inv/effective_rep_weight 0.03 / train/inv/head_objective 0.42 / train/inv/head_weight 0 / train/inv/objective 0.42 / train/inv/policy_weight_max 1 / train/inv/policy_weight_mean 1 / train/inv/policy_weight_min 1 / train/inv/policy_weight_std 0 / train/inv/valid_frac 1 / train/inv/weight 0.03 / train/loss/con 0.02 / train/loss/dyn 4.54 / train/loss/image 8.15 / train/loss/inv 0.01 / train/loss/policy -0.02 / train/loss/rep 4.54 / train/loss/repval 1.2 / train/loss/rew 0.52 / train/loss/value 1.17 / replay/replay_ratio 260 / fps/policy 15.06 / fps/train 3855.25

Writing metrics: /home/zhangpeiying01/lfy/btwm-7.7/runs/btwm_dmc_walker_walk_seed0_w025_b11/metrics.jsonl
Writing metrics: /home/zhangpeiying01/lfy/btwm-7.7/runs/btwm_dmc_walker_walk_seed0_w025_b11/scores.jsonl

--------------------[Agent Step 35_984]--------------------
Metrics filtered by: 'score|length|fps|ratio|train/loss/|train/acc/|train/inv/|train/rand/'
train/acc/inv 0.66 / train/inv/ce 1.01 / train/inv/confidence 0.42 / train/inv/confidence_gating 0 / train/inv/effective_rep_weight 0.03 / train/inv/head_objective 0.42 / train/inv/head_weight 0 / train/inv/objective 0.42 / train/inv/policy_weight_max 1 / train/inv/policy_weight_mean 1 / train/inv/policy_weight_min 1 / train/inv/policy_weight_std 0 / train/inv/valid_frac 1 / train/inv/weight 0.03 / train/loss/con 0.02 / train/loss/dyn 4.36 / train/loss/image 7.73 / train/loss/inv 0.01 / train/loss/policy -0.03 / train/loss/rep 4.36 / train/loss/repval 1.06 / train/loss/rew 0.52 / train/loss/value 0.96 / replay/replay_ratio 260 / fps/policy 15.1 / fps/train 3864.81

Writing metrics: /home/zhangpeiying01/lfy/btwm-7.7/runs/btwm_dmc_walker_walk_seed0_w025_b11/scores.jsonl
Writing metrics: /home/zhangpeiying01/lfy/btwm-7.7/runs/btwm_dmc_walker_walk_seed0_w025_b11/metrics.jsonl

--------------------[Agent Step 37_792]--------------------
Metrics filtered by: 'score|length|fps|ratio|train/loss/|train/acc/|train/inv/|train/rand/'
train/acc/inv 0.65 / train/inv/ce 1.02 / train/inv/confidence 0.42 / train/inv/confidence_gating 0 / train/inv/effective_rep_weight 0.03 / train/inv/head_objective 0.43 / train/inv/head_weight 0 / train/inv/objective 0.43 / train/inv/policy_weight_max 1 / train/inv/policy_weight_mean 1 / train/inv/policy_weight_min 1 / train/inv/policy_weight_std 0 / train/inv/valid_frac 1 / train/inv/weight 0.03 / train/loss/con 0.02 / train/loss/dyn 4.34 / train/loss/image 7.44 / train/loss/inv 0.01 / train/loss/policy -0.03 / train/loss/rep 4.34 / train/loss/repval 0.83 / train/loss/rew 0.52 / train/loss/value 0.72 / replay/replay_ratio 260 / fps/policy 15.06 / fps/train 3854.68

Writing metrics: /home/zhangpeiying01/lfy/btwm-7.7/runs/btwm_dmc_walker_walk_seed0_w025_b11/metrics.jsonl
Writing metrics: /home/zhangpeiying01/lfy/btwm-7.7/runs/btwm_dmc_walker_walk_seed0_w025_b11/scores.jsonl

--------------------[Agent Step 39_616]--------------------
Metrics filtered by: 'score|length|fps|ratio|train/loss/|train/acc/|train/inv/|train/rand/'
train/acc/inv 0.65 / train/inv/ce 1.03 / train/inv/confidence 0.41 / train/inv/confidence_gating 0 / train/inv/effective_rep_weight 0.03 / train/inv/head_objective 0.43 / train/inv/head_weight 0 / train/inv/objective 0.43 / train/inv/policy_weight_max 1 / train/inv/policy_weight_mean 1 / train/inv/policy_weight_min 1 / train/inv/policy_weight_std 0 / train/inv/valid_frac 1 / train/inv/weight 0.03 / train/loss/con 0.02 / train/loss/dyn 4.28 / train/loss/image 7.21 / train/loss/inv 0.01 / train/loss/policy -0.03 / train/loss/rep 4.28 / train/loss/repval 0.96 / train/loss/rew 0.52 / train/loss/value 0.95 / replay/replay_ratio 260 / fps/policy 15.06 / fps/train 3854.81

Writing metrics: /home/zhangpeiying01/lfy/btwm-7.7/runs/btwm_dmc_walker_walk_seed0_w025_b11/metrics.jsonl
Writing metrics: /home/zhangpeiying01/lfy/btwm-7.7/runs/btwm_dmc_walker_walk_seed0_w025_b11/scores.jsonl

--------------------[Agent Step 41_424]--------------------
Metrics filtered by: 'score|length|fps|ratio|train/loss/|train/acc/|train/inv/|train/rand/'
train/acc/inv 0.65 / train/inv/ce 1.02 / train/inv/confidence 0.42 / train/inv/confidence_gating 0 / train/inv/effective_rep_weight 0.03 / train/inv/head_objective 0.42 / train/inv/head_weight 0 / train/inv/objective 0.42 / train/inv/policy_weight_max 1 / train/inv/policy_weight_mean 1 / train/inv/policy_weight_min 1 / train/inv/policy_weight_std 0 / train/inv/valid_frac 1 / train/inv/weight 0.03 / train/loss/con 0.02 / train/loss/dyn 4.21 / train/loss/image 7.04 / train/loss/inv 0.01 / train/loss/policy -0.03 / train/loss/rep 4.21 / train/loss/repval 1.15 / train/loss/rew 0.52 / train/loss/value 1.16 / replay/replay_ratio 260 / fps/policy 15.08 / fps/train 3860.24

Writing metrics: /home/zhangpeiying01/lfy/btwm-7.7/runs/btwm_dmc_walker_walk_seed0_w025_b11/metrics.jsonl
Writing metrics: /home/zhangpeiying01/lfy/btwm-7.7/runs/btwm_dmc_walker_walk_seed0_w025_b11/scores.jsonl

--------------------[Agent Step 43_248]--------------------
Metrics filtered by: 'score|length|fps|ratio|train/loss/|train/acc/|train/inv/|train/rand/'
train/acc/inv 0.65 / train/inv/ce 1.03 / train/inv/confidence 0.42 / train/inv/confidence_gating 0 / train/inv/effective_rep_weight 0.03 / train/inv/head_objective 0.43 / train/inv/head_weight 0 / train/inv/objective 0.43 / train/inv/policy_weight_max 1 / train/inv/policy_weight_mean 1 / train/inv/policy_weight_min 1 / train/inv/policy_weight_std 0 / train/inv/valid_frac 1 / train/inv/weight 0.03 / train/loss/con 0.02 / train/loss/dyn 4.15 / train/loss/image 6.84 / train/loss/inv 0.01 / train/loss/policy -0.03 / train/loss/rep 4.15 / train/loss/repval 1.22 / train/loss/rew 0.52 / train/loss/value 1.2 / replay/replay_ratio 260 / fps/policy 15.06 / fps/train 3856.32

Writing metrics: /home/zhangpeiying01/lfy/btwm-7.7/runs/btwm_dmc_walker_walk_seed0_w025_b11/metrics.jsonl
Writing metrics: /home/zhangpeiying01/lfy/btwm-7.7/runs/btwm_dmc_walker_walk_seed0_w025_b11/scores.jsonl

--------------------[Agent Step 45_072]--------------------
Metrics filtered by: 'score|length|fps|ratio|train/loss/|train/acc/|train/inv/|train/rand/'
train/acc/inv 0.64 / train/inv/ce 1.04 / train/inv/confidence 0.41 / train/inv/confidence_gating 0 / train/inv/effective_rep_weight 0.03 / train/inv/head_objective 0.43 / train/inv/head_weight 0 / train/inv/objective 0.43 / train/inv/policy_weight_max 1 / train/inv/policy_weight_mean 1 / train/inv/policy_weight_min 1 / train/inv/policy_weight_std 0 / train/inv/valid_frac 1 / train/inv/weight 0.03 / train/loss/con 0.02 / train/loss/dyn 4.07 / train/loss/image 6.58 / train/loss/inv 0.01 / train/loss/policy -0.03 / train/loss/rep 4.07 / train/loss/repval 1.17 / train/loss/rew 0.52 / train/loss/value 1.13 / replay/replay_ratio 260 / fps/policy 15.1 / fps/train 3865.2

Writing metrics: /home/zhangpeiying01/lfy/btwm-7.7/runs/btwm_dmc_walker_walk_seed0_w025_b11/metrics.jsonl
Writing metrics: /home/zhangpeiying01/lfy/btwm-7.7/runs/btwm_dmc_walker_walk_seed0_w025_b11/scores.jsonl

--------------------[Agent Step 46_896]--------------------
Metrics filtered by: 'score|length|fps|ratio|train/loss/|train/acc/|train/inv/|train/rand/'
train/acc/inv 0.64 / train/inv/ce 1.04 / train/inv/confidence 0.41 / train/inv/confidence_gating 0 / train/inv/effective_rep_weight 0.03 / train/inv/head_objective 0.43 / train/inv/head_weight 0 / train/inv/objective 0.43 / train/inv/policy_weight_max 1 / train/inv/policy_weight_mean 1 / train/inv/policy_weight_min 1 / train/inv/policy_weight_std 0 / train/inv/valid_frac 1 / train/inv/weight 0.03 / train/loss/con 0.02 / train/loss/dyn 3.99 / train/loss/image 6.41 / train/loss/inv 0.01 / train/loss/policy -0.02 / train/loss/rep 3.99 / train/loss/repval 0.98 / train/loss/rew 0.53 / train/loss/value 0.92 / replay/replay_ratio 260 / fps/policy 15.06 / fps/train 3856.26

Writing metrics: /home/zhangpeiying01/lfy/btwm-7.7/runs/btwm_dmc_walker_walk_seed0_w025_b11/metrics.jsonl
Writing metrics: /home/zhangpeiying01/lfy/btwm-7.7/runs/btwm_dmc_walker_walk_seed0_w025_b11/scores.jsonl

--------------------[Agent Step 48_720]--------------------
Metrics filtered by: 'score|length|fps|ratio|train/loss/|train/acc/|train/inv/|train/rand/'
episode/score 612.01 / episode/length 1001 / train/acc/inv 0.64 / train/inv/ce 1.05 / train/inv/confidence 0.41 / train/inv/confidence_gating 0 / train/inv/effective_rep_weight 0.03 / train/inv/head_objective 0.44 / train/inv/head_weight 0 / train/inv/objective 0.44 / train/inv/policy_weight_max 1 / train/inv/policy_weight_mean 1 / train/inv/policy_weight_min 1 / train/inv/policy_weight_std 0 / train/inv/valid_frac 1 / train/inv/weight 0.03 / train/loss/con 0.02 / train/loss/dyn 3.98 / train/loss/image 6.3 / train/loss/inv 0.01 / train/loss/policy -0.03 / train/loss/rep 3.98 / train/loss/repval 0.83 / train/loss/rew 0.53 / train/loss/value 0.7 / replay/replay_ratio 260 / fps/policy 15.1 / fps/train 3865.17

Writing metrics: /home/zhangpeiying01/lfy/btwm-7.7/runs/btwm_dmc_walker_walk_seed0_w025_b11/metrics.jsonl
Writing metrics: /home/zhangpeiying01/lfy/btwm-7.7/runs/btwm_dmc_walker_walk_seed0_w025_b11/scores.jsonl

--------------------[Agent Step 50_544]--------------------
Metrics filtered by: 'score|length|fps|ratio|train/loss/|train/acc/|train/inv/|train/rand/'
train/acc/inv 0.63 / train/inv/ce 1.07 / train/inv/confidence 0.4 / train/inv/confidence_gating 0 / train/inv/effective_rep_weight 0.03 / train/inv/head_objective 0.45 / train/inv/head_weight 0 / train/inv/objective 0.45 / train/inv/policy_weight_max 1 / train/inv/policy_weight_mean 1 / train/inv/policy_weight_min 1 / train/inv/policy_weight_std 0 / train/inv/valid_frac 1 / train/inv/weight 0.03 / train/loss/con 0.02 / train/loss/dyn 3.99 / train/loss/image 6.5 / train/loss/inv 0.01 / train/loss/policy -0.02 / train/loss/rep 3.99 / train/loss/repval 0.77 / train/loss/rew 0.53 / train/loss/value 0.63 / replay/replay_ratio 260 / fps/policy 15.09 / fps/train 3862.61

Writing metrics: /home/zhangpeiying01/lfy/btwm-7.7/runs/btwm_dmc_walker_walk_seed0_w025_b11/scores.jsonl
Writing metrics: /home/zhangpeiying01/lfy/btwm-7.7/runs/btwm_dmc_walker_walk_seed0_w025_b11/metrics.jsonl

--------------------[Agent Step 52_368]--------------------
Metrics filtered by: 'score|length|fps|ratio|train/loss/|train/acc/|train/inv/|train/rand/'
train/acc/inv 0.62 / train/inv/ce 1.09 / train/inv/confidence 0.39 / train/inv/confidence_gating 0 / train/inv/effective_rep_weight 0.03 / train/inv/head_objective 0.46 / train/inv/head_weight 0 / train/inv/objective 0.46 / train/inv/policy_weight_max 1 / train/inv/policy_weight_mean 1 / train/inv/policy_weight_min 1 / train/inv/policy_weight_std 0 / train/inv/valid_frac 1 / train/inv/weight 0.03 / train/loss/con 0.02 / train/loss/dyn 3.93 / train/loss/image 6.31 / train/loss/inv 0.01 / train/loss/policy -0.02 / train/loss/rep 3.93 / train/loss/repval 0.8 / train/loss/rew 0.53 / train/loss/value 0.77 / replay/replay_ratio 260 / fps/policy 15.09 / fps/train 3862.1

Writing metrics: /home/zhangpeiying01/lfy/btwm-7.7/runs/btwm_dmc_walker_walk_seed0_w025_b11/metrics.jsonl
Writing metrics: /home/zhangpeiying01/lfy/btwm-7.7/runs/btwm_dmc_walker_walk_seed0_w025_b11/scores.jsonl

--------------------[Agent Step 54_192]--------------------
Metrics filtered by: 'score|length|fps|ratio|train/loss/|train/acc/|train/inv/|train/rand/'
train/acc/inv 0.62 / train/inv/ce 1.09 / train/inv/confidence 0.4 / train/inv/confidence_gating 0 / train/inv/effective_rep_weight 0.03 / train/inv/head_objective 0.45 / train/inv/head_weight 0 / train/inv/objective 0.45 / train/inv/policy_weight_max 1 / train/inv/policy_weight_mean 1 / train/inv/policy_weight_min 1 / train/inv/policy_weight_std 0 / train/inv/valid_frac 1 / train/inv/weight 0.03 / train/loss/con 0.02 / train/loss/dyn 3.82 / train/loss/image 6.08 / train/loss/inv 0.01 / train/loss/policy -0.02 / train/loss/rep 3.82 / train/loss/repval 0.91 / train/loss/rew 0.53 / train/loss/value 0.96 / replay/replay_ratio 260 / fps/policy 15.09 / fps/train 3864.24

Writing metrics: /home/zhangpeiying01/lfy/btwm-7.7/runs/btwm_dmc_walker_walk_seed0_w025_b11/metrics.jsonl
Writing metrics: /home/zhangpeiying01/lfy/btwm-7.7/runs/btwm_dmc_walker_walk_seed0_w025_b11/scores.jsonl
Saving checkpoint: /home/zhangpeiying01/lfy/btwm-7.7/runs/btwm_dmc_walker_walk_seed0_w025_b11/ckpt/20260712T184909F419745
Saved checkpoint.

--------------------[Agent Step 55_952]--------------------
Metrics filtered by: 'score|length|fps|ratio|train/loss/|train/acc/|train/inv/|train/rand/'
train/acc/inv 0.62 / train/inv/ce 1.1 / train/inv/confidence 0.39 / train/inv/confidence_gating 0 / train/inv/effective_rep_weight 0.03 / train/inv/head_objective 0.46 / train/inv/head_weight 0 / train/inv/objective 0.46 / train/inv/policy_weight_max 1 / train/inv/policy_weight_mean 1 / train/inv/policy_weight_min 1 / train/inv/policy_weight_std 0 / train/inv/valid_frac 1 / train/inv/weight 0.03 / train/loss/con 0.02 / train/loss/dyn 3.76 / train/loss/image 5.91 / train/loss/inv 0.01 / train/loss/policy -0.02 / train/loss/rep 3.76 / train/loss/repval 1.05 / train/loss/rew 0.53 / train/loss/value 1.1 / replay/replay_ratio 260 / fps/policy 14.57 / fps/train 3730.35

Writing metrics: /home/zhangpeiying01/lfy/btwm-7.7/runs/btwm_dmc_walker_walk_seed0_w025_b11/metrics.jsonl
Writing metrics: /home/zhangpeiying01/lfy/btwm-7.7/runs/btwm_dmc_walker_walk_seed0_w025_b11/scores.jsonl

--------------------[Agent Step 57_776]--------------------
Metrics filtered by: 'score|length|fps|ratio|train/loss/|train/acc/|train/inv/|train/rand/'
train/acc/inv 0.61 / train/inv/ce 1.12 / train/inv/confidence 0.39 / train/inv/confidence_gating 0 / train/inv/effective_rep_weight 0.03 / train/inv/head_objective 0.47 / train/inv/head_weight 0 / train/inv/objective 0.47 / train/inv/policy_weight_max 1 / train/inv/policy_weight_mean 1 / train/inv/policy_weight_min 1 / train/inv/policy_weight_std 0 / train/inv/valid_frac 1 / train/inv/weight 0.03 / train/loss/con 0.02 / train/loss/dyn 3.74 / train/loss/image 5.89 / train/loss/inv 0.01 / train/loss/policy -0.02 / train/loss/rep 3.74 / train/loss/repval 1.14 / train/loss/rew 0.53 / train/loss/value 1.19 / replay/replay_ratio 260 / fps/policy 15.07 / fps/train 3858.14

Writing metrics: /home/zhangpeiying01/lfy/btwm-7.7/runs/btwm_dmc_walker_walk_seed0_w025_b11/scores.jsonl
Writing metrics: /home/zhangpeiying01/lfy/btwm-7.7/runs/btwm_dmc_walker_walk_seed0_w025_b11/metrics.jsonl

--------------------[Agent Step 59_600]--------------------
Metrics filtered by: 'score|length|fps|ratio|train/loss/|train/acc/|train/inv/|train/rand/'
train/acc/inv 0.61 / train/inv/ce 1.12 / train/inv/confidence 0.39 / train/inv/confidence_gating 0 / train/inv/effective_rep_weight 0.03 / train/inv/head_objective 0.47 / train/inv/head_weight 0 / train/inv/objective 0.47 / train/inv/policy_weight_max 1 / train/inv/policy_weight_mean 1 / train/inv/policy_weight_min 1 / train/inv/policy_weight_std 0 / train/inv/valid_frac 1 / train/inv/weight 0.03 / train/loss/con 0.02 / train/loss/dyn 3.68 / train/loss/image 5.68 / train/loss/inv 0.01 / train/loss/policy -0.02 / train/loss/rep 3.68 / train/loss/repval 1.2 / train/loss/rew 0.53 / train/loss/value 1.22 / replay/replay_ratio 260 / fps/policy 15.1 / fps/train 3864.69

Writing metrics: /home/zhangpeiying01/lfy/btwm-7.7/runs/btwm_dmc_walker_walk_seed0_w025_b11/scores.jsonl
Writing metrics: /home/zhangpeiying01/lfy/btwm-7.7/runs/btwm_dmc_walker_walk_seed0_w025_b11/metrics.jsonl

--------------------[Agent Step 61_424]--------------------
Metrics filtered by: 'score|length|fps|ratio|train/loss/|train/acc/|train/inv/|train/rand/'
train/acc/inv 0.61 / train/inv/ce 1.13 / train/inv/confidence 0.38 / train/inv/confidence_gating 0 / train/inv/effective_rep_weight 0.03 / train/inv/head_objective 0.47 / train/inv/head_weight 0 / train/inv/objective 0.47 / train/inv/policy_weight_max 1 / train/inv/policy_weight_mean 1 / train/inv/policy_weight_min 1 / train/inv/policy_weight_std 0 / train/inv/valid_frac 1 / train/inv/weight 0.03 / train/loss/con 0.02 / train/loss/dyn 3.65 / train/loss/image 5.6 / train/loss/inv 0.01 / train/loss/policy -0.02 / train/loss/rep 3.65 / train/loss/repval 1.24 / train/loss/rew 0.53 / train/loss/value 1.25 / replay/replay_ratio 260 / fps/policy 15.09 / fps/train 3864.28

Writing metrics: /home/zhangpeiying01/lfy/btwm-7.7/runs/btwm_dmc_walker_walk_seed0_w025_b11/metrics.jsonl
Writing metrics: /home/zhangpeiying01/lfy/btwm-7.7/runs/btwm_dmc_walker_walk_seed0_w025_b11/scores.jsonl

--------------------[Agent Step 63_248]--------------------
Metrics filtered by: 'score|length|fps|ratio|train/loss/|train/acc/|train/inv/|train/rand/'
train/acc/inv 0.6 / train/inv/ce 1.14 / train/inv/confidence 0.38 / train/inv/confidence_gating 0 / train/inv/effective_rep_weight 0.03 / train/inv/head_objective 0.48 / train/inv/head_weight 0 / train/inv/objective 0.48 / train/inv/policy_weight_max 1 / train/inv/policy_weight_mean 1 / train/inv/policy_weight_min 1 / train/inv/policy_weight_std 0 / train/inv/valid_frac 1 / train/inv/weight 0.03 / train/loss/con 0.02 / train/loss/dyn 3.62 / train/loss/image 5.45 / train/loss/inv 0.01 / train/loss/policy -0.03 / train/loss/rep 3.62 / train/loss/repval 1.25 / train/loss/rew 0.53 / train/loss/value 1.25 / replay/replay_ratio 260 / fps/policy 15.11 / fps/train 3867.54

Writing metrics: /home/zhangpeiying01/lfy/btwm-7.7/runs/btwm_dmc_walker_walk_seed0_w025_b11/metrics.jsonl
Writing metrics: /home/zhangpeiying01/lfy/btwm-7.7/runs/btwm_dmc_walker_walk_seed0_w025_b11/scores.jsonl

--------------------[Agent Step 65_072]--------------------
Metrics filtered by: 'score|length|fps|ratio|train/loss/|train/acc/|train/inv/|train/rand/'
episode/score 670.2 / episode/length 1001 / train/acc/inv 0.6 / train/inv/ce 1.16 / train/inv/confidence 0.37 / train/inv/confidence_gating 0 / train/inv/effective_rep_weight 0.03 / train/inv/head_objective 0.48 / train/inv/head_weight 0 / train/inv/objective 0.48 / train/inv/policy_weight_max 1 / train/inv/policy_weight_mean 1 / train/inv/policy_weight_min 1 / train/inv/policy_weight_std 0 / train/inv/valid_frac 1 / train/inv/weight 0.03 / train/loss/con 0.02 / train/loss/dyn 3.63 / train/loss/image 5.56 / train/loss/inv 0.01 / train/loss/policy -0.02 / train/loss/rep 3.63 / train/loss/repval 1.25 / train/loss/rew 0.53 / train/loss/value 1.23 / replay/replay_ratio 260 / fps/policy 15.08 / fps/train 3860.77

Writing metrics: /home/zhangpeiying01/lfy/btwm-7.7/runs/btwm_dmc_walker_walk_seed0_w025_b11/metrics.jsonl
Writing metrics: /home/zhangpeiying01/lfy/btwm-7.7/runs/btwm_dmc_walker_walk_seed0_w025_b11/scores.jsonl

--------------------[Agent Step 66_896]--------------------
Metrics filtered by: 'score|length|fps|ratio|train/loss/|train/acc/|train/inv/|train/rand/'
train/acc/inv 0.59 / train/inv/ce 1.17 / train/inv/confidence 0.37 / train/inv/confidence_gating 0 / train/inv/effective_rep_weight 0.03 / train/inv/head_objective 0.49 / train/inv/head_weight 0 / train/inv/objective 0.49 / train/inv/policy_weight_max 1 / train/inv/policy_weight_mean 1 / train/inv/policy_weight_min 1 / train/inv/policy_weight_std 0 / train/inv/valid_frac 1 / train/inv/weight 0.03 / train/loss/con 0.02 / train/loss/dyn 3.69 / train/loss/image 5.78 / train/loss/inv 0.01 / train/loss/policy -6.8e-3 / train/loss/rep 3.69 / train/loss/repval 1.22 / train/loss/rew 0.53 / train/loss/value 1.17 / replay/replay_ratio 260 / fps/policy 15.11 / fps/train 3868.66

Writing metrics: /home/zhangpeiying01/lfy/btwm-7.7/runs/btwm_dmc_walker_walk_seed0_w025_b11/metrics.jsonl
Writing metrics: /home/zhangpeiying01/lfy/btwm-7.7/runs/btwm_dmc_walker_walk_seed0_w025_b11/scores.jsonl

--------------------[Agent Step 68_720]--------------------
Metrics filtered by: 'score|length|fps|ratio|train/loss/|train/acc/|train/inv/|train/rand/'
train/acc/inv 0.59 / train/inv/ce 1.19 / train/inv/confidence 0.36 / train/inv/confidence_gating 0 / train/inv/effective_rep_weight 0.03 / train/inv/head_objective 0.5 / train/inv/head_weight 0 / train/inv/objective 0.5 / train/inv/policy_weight_max 1 / train/inv/policy_weight_mean 1 / train/inv/policy_weight_min 1 / train/inv/policy_weight_std 0 / train/inv/valid_frac 1 / train/inv/weight 0.03 / train/loss/con 0.02 / train/loss/dyn 3.63 / train/loss/image 5.62 / train/loss/inv 0.01 / train/loss/policy -0.01 / train/loss/rep 3.63 / train/loss/repval 1.19 / train/loss/rew 0.53 / train/loss/value 1.12 / replay/replay_ratio 260 / fps/policy 15.11 / fps/train 3869.27

Writing metrics: /home/zhangpeiying01/lfy/btwm-7.7/runs/btwm_dmc_walker_walk_seed0_w025_b11/metrics.jsonl
Writing metrics: /home/zhangpeiying01/lfy/btwm-7.7/runs/btwm_dmc_walker_walk_seed0_w025_b11/scores.jsonl

--------------------[Agent Step 70_544]--------------------
Metrics filtered by: 'score|length|fps|ratio|train/loss/|train/acc/|train/inv/|train/rand/'
train/acc/inv 0.59 / train/inv/ce 1.18 / train/inv/confidence 0.37 / train/inv/confidence_gating 0 / train/inv/effective_rep_weight 0.03 / train/inv/head_objective 0.49 / train/inv/head_weight 0 / train/inv/objective 0.49 / train/inv/policy_weight_max 1 / train/inv/policy_weight_mean 1 / train/inv/policy_weight_min 1 / train/inv/policy_weight_std 0 / train/inv/valid_frac 1 / train/inv/weight 0.03 / train/loss/con 0.02 / train/loss/dyn 3.52 / train/loss/image 5.37 / train/loss/inv 0.01 / train/loss/policy -0.02 / train/loss/rep 3.52 / train/loss/repval 1.14 / train/loss/rew 0.53 / train/loss/value 1.06 / replay/replay_ratio 260 / fps/policy 15.08 / fps/train 3859.85

Writing metrics: /home/zhangpeiying01/lfy/btwm-7.7/runs/btwm_dmc_walker_walk_seed0_w025_b11/metrics.jsonl
Writing metrics: /home/zhangpeiying01/lfy/btwm-7.7/runs/btwm_dmc_walker_walk_seed0_w025_b11/scores.jsonl

--------------------[Agent Step 72_368]--------------------
Metrics filtered by: 'score|length|fps|ratio|train/loss/|train/acc/|train/inv/|train/rand/'
train/acc/inv 0.58 / train/inv/ce 1.2 / train/inv/confidence 0.36 / train/inv/confidence_gating 0 / train/inv/effective_rep_weight 0.03 / train/inv/head_objective 0.5 / train/inv/head_weight 0 / train/inv/objective 0.5 / train/inv/policy_weight_max 1 / train/inv/policy_weight_mean 1 / train/inv/policy_weight_min 1 / train/inv/policy_weight_std 0 / train/inv/valid_frac 1 / train/inv/weight 0.03 / train/loss/con 0.02 / train/loss/dyn 3.59 / train/loss/image 5.39 / train/loss/inv 0.01 / train/loss/policy -0.01 / train/loss/rep 3.59 / train/loss/repval 1.06 / train/loss/rew 0.53 / train/loss/value 0.98 / replay/replay_ratio 260 / fps/policy 15.11 / fps/train 3867.94

Writing metrics: /home/zhangpeiying01/lfy/btwm-7.7/runs/btwm_dmc_walker_walk_seed0_w025_b11/scores.jsonl
Writing metrics: /home/zhangpeiying01/lfy/btwm-7.7/runs/btwm_dmc_walker_walk_seed0_w025_b11/metrics.jsonl

--------------------[Agent Step 74_192]--------------------
Metrics filtered by: 'score|length|fps|ratio|train/loss/|train/acc/|train/inv/|train/rand/'
train/acc/inv 0.59 / train/inv/ce 1.19 / train/inv/confidence 0.36 / train/inv/confidence_gating 0 / train/inv/effective_rep_weight 0.03 / train/inv/head_objective 0.5 / train/inv/head_weight 0 / train/inv/objective 0.5 / train/inv/policy_weight_max 1 / train/inv/policy_weight_mean 1 / train/inv/policy_weight_min 1 / train/inv/policy_weight_std 0 / train/inv/valid_frac 1 / train/inv/weight 0.03 / train/loss/con 0.02 / train/loss/dyn 3.46 / train/loss/image 5.21 / train/loss/inv 0.01 / train/loss/policy -0.01 / train/loss/rep 3.46 / train/loss/repval 0.99 / train/loss/rew 0.54 / train/loss/value 0.88 / replay/replay_ratio 260 / fps/policy 15.1 / fps/train 3865.98

Writing metrics: /home/zhangpeiying01/lfy/btwm-7.7/runs/btwm_dmc_walker_walk_seed0_w025_b11/metrics.jsonl
Writing metrics: /home/zhangpeiying01/lfy/btwm-7.7/runs/btwm_dmc_walker_walk_seed0_w025_b11/scores.jsonl

--------------------[Agent Step 76_016]--------------------
Metrics filtered by: 'score|length|fps|ratio|train/loss/|train/acc/|train/inv/|train/rand/'
train/acc/inv 0.58 / train/inv/ce 1.21 / train/inv/confidence 0.36 / train/inv/confidence_gating 0 / train/inv/effective_rep_weight 0.03 / train/inv/head_objective 0.5 / train/inv/head_weight 0 / train/inv/objective 0.5 / train/inv/policy_weight_max 1 / train/inv/policy_weight_mean 1 / train/inv/policy_weight_min 1 / train/inv/policy_weight_std 0 / train/inv/valid_frac 1 / train/inv/weight 0.03 / train/loss/con 0.02 / train/loss/dyn 3.53 / train/loss/image 5.19 / train/loss/inv 0.01 / train/loss/policy -0.02 / train/loss/rep 3.53 / train/loss/repval 0.93 / train/loss/rew 0.54 / train/loss/value 0.78 / replay/replay_ratio 260 / fps/policy 15.1 / fps/train 3865.53

Writing metrics: /home/zhangpeiying01/lfy/btwm-7.7/runs/btwm_dmc_walker_walk_seed0_w025_b11/scores.jsonl
Writing metrics: /home/zhangpeiying01/lfy/btwm-7.7/runs/btwm_dmc_walker_walk_seed0_w025_b11/metrics.jsonl

--------------------[Agent Step 77_840]--------------------
Metrics filtered by: 'score|length|fps|ratio|train/loss/|train/acc/|train/inv/|train/rand/'
train/acc/inv 0.58 / train/inv/ce 1.2 / train/inv/confidence 0.36 / train/inv/confidence_gating 0 / train/inv/effective_rep_weight 0.03 / train/inv/head_objective 0.5 / train/inv/head_weight 0 / train/inv/objective 0.5 / train/inv/policy_weight_max 1 / train/inv/policy_weight_mean 1 / train/inv/policy_weight_min 1 / train/inv/policy_weight_std 0 / train/inv/valid_frac 1 / train/inv/weight 0.03 / train/loss/con 0.02 / train/loss/dyn 3.49 / train/loss/image 5.13 / train/loss/inv 0.01 / train/loss/policy -0.01 / train/loss/rep 3.49 / train/loss/repval 0.86 / train/loss/rew 0.54 / train/loss/value 0.71 / replay/replay_ratio 260 / fps/policy 15.09 / fps/train 3862.81

Writing metrics: /home/zhangpeiying01/lfy/btwm-7.7/runs/btwm_dmc_walker_walk_seed0_w025_b11/scores.jsonl
Writing metrics: /home/zhangpeiying01/lfy/btwm-7.7/runs/btwm_dmc_walker_walk_seed0_w025_b11/metrics.jsonl

--------------------[Agent Step 79_664]--------------------
Metrics filtered by: 'score|length|fps|ratio|train/loss/|train/acc/|train/inv/|train/rand/'
train/acc/inv 0.58 / train/inv/ce 1.21 / train/inv/confidence 0.36 / train/inv/confidence_gating 0 / train/inv/effective_rep_weight 0.03 / train/inv/head_objective 0.51 / train/inv/head_weight 0 / train/inv/objective 0.51 / train/inv/policy_weight_max 1 / train/inv/policy_weight_mean 1 / train/inv/policy_weight_min 1 / train/inv/policy_weight_std 0 / train/inv/valid_frac 1 / train/inv/weight 0.03 / train/loss/con 0.02 / train/loss/dyn 3.49 / train/loss/image 5.08 / train/loss/inv 0.01 / train/loss/policy -0.01 / train/loss/rep 3.49 / train/loss/repval 0.81 / train/loss/rew 0.54 / train/loss/value 0.65 / replay/replay_ratio 260 / fps/policy 15.1 / fps/train 3865.31

Writing metrics: /home/zhangpeiying01/lfy/btwm-7.7/runs/btwm_dmc_walker_walk_seed0_w025_b11/metrics.jsonl
Writing metrics: /home/zhangpeiying01/lfy/btwm-7.7/runs/btwm_dmc_walker_walk_seed0_w025_b11/scores.jsonl

--------------------[Agent Step 81_488]--------------------
Metrics filtered by: 'score|length|fps|ratio|train/loss/|train/acc/|train/inv/|train/rand/'
episode/score 692.38 / episode/length 1001 / train/acc/inv 0.57 / train/inv/ce 1.23 / train/inv/confidence 0.35 / train/inv/confidence_gating 0 / train/inv/effective_rep_weight 0.03 / train/inv/head_objective 0.51 / train/inv/head_weight 0 / train/inv/objective 0.51 / train/inv/policy_weight_max 1 / train/inv/policy_weight_mean 1 / train/inv/policy_weight_min 1 / train/inv/policy_weight_std 0 / train/inv/valid_frac 1 / train/inv/weight 0.03 / train/loss/con 0.02 / train/loss/dyn 3.63 / train/loss/image 5.25 / train/loss/inv 0.01 / train/loss/policy -0.01 / train/loss/rep 3.63 / train/loss/repval 0.75 / train/loss/rew 0.54 / train/loss/value 0.61 / replay/replay_ratio 260 / fps/policy 15.11 / fps/train 3869.41

Writing metrics: /home/zhangpeiying01/lfy/btwm-7.7/runs/btwm_dmc_walker_walk_seed0_w025_b11/scores.jsonl
Writing metrics: /home/zhangpeiying01/lfy/btwm-7.7/runs/btwm_dmc_walker_walk_seed0_w025_b11/metrics.jsonl

--------------------[Agent Step 83_312]--------------------
Metrics filtered by: 'score|length|fps|ratio|train/loss/|train/acc/|train/inv/|train/rand/'
train/acc/inv 0.57 / train/inv/ce 1.24 / train/inv/confidence 0.35 / train/inv/confidence_gating 0 / train/inv/effective_rep_weight 0.03 / train/inv/head_objective 0.52 / train/inv/head_weight 0 / train/inv/objective 0.52 / train/inv/policy_weight_max 1 / train/inv/policy_weight_mean 1 / train/inv/policy_weight_min 1 / train/inv/policy_weight_std 0 / train/inv/valid_frac 1 / train/inv/weight 0.03 / train/loss/con 0.02 / train/loss/dyn 3.59 / train/loss/image 5.31 / train/loss/inv 0.01 / train/loss/policy -9.4e-3 / train/loss/rep 3.59 / train/loss/repval 0.71 / train/loss/rew 0.54 / train/loss/value 0.59 / replay/replay_ratio 260 / fps/policy 15.1 / fps/train 3865.2

Writing metrics: /home/zhangpeiying01/lfy/btwm-7.7/runs/btwm_dmc_walker_walk_seed0_w025_b11/scores.jsonl
Writing metrics: /home/zhangpeiying01/lfy/btwm-7.7/runs/btwm_dmc_walker_walk_seed0_w025_b11/metrics.jsonl

--------------------[Agent Step 85_136]--------------------
Metrics filtered by: 'score|length|fps|ratio|train/loss/|train/acc/|train/inv/|train/rand/'
train/acc/inv 0.57 / train/inv/ce 1.24 / train/inv/confidence 0.35 / train/inv/confidence_gating 0 / train/inv/effective_rep_weight 0.03 / train/inv/head_objective 0.52 / train/inv/head_weight 0 / train/inv/objective 0.52 / train/inv/policy_weight_max 1 / train/inv/policy_weight_mean 1 / train/inv/policy_weight_min 1 / train/inv/policy_weight_std 0 / train/inv/valid_frac 1 / train/inv/weight 0.03 / train/loss/con 0.02 / train/loss/dyn 3.47 / train/loss/image 5.09 / train/loss/inv 0.01 / train/loss/policy -6.7e-3 / train/loss/rep 3.47 / train/loss/repval 0.69 / train/loss/rew 0.54 / train/loss/value 0.58 / replay/replay_ratio 260 / fps/policy 15.11 / fps/train 3868.06

Writing metrics: /home/zhangpeiying01/lfy/btwm-7.7/runs/btwm_dmc_walker_walk_seed0_w025_b11/scores.jsonl
Writing metrics: /home/zhangpeiying01/lfy/btwm-7.7/runs/btwm_dmc_walker_walk_seed0_w025_b11/metrics.jsonl

--------------------[Agent Step 86_960]--------------------
Metrics filtered by: 'score|length|fps|ratio|train/loss/|train/acc/|train/inv/|train/rand/'
train/acc/inv 0.57 / train/inv/ce 1.26 / train/inv/confidence 0.34 / train/inv/confidence_gating 0 / train/inv/effective_rep_weight 0.03 / train/inv/head_objective 0.52 / train/inv/head_weight 0 / train/inv/objective 0.52 / train/inv/policy_weight_max 1 / train/inv/policy_weight_mean 1 / train/inv/policy_weight_min 1 / train/inv/policy_weight_std 0 / train/inv/valid_frac 1 / train/inv/weight 0.03 / train/loss/con 0.02 / train/loss/dyn 3.55 / train/loss/image 5.1 / train/loss/inv 0.01 / train/loss/policy -8.4e-3 / train/loss/rep 3.55 / train/loss/repval 0.68 / train/loss/rew 0.54 / train/loss/value 0.61 / replay/replay_ratio 260 / fps/policy 15.09 / fps/train 3863.56

Writing metrics: /home/zhangpeiying01/lfy/btwm-7.7/runs/btwm_dmc_walker_walk_seed0_w025_b11/scores.jsonl
Writing metrics: /home/zhangpeiying01/lfy/btwm-7.7/runs/btwm_dmc_walker_walk_seed0_w025_b11/metrics.jsonl

--------------------[Agent Step 88_784]--------------------
Metrics filtered by: 'score|length|fps|ratio|train/loss/|train/acc/|train/inv/|train/rand/'
train/acc/inv 0.56 / train/inv/ce 1.27 / train/inv/confidence 0.34 / train/inv/confidence_gating 0 / train/inv/effective_rep_weight 0.03 / train/inv/head_objective 0.53 / train/inv/head_weight 0 / train/inv/objective 0.53 / train/inv/policy_weight_max 1 / train/inv/policy_weight_mean 1 / train/inv/policy_weight_min 1 / train/inv/policy_weight_std 0 / train/inv/valid_frac 1 / train/inv/weight 0.03 / train/loss/con 0.02 / train/loss/dyn 3.48 / train/loss/image 5.03 / train/loss/inv 0.01 / train/loss/policy -6.2e-3 / train/loss/rep 3.48 / train/loss/repval 0.71 / train/loss/rew 0.54 / train/loss/value 0.7 / replay/replay_ratio 260 / fps/policy 15.09 / fps/train 3862.59

Writing metrics: /home/zhangpeiying01/lfy/btwm-7.7/runs/btwm_dmc_walker_walk_seed0_w025_b11/metrics.jsonl
Writing metrics: /home/zhangpeiying01/lfy/btwm-7.7/runs/btwm_dmc_walker_walk_seed0_w025_b11/scores.jsonl

--------------------[Agent Step 90_608]--------------------
Metrics filtered by: 'score|length|fps|ratio|train/loss/|train/acc/|train/inv/|train/rand/'
train/acc/inv 0.56 / train/inv/ce 1.26 / train/inv/confidence 0.34 / train/inv/confidence_gating 0 / train/inv/effective_rep_weight 0.03 / train/inv/head_objective 0.53 / train/inv/head_weight 0 / train/inv/objective 0.53 / train/inv/policy_weight_max 1 / train/inv/policy_weight_mean 1 / train/inv/policy_weight_min 1 / train/inv/policy_weight_std 0 / train/inv/valid_frac 1 / train/inv/weight 0.03 / train/loss/con 0.02 / train/loss/dyn 3.47 / train/loss/image 4.95 / train/loss/inv 0.01 / train/loss/policy -0.01 / train/loss/rep 3.47 / train/loss/repval 0.79 / train/loss/rew 0.54 / train/loss/value 0.82 / replay/replay_ratio 260 / fps/policy 15.12 / fps/train 3869.87

Writing metrics: /home/zhangpeiying01/lfy/btwm-7.7/runs/btwm_dmc_walker_walk_seed0_w025_b11/scores.jsonl
Writing metrics: /home/zhangpeiying01/lfy/btwm-7.7/runs/btwm_dmc_walker_walk_seed0_w025_b11/metrics.jsonl

--------------------[Agent Step 92_432]--------------------
Metrics filtered by: 'score|length|fps|ratio|train/loss/|train/acc/|train/inv/|train/rand/'
train/acc/inv 0.57 / train/inv/ce 1.25 / train/inv/confidence 0.34 / train/inv/confidence_gating 0 / train/inv/effective_rep_weight 0.03 / train/inv/head_objective 0.52 / train/inv/head_weight 0 / train/inv/objective 0.52 / train/inv/policy_weight_max 1 / train/inv/policy_weight_mean 1 / train/inv/policy_weight_min 1 / train/inv/policy_weight_std 0 / train/inv/valid_frac 1 / train/inv/weight 0.03 / train/loss/con 0.02 / train/loss/dyn 3.44 / train/loss/image 4.94 / train/loss/inv 0.01 / train/loss/policy -0.01 / train/loss/rep 3.44 / train/loss/repval 0.9 / train/loss/rew 0.54 / train/loss/value 0.97 / replay/replay_ratio 260 / fps/policy 15.08 / fps/train 3861.14

Writing metrics: /home/zhangpeiying01/lfy/btwm-7.7/runs/btwm_dmc_walker_walk_seed0_w025_b11/metrics.jsonl
Writing metrics: /home/zhangpeiying01/lfy/btwm-7.7/runs/btwm_dmc_walker_walk_seed0_w025_b11/scores.jsonl

--------------------[Agent Step 94_256]--------------------
Metrics filtered by: 'score|length|fps|ratio|train/loss/|train/acc/|train/inv/|train/rand/'
train/acc/inv 0.56 / train/inv/ce 1.27 / train/inv/confidence 0.34 / train/inv/confidence_gating 0 / train/inv/effective_rep_weight 0.03 / train/inv/head_objective 0.53 / train/inv/head_weight 0 / train/inv/objective 0.53 / train/inv/policy_weight_max 1 / train/inv/policy_weight_mean 1 / train/inv/policy_weight_min 1 / train/inv/policy_weight_std 0 / train/inv/valid_frac 1 / train/inv/weight 0.03 / train/loss/con 0.02 / train/loss/dyn 3.39 / train/loss/image 4.8 / train/loss/inv 0.01 / train/loss/policy -0.01 / train/loss/rep 3.39 / train/loss/repval 1.03 / train/loss/rew 0.54 / train/loss/value 1.1 / replay/replay_ratio 260 / fps/policy 15.11 / fps/train 3868.98

Writing metrics: /home/zhangpeiying01/lfy/btwm-7.7/runs/btwm_dmc_walker_walk_seed0_w025_b11/scores.jsonl
Writing metrics: /home/zhangpeiying01/lfy/btwm-7.7/runs/btwm_dmc_walker_walk_seed0_w025_b11/metrics.jsonl

--------------------[Agent Step 96_080]--------------------
Metrics filtered by: 'score|length|fps|ratio|train/loss/|train/acc/|train/inv/|train/rand/'
train/acc/inv 0.56 / train/inv/ce 1.26 / train/inv/confidence 0.34 / train/inv/confidence_gating 0 / train/inv/effective_rep_weight 0.03 / train/inv/head_objective 0.53 / train/inv/head_weight 0 / train/inv/objective 0.53 / train/inv/policy_weight_max 1 / train/inv/policy_weight_mean 1 / train/inv/policy_weight_min 1 / train/inv/policy_weight_std 0 / train/inv/valid_frac 1 / train/inv/weight 0.03 / train/loss/con 0.02 / train/loss/dyn 3.39 / train/loss/image 4.75 / train/loss/inv 0.01 / train/loss/policy -0.02 / train/loss/rep 3.39 / train/loss/repval 1.16 / train/loss/rew 0.54 / train/loss/value 1.2 / replay/replay_ratio 260 / fps/policy 15.11 / fps/train 3868.66

Writing metrics: /home/zhangpeiying01/lfy/btwm-7.7/runs/btwm_dmc_walker_walk_seed0_w025_b11/metrics.jsonl
Writing metrics: /home/zhangpeiying01/lfy/btwm-7.7/runs/btwm_dmc_walker_walk_seed0_w025_b11/scores.jsonl

--------------------[Agent Step 97_904]--------------------
Metrics filtered by: 'score|length|fps|ratio|train/loss/|train/acc/|train/inv/|train/rand/'
episode/score 656.33 / episode/length 1001 / train/acc/inv 0.56 / train/inv/ce 1.27 / train/inv/confidence 0.34 / train/inv/confidence_gating 0 / train/inv/effective_rep_weight 0.03 / train/inv/head_objective 0.53 / train/inv/head_weight 0 / train/inv/objective 0.53 / train/inv/policy_weight_max 1 / train/inv/policy_weight_mean 1 / train/inv/policy_weight_min 1 / train/inv/policy_weight_std 0 / train/inv/valid_frac 1 / train/inv/weight 0.03 / train/loss/con 0.02 / train/loss/dyn 3.51 / train/loss/image 4.9 / train/loss/inv 0.01 / train/loss/policy -0.02 / train/loss/rep 3.51 / train/loss/repval 1.24 / train/loss/rew 0.54 / train/loss/value 1.24 / replay/replay_ratio 260 / fps/policy 15.1 / fps/train 3864.56

Writing metrics: /home/zhangpeiying01/lfy/btwm-7.7/runs/btwm_dmc_walker_walk_seed0_w025_b11/metrics.jsonl
Writing metrics: /home/zhangpeiying01/lfy/btwm-7.7/runs/btwm_dmc_walker_walk_seed0_w025_b11/scores.jsonl

--------------------[Agent Step 99_728]--------------------
Metrics filtered by: 'score|length|fps|ratio|train/loss/|train/acc/|train/inv/|train/rand/'
train/acc/inv 0.56 / train/inv/ce 1.27 / train/inv/confidence 0.33 / train/inv/confidence_gating 0 / train/inv/effective_rep_weight 0.03 / train/inv/head_objective 0.53 / train/inv/head_weight 0 / train/inv/objective 0.53 / train/inv/policy_weight_max 1 / train/inv/policy_weight_mean 1 / train/inv/policy_weight_min 1 / train/inv/policy_weight_std 0 / train/inv/valid_frac 1 / train/inv/weight 0.03 / train/loss/con 0.02 / train/loss/dyn 3.36 / train/loss/image 4.79 / train/loss/inv 0.01 / train/loss/policy -0.02 / train/loss/rep 3.36 / train/loss/repval 1.24 / train/loss/rew 0.54 / train/loss/value 1.18 / replay/replay_ratio 260 / fps/policy 15.11 / fps/train 3868.18

Writing metrics: /home/zhangpeiying01/lfy/btwm-7.7/runs/btwm_dmc_walker_walk_seed0_w025_b11/metrics.jsonl
Writing metrics: /home/zhangpeiying01/lfy/btwm-7.7/runs/btwm_dmc_walker_walk_seed0_w025_b11/scores.jsonl

--------------------[Agent Step 101_552]--------------------
Metrics filtered by: 'score|length|fps|ratio|train/loss/|train/acc/|train/inv/|train/rand/'
train/acc/inv 0.56 / train/inv/ce 1.28 / train/inv/confidence 0.33 / train/inv/confidence_gating 0 / train/inv/effective_rep_weight 0.03 / train/inv/head_objective 0.53 / train/inv/head_weight 0 / train/inv/objective 0.53 / train/inv/policy_weight_max 1 / train/inv/policy_weight_mean 1 / train/inv/policy_weight_min 1 / train/inv/policy_weight_std 0 / train/inv/valid_frac 1 / train/inv/weight 0.03 / train/loss/con 0.02 / train/loss/dyn 3.38 / train/loss/image 4.71 / train/loss/inv 0.01 / train/loss/policy -0.01 / train/loss/rep 3.38 / train/loss/repval 1.12 / train/loss/rew 0.54 / train/loss/value 0.96 / replay/replay_ratio 260 / fps/policy 15.08 / fps/train 3860.19

Writing metrics: /home/zhangpeiying01/lfy/btwm-7.7/runs/btwm_dmc_walker_walk_seed0_w025_b11/scores.jsonl
Writing metrics: /home/zhangpeiying01/lfy/btwm-7.7/runs/btwm_dmc_walker_walk_seed0_w025_b11/metrics.jsonl

--------------------[Agent Step 103_376]--------------------
Metrics filtered by: 'score|length|fps|ratio|train/loss/|train/acc/|train/inv/|train/rand/'
train/acc/inv 0.55 / train/inv/ce 1.29 / train/inv/confidence 0.33 / train/inv/confidence_gating 0 / train/inv/effective_rep_weight 0.03 / train/inv/head_objective 0.54 / train/inv/head_weight 0 / train/inv/objective 0.54 / train/inv/policy_weight_max 1 / train/inv/policy_weight_mean 1 / train/inv/policy_weight_min 1 / train/inv/policy_weight_std 0 / train/inv/valid_frac 1 / train/inv/weight 0.03 / train/loss/con 0.02 / train/loss/dyn 3.41 / train/loss/image 4.71 / train/loss/inv 0.01 / train/loss/policy -0.01 / train/loss/rep 3.41 / train/loss/repval 0.96 / train/loss/rew 0.54 / train/loss/value 0.71 / replay/replay_ratio 260 / fps/policy 15.09 / fps/train 3863.1

Writing metrics: /home/zhangpeiying01/lfy/btwm-7.7/runs/btwm_dmc_walker_walk_seed0_w025_b11/scores.jsonl
Writing metrics: /home/zhangpeiying01/lfy/btwm-7.7/runs/btwm_dmc_walker_walk_seed0_w025_b11/metrics.jsonl

--------------------[Agent Step 105_200]--------------------
Metrics filtered by: 'score|length|fps|ratio|train/loss/|train/acc/|train/inv/|train/rand/'
train/acc/inv 0.55 / train/inv/ce 1.3 / train/inv/confidence 0.33 / train/inv/confidence_gating 0 / train/inv/effective_rep_weight 0.03 / train/inv/head_objective 0.54 / train/inv/head_weight 0 / train/inv/objective 0.54 / train/inv/policy_weight_max 1 / train/inv/policy_weight_mean 1 / train/inv/policy_weight_min 1 / train/inv/policy_weight_std 0 / train/inv/valid_frac 1 / train/inv/weight 0.03 / train/loss/con 0.02 / train/loss/dyn 3.42 / train/loss/image 4.71 / train/loss/inv 0.01 / train/loss/policy -5.8e-3 / train/loss/rep 3.42 / train/loss/repval 0.86 / train/loss/rew 0.54 / train/loss/value 0.7 / replay/replay_ratio 260 / fps/policy 15.1 / fps/train 3866.65

Writing metrics: /home/zhangpeiying01/lfy/btwm-7.7/runs/btwm_dmc_walker_walk_seed0_w025_b11/metrics.jsonl
Writing metrics: /home/zhangpeiying01/lfy/btwm-7.7/runs/btwm_dmc_walker_walk_seed0_w025_b11/scores.jsonl

--------------------[Agent Step 107_024]--------------------
Metrics filtered by: 'score|length|fps|ratio|train/loss/|train/acc/|train/inv/|train/rand/'
train/acc/inv 0.55 / train/inv/ce 1.29 / train/inv/confidence 0.33 / train/inv/confidence_gating 0 / train/inv/effective_rep_weight 0.03 / train/inv/head_objective 0.54 / train/inv/head_weight 0 / train/inv/objective 0.54 / train/inv/policy_weight_max 1 / train/inv/policy_weight_mean 1 / train/inv/policy_weight_min 1 / train/inv/policy_weight_std 0 / train/inv/valid_frac 1 / train/inv/weight 0.03 / train/loss/con 0.02 / train/loss/dyn 3.37 / train/loss/image 4.67 / train/loss/inv 0.01 / train/loss/policy -7.2e-3 / train/loss/rep 3.37 / train/loss/repval 0.78 / train/loss/rew 0.54 / train/loss/value 0.76 / replay/replay_ratio 260 / fps/policy 15.08 / fps/train 3861.4

Writing metrics: /home/zhangpeiying01/lfy/btwm-7.7/runs/btwm_dmc_walker_walk_seed0_w025_b11/metrics.jsonl
Writing metrics: /home/zhangpeiying01/lfy/btwm-7.7/runs/btwm_dmc_walker_walk_seed0_w025_b11/scores.jsonl

--------------------[Agent Step 108_848]--------------------
Metrics filtered by: 'score|length|fps|ratio|train/loss/|train/acc/|train/inv/|train/rand/'
train/acc/inv 0.55 / train/inv/ce 1.29 / train/inv/confidence 0.33 / train/inv/confidence_gating 0 / train/inv/effective_rep_weight 0.03 / train/inv/head_objective 0.54 / train/inv/head_weight 0 / train/inv/objective 0.54 / train/inv/policy_weight_max 1 / train/inv/policy_weight_mean 1 / train/inv/policy_weight_min 1 / train/inv/policy_weight_std 0 / train/inv/valid_frac 1 / train/inv/weight 0.03 / train/loss/con 0.02 / train/loss/dyn 3.35 / train/loss/image 4.63 / train/loss/inv 0.01 / train/loss/policy -5.8e-3 / train/loss/rep 3.35 / train/loss/repval 0.78 / train/loss/rew 0.54 / train/loss/value 0.84 / replay/replay_ratio 260 / fps/policy 15.11 / fps/train 3868.11

Writing metrics: /home/zhangpeiying01/lfy/btwm-7.7/runs/btwm_dmc_walker_walk_seed0_w025_b11/scores.jsonl
Writing metrics: /home/zhangpeiying01/lfy/btwm-7.7/runs/btwm_dmc_walker_walk_seed0_w025_b11/metrics.jsonl
Saving checkpoint: /home/zhangpeiying01/lfy/btwm-7.7/runs/btwm_dmc_walker_walk_seed0_w025_b11/ckpt/20260712T194910F258341
Saved checkpoint.

--------------------[Agent Step 110_544]--------------------
Metrics filtered by: 'score|length|fps|ratio|train/loss/|train/acc/|train/inv/|train/rand/'
train/acc/inv 0.55 / train/inv/ce 1.28 / train/inv/confidence 0.33 / train/inv/confidence_gating 0 / train/inv/effective_rep_weight 0.03 / train/inv/head_objective 0.54 / train/inv/head_weight 0 / train/inv/objective 0.54 / train/inv/policy_weight_max 1 / train/inv/policy_weight_mean 1 / train/inv/policy_weight_min 1 / train/inv/policy_weight_std 0 / train/inv/valid_frac 1 / train/inv/weight 0.03 / train/loss/con 0.02 / train/loss/dyn 3.32 / train/loss/image 4.57 / train/loss/inv 0.01 / train/loss/policy -0.01 / train/loss/rep 3.32 / train/loss/repval 0.89 / train/loss/rew 0.54 / train/loss/value 0.99 / replay/replay_ratio 260 / fps/policy 14.13 / fps/train 3616.07

Writing metrics: /home/zhangpeiying01/lfy/btwm-7.7/runs/btwm_dmc_walker_walk_seed0_w025_b11/metrics.jsonl
Writing metrics: /home/zhangpeiying01/lfy/btwm-7.7/runs/btwm_dmc_walker_walk_seed0_w025_b11/scores.jsonl

--------------------[Agent Step 112_368]--------------------
Metrics filtered by: 'score|length|fps|ratio|train/loss/|train/acc/|train/inv/|train/rand/'
episode/score 922.64 / episode/length 1001 / train/acc/inv 0.55 / train/inv/ce 1.29 / train/inv/confidence 0.33 / train/inv/confidence_gating 0 / train/inv/effective_rep_weight 0.03 / train/inv/head_objective 0.54 / train/inv/head_weight 0 / train/inv/objective 0.54 / train/inv/policy_weight_max 1 / train/inv/policy_weight_mean 1 / train/inv/policy_weight_min 1 / train/inv/policy_weight_std 0 / train/inv/valid_frac 1 / train/inv/weight 0.03 / train/loss/con 0.02 / train/loss/dyn 3.3 / train/loss/image 4.5 / train/loss/inv 0.01 / train/loss/policy -0.01 / train/loss/rep 3.3 / train/loss/repval 1.02 / train/loss/rew 0.54 / train/loss/value 1.12 / replay/replay_ratio 260 / fps/policy 15.12 / fps/train 3871.82

Writing metrics: /home/zhangpeiying01/lfy/btwm-7.7/runs/btwm_dmc_walker_walk_seed0_w025_b11/scores.jsonl
Writing metrics: /home/zhangpeiying01/lfy/btwm-7.7/runs/btwm_dmc_walker_walk_seed0_w025_b11/metrics.jsonl

--------------------[Agent Step 114_192]--------------------
Metrics filtered by: 'score|length|fps|ratio|train/loss/|train/acc/|train/inv/|train/rand/'
train/acc/inv 0.55 / train/inv/ce 1.3 / train/inv/confidence 0.33 / train/inv/confidence_gating 0 / train/inv/effective_rep_weight 0.03 / train/inv/head_objective 0.54 / train/inv/head_weight 0 / train/inv/objective 0.54 / train/inv/policy_weight_max 1 / train/inv/policy_weight_mean 1 / train/inv/policy_weight_min 1 / train/inv/policy_weight_std 0 / train/inv/valid_frac 1 / train/inv/weight 0.03 / train/loss/con 0.02 / train/loss/dyn 3.38 / train/loss/image 4.58 / train/loss/inv 0.01 / train/loss/policy -8.3e-3 / train/loss/rep 3.38 / train/loss/repval 1.12 / train/loss/rew 0.55 / train/loss/value 1.19 / replay/replay_ratio 260 / fps/policy 15.11 / fps/train 3869.13

Writing metrics: /home/zhangpeiying01/lfy/btwm-7.7/runs/btwm_dmc_walker_walk_seed0_w025_b11/scores.jsonl
Writing metrics: /home/zhangpeiying01/lfy/btwm-7.7/runs/btwm_dmc_walker_walk_seed0_w025_b11/metrics.jsonl

--------------------[Agent Step 116_016]--------------------
Metrics filtered by: 'score|length|fps|ratio|train/loss/|train/acc/|train/inv/|train/rand/'
train/acc/inv 0.55 / train/inv/ce 1.3 / train/inv/confidence 0.32 / train/inv/confidence_gating 0 / train/inv/effective_rep_weight 0.03 / train/inv/head_objective 0.54 / train/inv/head_weight 0 / train/inv/objective 0.54 / train/inv/policy_weight_max 1 / train/inv/policy_weight_mean 1 / train/inv/policy_weight_min 1 / train/inv/policy_weight_std 0 / train/inv/valid_frac 1 / train/inv/weight 0.03 / train/loss/con 0.02 / train/loss/dyn 3.3 / train/loss/image 4.53 / train/loss/inv 0.01 / train/loss/policy -6.5e-3 / train/loss/rep 3.3 / train/loss/repval 1.18 / train/loss/rew 0.55 / train/loss/value 1.23 / replay/replay_ratio 260 / fps/policy 15.1 / fps/train 3865.7

Writing metrics: /home/zhangpeiying01/lfy/btwm-7.7/runs/btwm_dmc_walker_walk_seed0_w025_b11/metrics.jsonl
Writing metrics: /home/zhangpeiying01/lfy/btwm-7.7/runs/btwm_dmc_walker_walk_seed0_w025_b11/scores.jsonl

--------------------[Agent Step 117_840]--------------------
Metrics filtered by: 'score|length|fps|ratio|train/loss/|train/acc/|train/inv/|train/rand/'
train/acc/inv 0.55 / train/inv/ce 1.31 / train/inv/confidence 0.32 / train/inv/confidence_gating 0 / train/inv/effective_rep_weight 0.03 / train/inv/head_objective 0.55 / train/inv/head_weight 0 / train/inv/objective 0.55 / train/inv/policy_weight_max 1 / train/inv/policy_weight_mean 1 / train/inv/policy_weight_min 1 / train/inv/policy_weight_std 0 / train/inv/valid_frac 1 / train/inv/weight 0.03 / train/loss/con 0.02 / train/loss/dyn 3.32 / train/loss/image 4.45 / train/loss/inv 0.01 / train/loss/policy -6e-3 / train/loss/rep 3.32 / train/loss/repval 1.21 / train/loss/rew 0.55 / train/loss/value 1.25 / replay/replay_ratio 260 / fps/policy 15.12 / fps/train 3871.74

Writing metrics: /home/zhangpeiying01/lfy/btwm-7.7/runs/btwm_dmc_walker_walk_seed0_w025_b11/metrics.jsonl
Writing metrics: /home/zhangpeiying01/lfy/btwm-7.7/runs/btwm_dmc_walker_walk_seed0_w025_b11/scores.jsonl

--------------------[Agent Step 119_664]--------------------
Metrics filtered by: 'score|length|fps|ratio|train/loss/|train/acc/|train/inv/|train/rand/'
train/acc/inv 0.55 / train/inv/ce 1.31 / train/inv/confidence 0.32 / train/inv/confidence_gating 0 / train/inv/effective_rep_weight 0.03 / train/inv/head_objective 0.55 / train/inv/head_weight 0 / train/inv/objective 0.55 / train/inv/policy_weight_max 1 / train/inv/policy_weight_mean 1 / train/inv/policy_weight_min 1 / train/inv/policy_weight_std 0 / train/inv/valid_frac 1 / train/inv/weight 0.03 / train/loss/con 0.02 / train/loss/dyn 3.28 / train/loss/image 4.41 / train/loss/inv 0.01 / train/loss/policy -4.2e-3 / train/loss/rep 3.28 / train/loss/repval 1.23 / train/loss/rew 0.55 / train/loss/value 1.25 / replay/replay_ratio 260 / fps/policy 15.11 / fps/train 3867.27

Writing metrics: /home/zhangpeiying01/lfy/btwm-7.7/runs/btwm_dmc_walker_walk_seed0_w025_b11/scores.jsonl
Writing metrics: /home/zhangpeiying01/lfy/btwm-7.7/runs/btwm_dmc_walker_walk_seed0_w025_b11/metrics.jsonl

--------------------[Agent Step 121_488]--------------------
Metrics filtered by: 'score|length|fps|ratio|train/loss/|train/acc/|train/inv/|train/rand/'
train/acc/inv 0.55 / train/inv/ce 1.31 / train/inv/confidence 0.32 / train/inv/confidence_gating 0 / train/inv/effective_rep_weight 0.03 / train/inv/head_objective 0.54 / train/inv/head_weight 0 / train/inv/objective 0.54 / train/inv/policy_weight_max 1 / train/inv/policy_weight_mean 1 / train/inv/policy_weight_min 1 / train/inv/policy_weight_std 0 / train/inv/valid_frac 1 / train/inv/weight 0.03 / train/loss/con 0.02 / train/loss/dyn 3.26 / train/loss/image 4.37 / train/loss/inv 0.01 / train/loss/policy -2.7e-3 / train/loss/rep 3.26 / train/loss/repval 1.24 / train/loss/rew 0.54 / train/loss/value 1.24 / replay/replay_ratio 260 / fps/policy 15.15 / fps/train 3877.69

Writing metrics: /home/zhangpeiying01/lfy/btwm-7.7/runs/btwm_dmc_walker_walk_seed0_w025_b11/metrics.jsonl
Writing metrics: /home/zhangpeiying01/lfy/btwm-7.7/runs/btwm_dmc_walker_walk_seed0_w025_b11/scores.jsonl

--------------------[Agent Step 123_312]--------------------
Metrics filtered by: 'score|length|fps|ratio|train/loss/|train/acc/|train/inv/|train/rand/'
train/acc/inv 0.55 / train/inv/ce 1.3 / train/inv/confidence 0.32 / train/inv/confidence_gating 0 / train/inv/effective_rep_weight 0.03 / train/inv/head_objective 0.54 / train/inv/head_weight 0 / train/inv/objective 0.54 / train/inv/policy_weight_max 1 / train/inv/policy_weight_mean 1 / train/inv/policy_weight_min 1 / train/inv/policy_weight_std 0 / train/inv/valid_frac 1 / train/inv/weight 0.03 / train/loss/con 0.02 / train/loss/dyn 3.27 / train/loss/image 4.3 / train/loss/inv 0.01 / train/loss/policy -5.6e-3 / train/loss/rep 3.27 / train/loss/repval 1.24 / train/loss/rew 0.55 / train/loss/value 1.24 / replay/replay_ratio 260 / fps/policy 15.17 / fps/train 3883.3

Writing metrics: /home/zhangpeiying01/lfy/btwm-7.7/runs/btwm_dmc_walker_walk_seed0_w025_b11/metrics.jsonl
Writing metrics: /home/zhangpeiying01/lfy/btwm-7.7/runs/btwm_dmc_walker_walk_seed0_w025_b11/scores.jsonl

--------------------[Agent Step 125_136]--------------------
Metrics filtered by: 'score|length|fps|ratio|train/loss/|train/acc/|train/inv/|train/rand/'
train/acc/inv 0.55 / train/inv/ce 1.32 / train/inv/confidence 0.32 / train/inv/confidence_gating 0 / train/inv/effective_rep_weight 0.03 / train/inv/head_objective 0.55 / train/inv/head_weight 0 / train/inv/objective 0.55 / train/inv/policy_weight_max 1 / train/inv/policy_weight_mean 1 / train/inv/policy_weight_min 1 / train/inv/policy_weight_std 0 / train/inv/valid_frac 1 / train/inv/weight 0.03 / train/loss/con 0.02 / train/loss/dyn 3.31 / train/loss/image 4.31 / train/loss/inv 0.01 / train/loss/policy -5e-4 / train/loss/rep 3.31 / train/loss/repval 1.24 / train/loss/rew 0.55 / train/loss/value 1.23 / replay/replay_ratio 260 / fps/policy 15.1 / fps/train 3865.47

Writing metrics: /home/zhangpeiying01/lfy/btwm-7.7/runs/btwm_dmc_walker_walk_seed0_w025_b11/metrics.jsonl
Writing metrics: /home/zhangpeiying01/lfy/btwm-7.7/runs/btwm_dmc_walker_walk_seed0_w025_b11/scores.jsonl

--------------------[Agent Step 126_960]--------------------
Metrics filtered by: 'score|length|fps|ratio|train/loss/|train/acc/|train/inv/|train/rand/'
train/acc/inv 0.54 / train/inv/ce 1.33 / train/inv/confidence 0.32 / train/inv/confidence_gating 0 / train/inv/effective_rep_weight 0.03 / train/inv/head_objective 0.55 / train/inv/head_weight 0 / train/inv/objective 0.55 / train/inv/policy_weight_max 1 / train/inv/policy_weight_mean 1 / train/inv/policy_weight_min 1 / train/inv/policy_weight_std 0 / train/inv/valid_frac 1 / train/inv/weight 0.03 / train/loss/con 0.02 / train/loss/dyn 3.26 / train/loss/image 4.25 / train/loss/inv 0.01 / train/loss/policy -4.8e-3 / train/loss/rep 3.26 / train/loss/repval 1.24 / train/loss/rew 0.55 / train/loss/value 1.21 / replay/replay_ratio 260 / fps/policy 15.11 / fps/train 3868.93

Writing metrics: /home/zhangpeiying01/lfy/btwm-7.7/runs/btwm_dmc_walker_walk_seed0_w025_b11/metrics.jsonl
Writing metrics: /home/zhangpeiying01/lfy/btwm-7.7/runs/btwm_dmc_walker_walk_seed0_w025_b11/scores.jsonl

--------------------[Agent Step 128_752]--------------------
Metrics filtered by: 'score|length|fps|ratio|train/loss/|train/acc/|train/inv/|train/rand/'
episode/score 785.35 / episode/length 1001 / train/acc/inv 0.55 / train/inv/ce 1.32 / train/inv/confidence 0.32 / train/inv/confidence_gating 0 / train/inv/effective_rep_weight 0.03 / train/inv/head_objective 0.55 / train/inv/head_weight 0 / train/inv/objective 0.55 / train/inv/policy_weight_max 1 / train/inv/policy_weight_mean 1 / train/inv/policy_weight_min 1 / train/inv/policy_weight_std 0 / train/inv/valid_frac 1 / train/inv/weight 0.03 / train/loss/con 0.02 / train/loss/dyn 3.24 / train/loss/image 4.26 / train/loss/inv 0.01 / train/loss/policy -8.2e-3 / train/loss/rep 3.24 / train/loss/repval 1.23 / train/loss/rew 0.55 / train/loss/value 1.2 / replay/replay_ratio 260 / fps/policy 14.86 / fps/train 3805.38

Writing metrics: /home/zhangpeiying01/lfy/btwm-7.7/runs/btwm_dmc_walker_walk_seed0_w025_b11/metrics.jsonl
Writing metrics: /home/zhangpeiying01/lfy/btwm-7.7/runs/btwm_dmc_walker_walk_seed0_w025_b11/scores.jsonl

--------------------[Agent Step 130_560]--------------------
Metrics filtered by: 'score|length|fps|ratio|train/loss/|train/acc/|train/inv/|train/rand/'
train/acc/inv 0.54 / train/inv/ce 1.35 / train/inv/confidence 0.31 / train/inv/confidence_gating 0 / train/inv/effective_rep_weight 0.03 / train/inv/head_objective 0.56 / train/inv/head_weight 0 / train/inv/objective 0.56 / train/inv/policy_weight_max 1 / train/inv/policy_weight_mean 1 / train/inv/policy_weight_min 1 / train/inv/policy_weight_std 0 / train/inv/valid_frac 1 / train/inv/weight 0.03 / train/loss/con 0.02 / train/loss/dyn 3.43 / train/loss/image 4.46 / train/loss/inv 0.01 / train/loss/policy -7.6e-3 / train/loss/rep 3.43 / train/loss/repval 1.22 / train/loss/rew 0.55 / train/loss/value 1.18 / replay/replay_ratio 260 / fps/policy 15.03 / fps/train 3847.39

Writing metrics: /home/zhangpeiying01/lfy/btwm-7.7/runs/btwm_dmc_walker_walk_seed0_w025_b11/scores.jsonl
Writing metrics: /home/zhangpeiying01/lfy/btwm-7.7/runs/btwm_dmc_walker_walk_seed0_w025_b11/metrics.jsonl

--------------------[Agent Step 132_384]--------------------
Metrics filtered by: 'score|length|fps|ratio|train/loss/|train/acc/|train/inv/|train/rand/'
train/acc/inv 0.54 / train/inv/ce 1.35 / train/inv/confidence 0.31 / train/inv/confidence_gating 0 / train/inv/effective_rep_weight 0.03 / train/inv/head_objective 0.56 / train/inv/head_weight 0 / train/inv/objective 0.56 / train/inv/policy_weight_max 1 / train/inv/policy_weight_mean 1 / train/inv/policy_weight_min 1 / train/inv/policy_weight_std 0 / train/inv/valid_frac 1 / train/inv/weight 0.03 / train/loss/con 0.02 / train/loss/dyn 3.35 / train/loss/image 4.39 / train/loss/inv 0.01 / train/loss/policy -9.9e-3 / train/loss/rep 3.35 / train/loss/repval 1.22 / train/loss/rew 0.55 / train/loss/value 1.17 / replay/replay_ratio 260 / fps/policy 15.13 / fps/train 3874.37

Writing metrics: /home/zhangpeiying01/lfy/btwm-7.7/runs/btwm_dmc_walker_walk_seed0_w025_b11/metrics.jsonl
Writing metrics: /home/zhangpeiying01/lfy/btwm-7.7/runs/btwm_dmc_walker_walk_seed0_w025_b11/scores.jsonl

--------------------[Agent Step 134_160]--------------------
Metrics filtered by: 'score|length|fps|ratio|train/loss/|train/acc/|train/inv/|train/rand/'
train/acc/inv 0.54 / train/inv/ce 1.34 / train/inv/confidence 0.31 / train/inv/confidence_gating 0 / train/inv/effective_rep_weight 0.03 / train/inv/head_objective 0.56 / train/inv/head_weight 0 / train/inv/objective 0.56 / train/inv/policy_weight_max 1 / train/inv/policy_weight_mean 1 / train/inv/policy_weight_min 1 / train/inv/policy_weight_std 0 / train/inv/valid_frac 1 / train/inv/weight 0.03 / train/loss/con 0.02 / train/loss/dyn 3.28 / train/loss/image 4.3 / train/loss/inv 0.01 / train/loss/policy -8.5e-3 / train/loss/rep 3.28 / train/loss/repval 1.22 / train/loss/rew 0.55 / train/loss/value 1.17 / replay/replay_ratio 260 / fps/policy 14.72 / fps/train 3767.5

Writing metrics: /home/zhangpeiying01/lfy/btwm-7.7/runs/btwm_dmc_walker_walk_seed0_w025_b11/metrics.jsonl
Writing metrics: /home/zhangpeiying01/lfy/btwm-7.7/runs/btwm_dmc_walker_walk_seed0_w025_b11/scores.jsonl

--------------------[Agent Step 135_984]--------------------
Metrics filtered by: 'score|length|fps|ratio|train/loss/|train/acc/|train/inv/|train/rand/'
train/acc/inv 0.54 / train/inv/ce 1.36 / train/inv/confidence 0.31 / train/inv/confidence_gating 0 / train/inv/effective_rep_weight 0.03 / train/inv/head_objective 0.57 / train/inv/head_weight 0 / train/inv/objective 0.57 / train/inv/policy_weight_max 1 / train/inv/policy_weight_mean 1 / train/inv/policy_weight_min 1 / train/inv/policy_weight_std 0 / train/inv/valid_frac 1 / train/inv/weight 0.03 / train/loss/con 0.02 / train/loss/dyn 3.32 / train/loss/image 4.3 / train/loss/inv 0.01 / train/loss/policy -0.01 / train/loss/rep 3.32 / train/loss/repval 1.21 / train/loss/rew 0.55 / train/loss/value 1.17 / replay/replay_ratio 260 / fps/policy 15.16 / fps/train 3880.02

Writing metrics: /home/zhangpeiying01/lfy/btwm-7.7/runs/btwm_dmc_walker_walk_seed0_w025_b11/metrics.jsonl
Writing metrics: /home/zhangpeiying01/lfy/btwm-7.7/runs/btwm_dmc_walker_walk_seed0_w025_b11/scores.jsonl

--------------------[Agent Step 137_808]--------------------
Metrics filtered by: 'score|length|fps|ratio|train/loss/|train/acc/|train/inv/|train/rand/'
train/acc/inv 0.54 / train/inv/ce 1.34 / train/inv/confidence 0.31 / train/inv/confidence_gating 0 / train/inv/effective_rep_weight 0.03 / train/inv/head_objective 0.56 / train/inv/head_weight 0 / train/inv/objective 0.56 / train/inv/policy_weight_max 1 / train/inv/policy_weight_mean 1 / train/inv/policy_weight_min 1 / train/inv/policy_weight_std 0 / train/inv/valid_frac 1 / train/inv/weight 0.03 / train/loss/con 0.02 / train/loss/dyn 3.3 / train/loss/image 4.24 / train/loss/inv 0.01 / train/loss/policy -8.4e-3 / train/loss/rep 3.3 / train/loss/repval 1.2 / train/loss/rew 0.55 / train/loss/value 1.16 / replay/replay_ratio 260 / fps/policy 15.12 / fps/train 3870.17

Writing metrics: /home/zhangpeiying01/lfy/btwm-7.7/runs/btwm_dmc_walker_walk_seed0_w025_b11/metrics.jsonl
Writing metrics: /home/zhangpeiying01/lfy/btwm-7.7/runs/btwm_dmc_walker_walk_seed0_w025_b11/scores.jsonl

--------------------[Agent Step 139_632]--------------------
Metrics filtered by: 'score|length|fps|ratio|train/loss/|train/acc/|train/inv/|train/rand/'
train/acc/inv 0.54 / train/inv/ce 1.35 / train/inv/confidence 0.31 / train/inv/confidence_gating 0 / train/inv/effective_rep_weight 0.03 / train/inv/head_objective 0.56 / train/inv/head_weight 0 / train/inv/objective 0.56 / train/inv/policy_weight_max 1 / train/inv/policy_weight_mean 1 / train/inv/policy_weight_min 1 / train/inv/policy_weight_std 0 / train/inv/valid_frac 1 / train/inv/weight 0.03 / train/loss/con 0.02 / train/loss/dyn 3.38 / train/loss/image 4.32 / train/loss/inv 0.01 / train/loss/policy -6e-3 / train/loss/rep 3.38 / train/loss/repval 1.2 / train/loss/rew 0.55 / train/loss/value 1.16 / replay/replay_ratio 260 / fps/policy 15.16 / fps/train 3881.28

Writing metrics: /home/zhangpeiying01/lfy/btwm-7.7/runs/btwm_dmc_walker_walk_seed0_w025_b11/metrics.jsonl
Writing metrics: /home/zhangpeiying01/lfy/btwm-7.7/runs/btwm_dmc_walker_walk_seed0_w025_b11/scores.jsonl

--------------------[Agent Step 141_456]--------------------
Metrics filtered by: 'score|length|fps|ratio|train/loss/|train/acc/|train/inv/|train/rand/'
train/acc/inv 0.54 / train/inv/ce 1.36 / train/inv/confidence 0.31 / train/inv/confidence_gating 0 / train/inv/effective_rep_weight 0.03 / train/inv/head_objective 0.57 / train/inv/head_weight 0 / train/inv/objective 0.57 / train/inv/policy_weight_max 1 / train/inv/policy_weight_mean 1 / train/inv/policy_weight_min 1 / train/inv/policy_weight_std 0 / train/inv/valid_frac 1 / train/inv/weight 0.03 / train/loss/con 0.02 / train/loss/dyn 3.3 / train/loss/image 4.25 / train/loss/inv 0.01 / train/loss/policy -7.2e-3 / train/loss/rep 3.3 / train/loss/repval 1.21 / train/loss/rew 0.55 / train/loss/value 1.15 / replay/replay_ratio 260 / fps/policy 15.15 / fps/train 3879.05

Writing metrics: /home/zhangpeiying01/lfy/btwm-7.7/runs/btwm_dmc_walker_walk_seed0_w025_b11/metrics.jsonl
Writing metrics: /home/zhangpeiying01/lfy/btwm-7.7/runs/btwm_dmc_walker_walk_seed0_w025_b11/scores.jsonl

--------------------[Agent Step 143_280]--------------------
Metrics filtered by: 'score|length|fps|ratio|train/loss/|train/acc/|train/inv/|train/rand/'
train/acc/inv 0.54 / train/inv/ce 1.36 / train/inv/confidence 0.31 / train/inv/confidence_gating 0 / train/inv/effective_rep_weight 0.03 / train/inv/head_objective 0.57 / train/inv/head_weight 0 / train/inv/objective 0.57 / train/inv/policy_weight_max 1 / train/inv/policy_weight_mean 1 / train/inv/policy_weight_min 1 / train/inv/policy_weight_std 0 / train/inv/valid_frac 1 / train/inv/weight 0.03 / train/loss/con 0.02 / train/loss/dyn 3.22 / train/loss/image 4.16 / train/loss/inv 0.01 / train/loss/policy -9e-3 / train/loss/rep 3.22 / train/loss/repval 1.2 / train/loss/rew 0.55 / train/loss/value 1.15 / replay/replay_ratio 260 / fps/policy 15.14 / fps/train 3874.72

Writing metrics: /home/zhangpeiying01/lfy/btwm-7.7/runs/btwm_dmc_walker_walk_seed0_w025_b11/metrics.jsonl
Writing metrics: /home/zhangpeiying01/lfy/btwm-7.7/runs/btwm_dmc_walker_walk_seed0_w025_b11/scores.jsonl

--------------------[Agent Step 145_104]--------------------
Metrics filtered by: 'score|length|fps|ratio|train/loss/|train/acc/|train/inv/|train/rand/'
episode/score 925.24 / episode/length 1001 / train/acc/inv 0.54 / train/inv/ce 1.37 / train/inv/confidence 0.31 / train/inv/confidence_gating 0 / train/inv/effective_rep_weight 0.03 / train/inv/head_objective 0.57 / train/inv/head_weight 0 / train/inv/objective 0.57 / train/inv/policy_weight_max 1 / train/inv/policy_weight_mean 1 / train/inv/policy_weight_min 1 / train/inv/policy_weight_std 0 / train/inv/valid_frac 1 / train/inv/weight 0.03 / train/loss/con 0.02 / train/loss/dyn 3.35 / train/loss/image 4.24 / train/loss/inv 0.01 / train/loss/policy -5e-3 / train/loss/rep 3.35 / train/loss/repval 1.19 / train/loss/rew 0.56 / train/loss/value 1.14 / replay/replay_ratio 260 / fps/policy 15.16 / fps/train 3881.23

Writing metrics: /home/zhangpeiying01/lfy/btwm-7.7/runs/btwm_dmc_walker_walk_seed0_w025_b11/metrics.jsonl
Writing metrics: /home/zhangpeiying01/lfy/btwm-7.7/runs/btwm_dmc_walker_walk_seed0_w025_b11/scores.jsonl

--------------------[Agent Step 146_928]--------------------
Metrics filtered by: 'score|length|fps|ratio|train/loss/|train/acc/|train/inv/|train/rand/'
train/acc/inv 0.53 / train/inv/ce 1.38 / train/inv/confidence 0.3 / train/i