[2026-07-12 20:03:05] model=btwm domain=dmc task=dmc_walker_walk
seed=0 gpu=1 steps=1000000 logdir=/home/zhangpeiying01/lfy/btwm-7.7/runs/btwm_dmc_walker_walk_seed0_w002_b11_1m
variant=v2 param_matched=1 inv_weight=0.02 head_weight=0.0 inv_bins=11 confidence_gating=False policy_weight=0.0
command: python /home/zhangpeiying01/lfy/btwm-7.7/dreamerv3/dreamerv3/main.py --logdir /home/zhangpeiying01/lfy/btwm-7.7/runs/btwm_dmc_walker_walk_seed0_w002_b11_1m --configs dmc_vision --task dmc_walker_walk --seed 0 --run.steps 1000000 --replay.size 300000 --agent.use_btwm True --agent.inv_loss_weight 0.02 --agent.inv_head_loss_weight 0.0 --agent.inv_num_bins 11 --agent.inv_confidence_gating False --agent.inv_policy_weight 0.0 --batch_size 8 --batch_length 32 --report_length 32
2026-07-12 20:05:17.209311: E external/xla/xla/python/profiler/internal/python_hooks.cc:400] Can't import tensorflow.python.profiler.trace
2026-07-12 20:05:19.250244: E external/xla/xla/python/profiler/internal/python_hooks.cc:400] Can't import tensorflow.python.profiler.trace
---  ___                           __   ______ ---
--- |   \ _ _ ___ __ _ _ __  ___ _ \ \ / /__ / ---
--- | |) | '_/ -_) _` | '  \/ -_) '/\ V / |_ \ ---
--- |___/|_| \___\__,_|_|_|_\___|_|  \_/ |___/ ---
Replica: 0 / 1
Logdir: /home/zhangpeiying01/lfy/btwm-7.7/runs/btwm_dmc_walker_walk_seed0_w002_b11_1m
Run script: train
Observations
  is_first         Space(bool, shape=(), low=False, high=True)
  is_last          Space(bool, shape=(), low=False, high=True)
  is_terminal      Space(bool, shape=(), low=False, high=True)
  reward           Space(float32, shape=(), low=-inf, high=inf)
  image            Space(uint8, shape=(64, 64, 3), low=0, high=255)
Actions
  action           Space(float32, shape=(6,), low=-1.0, high=1.0)
Extras
  consec           Space(int32, shape=(), low=-2147483648, high=2147483647)
  stepid           Space(uint8, shape=(20,), low=0, high=255)
  dyn/deter        Space(float32, shape=(8192,), low=-inf, high=inf)
  dyn/stoch        Space(float32, shape=(32, 64), low=-inf, high=inf)
JAX devices (1): [cuda:0]
Policy devices: cuda:0
Train devices:  cuda:0
Initializing parameters...
Optimizer opt has 168,129,360 params:
    97,664,578 dyn
    20,282,115 dec
    12,850,431 val
    12,601,356 pol
    10,749,183 rew
    10,488,833 con
     3,492,864 enc
Done initializing!
Compiling 1 checkpoint groups...
Largest checkpoint group: 2 GB
Compiling train and report...
Train cost analysis:
  FLOPS:            2.3e+11
  Memory (temp):    1.8e+09
  Memory (inputs):  2.1e+09
  Memory (outputs): 2.1e+09
  Memory (code):    4.1e+06

Report cost analysis:
  FLOPS:            8.4e+09
  Memory (temp):    3.4e+08
  Memory (inputs):  4.9e+08
  Memory (outputs): 1.0e+07
  Memory (code):    8.1e+06

Done compiling!
Did not find any checkpoint.
Saving checkpoint: /home/zhangpeiying01/lfy/btwm-7.7/runs/btwm_dmc_walker_walk_seed0_w002_b11_1m/ckpt/20260712T200454F782332
Saved checkpoint.
Start training loop
Start JAX profiler: /home/zhangpeiying01/lfy/btwm-7.7/runs/btwm_dmc_walker_walk_seed0_w002_b11_1m
Stop JAX profiler

--------------------[Agent Step 1_952]--------------------
Metrics filtered by: 'score|length|fps|ratio|train/loss/|train/acc/|train/inv/|train/rand/'
train/acc/inv 0.41 / train/inv/ce 1.84 / train/inv/confidence 0.18 / train/inv/confidence_gating 0 / train/inv/effective_rep_weight 0.02 / train/inv/head_objective 0.77 / train/inv/head_weight 0 / train/inv/objective 0.77 / train/inv/policy_weight_max 1 / train/inv/policy_weight_mean 1 / train/inv/policy_weight_min 1 / train/inv/policy_weight_std 0 / train/inv/valid_frac 1 / train/inv/weight 0.02 / train/loss/con 0.04 / train/loss/dyn 6.19 / train/loss/image 101.28 / train/loss/inv 0.02 / train/loss/policy 1.41 / train/loss/rep 6.19 / train/loss/repval 4.29 / train/loss/rew 1.36 / train/loss/value 3.07 / replay/replay_ratio 217.43 / fps/policy 14.69 / fps/train 2283.09

Writing metrics: /home/zhangpeiying01/lfy/btwm-7.7/runs/btwm_dmc_walker_walk_seed0_w002_b11_1m/metrics.jsonl
Writing metrics: /home/zhangpeiying01/lfy/btwm-7.7/runs/btwm_dmc_walker_walk_seed0_w002_b11_1m/scores.jsonl

--------------------[Agent Step 3_184]--------------------
Metrics filtered by: 'score|length|fps|ratio|train/loss/|train/acc/|train/inv/|train/rand/'
train/acc/inv 0.78 / train/inv/ce 0.96 / train/inv/confidence 0.42 / train/inv/confidence_gating 0 / train/inv/effective_rep_weight 0.02 / train/inv/head_objective 0.4 / train/inv/head_weight 0 / train/inv/objective 0.4 / train/inv/policy_weight_max 1 / train/inv/policy_weight_mean 1 / train/inv/policy_weight_min 1 / train/inv/policy_weight_std 0 / train/inv/valid_frac 1 / train/inv/weight 0.02 / train/loss/con 0.02 / train/loss/dyn 5.1 / train/loss/image 24.07 / train/loss/inv 8e-3 / train/loss/policy 0.63 / train/loss/rep 5.1 / train/loss/repval 1.88 / train/loss/rew 0.46 / train/loss/value 1.53 / replay/replay_ratio 264 / fps/policy 10.14 / fps/train 2596

Writing metrics: /home/zhangpeiying01/lfy/btwm-7.7/runs/btwm_dmc_walker_walk_seed0_w002_b11_1m/metrics.jsonl
Writing metrics: /home/zhangpeiying01/lfy/btwm-7.7/runs/btwm_dmc_walker_walk_seed0_w002_b11_1m/scores.jsonl

--------------------[Agent Step 4_384]--------------------
Metrics filtered by: 'score|length|fps|ratio|train/loss/|train/acc/|train/inv/|train/rand/'
train/acc/inv 0.89 / train/inv/ce 0.59 / train/inv/confidence 0.6 / train/inv/confidence_gating 0 / train/inv/effective_rep_weight 0.02 / train/inv/head_objective 0.25 / train/inv/head_weight 0 / train/inv/objective 0.25 / train/inv/policy_weight_max 1 / train/inv/policy_weight_mean 1 / train/inv/policy_weight_min 1 / train/inv/policy_weight_std 0 / train/inv/valid_frac 1 / train/inv/weight 0.02 / train/loss/con 0.02 / train/loss/dyn 5.09 / train/loss/image 18.64 / train/loss/inv 5e-3 / train/loss/policy 0.09 / train/loss/rep 5.09 / train/loss/repval 1.3 / train/loss/rew 0.47 / train/loss/value 1.1 / replay/replay_ratio 264 / fps/policy 9.88 / fps/train 2530.25

Writing metrics: /home/zhangpeiying01/lfy/btwm-7.7/runs/btwm_dmc_walker_walk_seed0_w002_b11_1m/metrics.jsonl
Writing metrics: /home/zhangpeiying01/lfy/btwm-7.7/runs/btwm_dmc_walker_walk_seed0_w002_b11_1m/scores.jsonl

--------------------[Agent Step 5_568]--------------------
Metrics filtered by: 'score|length|fps|ratio|train/loss/|train/acc/|train/inv/|train/rand/'
train/acc/inv 0.9 / train/inv/ce 0.48 / train/inv/confidence 0.68 / train/inv/confidence_gating 0 / train/inv/effective_rep_weight 0.02 / train/inv/head_objective 0.2 / train/inv/head_weight 0 / train/inv/objective 0.2 / train/inv/policy_weight_max 1 / train/inv/policy_weight_mean 1 / train/inv/policy_weight_min 1 / train/inv/policy_weight_std 0 / train/inv/valid_frac 1 / train/inv/weight 0.02 / train/loss/con 0.02 / train/loss/dyn 4.96 / train/loss/image 15.4 / train/loss/inv 4e-3 / train/loss/policy 0.05 / train/loss/rep 4.96 / train/loss/repval 1.13 / train/loss/rew 0.48 / train/loss/value 1.03 / replay/replay_ratio 264 / fps/policy 9.85 / fps/train 2521.79

Writing metrics: /home/zhangpeiying01/lfy/btwm-7.7/runs/btwm_dmc_walker_walk_seed0_w002_b11_1m/metrics.jsonl
Writing metrics: /home/zhangpeiying01/lfy/btwm-7.7/runs/btwm_dmc_walker_walk_seed0_w002_b11_1m/scores.jsonl

--------------------[Agent Step 6_768]--------------------
Metrics filtered by: 'score|length|fps|ratio|train/loss/|train/acc/|train/inv/|train/rand/'
train/acc/inv 0.88 / train/inv/ce 0.5 / train/inv/confidence 0.68 / train/inv/confidence_gating 0 / train/inv/effective_rep_weight 0.02 / train/inv/head_objective 0.21 / train/inv/head_weight 0 / train/inv/objective 0.21 / train/inv/policy_weight_max 1 / train/inv/policy_weight_mean 1 / train/inv/policy_weight_min 1 / train/inv/policy_weight_std 0 / train/inv/valid_frac 1 / train/inv/weight 0.02 / train/loss/con 0.02 / train/loss/dyn 4.73 / train/loss/image 13.16 / train/loss/inv 4.2e-3 / train/loss/policy 0.04 / train/loss/rep 4.73 / train/loss/repval 1.06 / train/loss/rew 0.49 / train/loss/value 0.92 / replay/replay_ratio 264 / fps/policy 9.91 / fps/train 2537.19

Writing metrics: /home/zhangpeiying01/lfy/btwm-7.7/runs/btwm_dmc_walker_walk_seed0_w002_b11_1m/scores.jsonl
Writing metrics: /home/zhangpeiying01/lfy/btwm-7.7/runs/btwm_dmc_walker_walk_seed0_w002_b11_1m/metrics.jsonl

--------------------[Agent Step 7_968]--------------------
Metrics filtered by: 'score|length|fps|ratio|train/loss/|train/acc/|train/inv/|train/rand/'
train/acc/inv 0.86 / train/inv/ce 0.55 / train/inv/confidence 0.67 / train/inv/confidence_gating 0 / train/inv/effective_rep_weight 0.02 / train/inv/head_objective 0.23 / train/inv/head_weight 0 / train/inv/objective 0.23 / train/inv/policy_weight_max 1 / train/inv/policy_weight_mean 1 / train/inv/policy_weight_min 1 / train/inv/policy_weight_std 0 / train/inv/valid_frac 1 / train/inv/weight 0.02 / train/loss/con 0.02 / train/loss/dyn 4.83 / train/loss/image 12.48 / train/loss/inv 4.6e-3 / train/loss/policy 0.03 / train/loss/rep 4.83 / train/loss/repval 1.11 / train/loss/rew 0.49 / train/loss/value 1.12 / replay/replay_ratio 264 / fps/policy 9.98 / fps/train 2555.98

Writing metrics: /home/zhangpeiying01/lfy/btwm-7.7/runs/btwm_dmc_walker_walk_seed0_w002_b11_1m/scores.jsonl
Writing metrics: /home/zhangpeiying01/lfy/btwm-7.7/runs/btwm_dmc_walker_walk_seed0_w002_b11_1m/metrics.jsonl

--------------------[Agent Step 9_168]--------------------
Metrics filtered by: 'score|length|fps|ratio|train/loss/|train/acc/|train/inv/|train/rand/'
train/acc/inv 0.85 / train/inv/ce 0.57 / train/inv/confidence 0.66 / train/inv/confidence_gating 0 / train/inv/effective_rep_weight 0.02 / train/inv/head_objective 0.24 / train/inv/head_weight 0 / train/inv/objective 0.24 / train/inv/policy_weight_max 1 / train/inv/policy_weight_mean 1 / train/inv/policy_weight_min 1 / train/inv/policy_weight_std 0 / train/inv/valid_frac 1 / train/inv/weight 0.02 / train/loss/con 0.02 / train/loss/dyn 4.77 / train/loss/image 12.01 / train/loss/inv 4.7e-3 / train/loss/policy 0.04 / train/loss/rep 4.77 / train/loss/repval 1.28 / train/loss/rew 0.5 / train/loss/value 1.18 / replay/replay_ratio 264 / fps/policy 9.91 / fps/train 2537.26

Writing metrics: /home/zhangpeiying01/lfy/btwm-7.7/runs/btwm_dmc_walker_walk_seed0_w002_b11_1m/scores.jsonl
Writing metrics: /home/zhangpeiying01/lfy/btwm-7.7/runs/btwm_dmc_walker_walk_seed0_w002_b11_1m/metrics.jsonl

--------------------[Agent Step 10_368]--------------------
Metrics filtered by: 'score|length|fps|ratio|train/loss/|train/acc/|train/inv/|train/rand/'
train/acc/inv 0.84 / train/inv/ce 0.56 / train/inv/confidence 0.66 / train/inv/confidence_gating 0 / train/inv/effective_rep_weight 0.02 / train/inv/head_objective 0.24 / train/inv/head_weight 0 / train/inv/objective 0.24 / train/inv/policy_weight_max 1 / train/inv/policy_weight_mean 1 / train/inv/policy_weight_min 1 / train/inv/policy_weight_std 0 / train/inv/valid_frac 1 / train/inv/weight 0.02 / train/loss/con 0.02 / train/loss/dyn 4.73 / train/loss/image 11.82 / train/loss/inv 4.7e-3 / train/loss/policy 0.03 / train/loss/rep 4.73 / train/loss/repval 1.3 / train/loss/rew 0.49 / train/loss/value 1.19 / replay/replay_ratio 264 / fps/policy 9.93 / fps/train 2543.23

Writing metrics: /home/zhangpeiying01/lfy/btwm-7.7/runs/btwm_dmc_walker_walk_seed0_w002_b11_1m/metrics.jsonl
Writing metrics: /home/zhangpeiying01/lfy/btwm-7.7/runs/btwm_dmc_walker_walk_seed0_w002_b11_1m/scores.jsonl

--------------------[Agent Step 11_568]--------------------
Metrics filtered by: 'score|length|fps|ratio|train/loss/|train/acc/|train/inv/|train/rand/'
train/acc/inv 0.84 / train/inv/ce 0.58 / train/inv/confidence 0.65 / train/inv/confidence_gating 0 / train/inv/effective_rep_weight 0.02 / train/inv/head_objective 0.24 / train/inv/head_weight 0 / train/inv/objective 0.24 / train/inv/policy_weight_max 1 / train/inv/policy_weight_mean 1 / train/inv/policy_weight_min 1 / train/inv/policy_weight_std 0 / train/inv/valid_frac 1 / train/inv/weight 0.02 / train/loss/con 0.02 / train/loss/dyn 4.7 / train/loss/image 11.19 / train/loss/inv 4.8e-3 / train/loss/policy 0.02 / train/loss/rep 4.7 / train/loss/repval 1.14 / train/loss/rew 0.49 / train/loss/value 1.04 / replay/replay_ratio 264 / fps/policy 9.96 / fps/train 2549.26

Writing metrics: /home/zhangpeiying01/lfy/btwm-7.7/runs/btwm_dmc_walker_walk_seed0_w002_b11_1m/scores.jsonl
Writing metrics: /home/zhangpeiying01/lfy/btwm-7.7/runs/btwm_dmc_walker_walk_seed0_w002_b11_1m/metrics.jsonl

--------------------[Agent Step 12_768]--------------------
Metrics filtered by: 'score|length|fps|ratio|train/loss/|train/acc/|train/inv/|train/rand/'
train/acc/inv 0.84 / train/inv/ce 0.56 / train/inv/confidence 0.65 / train/inv/confidence_gating 0 / train/inv/effective_rep_weight 0.02 / train/inv/head_objective 0.23 / train/inv/head_weight 0 / train/inv/objective 0.23 / train/inv/policy_weight_max 1 / train/inv/policy_weight_mean 1 / train/inv/policy_weight_min 1 / train/inv/policy_weight_std 0 / train/inv/valid_frac 1 / train/inv/weight 0.02 / train/loss/con 0.02 / train/loss/dyn 4.64 / train/loss/image 10.88 / train/loss/inv 4.7e-3 / train/loss/policy -0.02 / train/loss/rep 4.64 / train/loss/repval 1.08 / train/loss/rew 0.5 / train/loss/value 1.05 / replay/replay_ratio 264 / fps/policy 9.92 / fps/train 2539

Writing metrics: /home/zhangpeiying01/lfy/btwm-7.7/runs/btwm_dmc_walker_walk_seed0_w002_b11_1m/metrics.jsonl
Writing metrics: /home/zhangpeiying01/lfy/btwm-7.7/runs/btwm_dmc_walker_walk_seed0_w002_b11_1m/scores.jsonl

--------------------[Agent Step 13_968]--------------------
Metrics filtered by: 'score|length|fps|ratio|train/loss/|train/acc/|train/inv/|train/rand/'
train/acc/inv 0.83 / train/inv/ce 0.57 / train/inv/confidence 0.65 / train/inv/confidence_gating 0 / train/inv/effective_rep_weight 0.02 / train/inv/head_objective 0.24 / train/inv/head_weight 0 / train/inv/objective 0.24 / train/inv/policy_weight_max 1 / train/inv/policy_weight_mean 1 / train/inv/policy_weight_min 1 / train/inv/policy_weight_std 0 / train/inv/valid_frac 1 / train/inv/weight 0.02 / train/loss/con 0.02 / train/loss/dyn 4.61 / train/loss/image 10.48 / train/loss/inv 4.7e-3 / train/loss/policy -0.02 / train/loss/rep 4.61 / train/loss/repval 1.13 / train/loss/rew 0.49 / train/loss/value 0.95 / replay/replay_ratio 264 / fps/policy 9.98 / fps/train 2554.31

Writing metrics: /home/zhangpeiying01/lfy/btwm-7.7/runs/btwm_dmc_walker_walk_seed0_w002_b11_1m/metrics.jsonl
Writing metrics: /home/zhangpeiying01/lfy/btwm-7.7/runs/btwm_dmc_walker_walk_seed0_w002_b11_1m/scores.jsonl

--------------------[Agent Step 15_184]--------------------
Metrics filtered by: 'score|length|fps|ratio|train/loss/|train/acc/|train/inv/|train/rand/'
train/acc/inv 0.83 / train/inv/ce 0.57 / train/inv/confidence 0.64 / train/inv/confidence_gating 0 / train/inv/effective_rep_weight 0.02 / train/inv/head_objective 0.24 / train/inv/head_weight 0 / train/inv/objective 0.24 / train/inv/policy_weight_max 1 / train/inv/policy_weight_mean 1 / train/inv/policy_weight_min 1 / train/inv/policy_weight_std 0 / train/inv/valid_frac 1 / train/inv/weight 0.02 / train/loss/con 0.02 / train/loss/dyn 4.56 / train/loss/image 10.09 / train/loss/inv 4.8e-3 / train/loss/policy -0.03 / train/loss/rep 4.56 / train/loss/repval 1.04 / train/loss/rew 0.49 / train/loss/value 1.06 / replay/replay_ratio 264 / fps/policy 10.05 / fps/train 2572.4

Writing metrics: /home/zhangpeiying01/lfy/btwm-7.7/runs/btwm_dmc_walker_walk_seed0_w002_b11_1m/metrics.jsonl
Writing metrics: /home/zhangpeiying01/lfy/btwm-7.7/runs/btwm_dmc_walker_walk_seed0_w002_b11_1m/scores.jsonl
Exception writing 'timer.txt' column
Exception writing 'usage-nvsmi-output.txt' column

--------------------[Agent Step 16_416]--------------------
Metrics filtered by: 'score|length|fps|ratio|train/loss/|train/acc/|train/inv/|train/rand/'
episode/score 103.44 / episode/length 1001 / train/acc/inv 0.83 / train/inv/ce 0.58 / train/inv/confidence 0.64 / train/inv/confidence_gating 0 / train/inv/effective_rep_weight 0.02 / train/inv/head_objective 0.24 / train/inv/head_weight 0 / train/inv/objective 0.24 / train/inv/policy_weight_max 1 / train/inv/policy_weight_mean 1 / train/inv/policy_weight_min 1 / train/inv/policy_weight_std 0 / train/inv/valid_frac 1 / train/inv/weight 0.02 / train/loss/con 0.02 / train/loss/dyn 4.59 / train/loss/image 9.89 / train/