[2026-06-13 11:44:51] model=btwm domain=atari task=atari100k_pong
seed=0 gpu=4 steps=100000 logdir=/data2/liguoqi/habmm/hab_z/btwm/runs/btwm_atari_pong_seed0
command: python /data2/liguoqi/habmm/hab_z/btwm/dreamerv3/dreamerv3/main.py --logdir /data2/liguoqi/habmm/hab_z/btwm/runs/btwm_atari_pong_seed0 --configs atari100k --task atari100k_pong --seed 0 --run.steps 100000 --replay.size 500000 --agent.use_btwm True --agent.inv_loss_weight 0.1 --batch_size 8 --batch_length 32 --report_length 32
A.L.E: Arcade Learning Environment (version 0.9.0+750d7f9)
[Powered by Stella]
Could not load symbol cuFuncGetName. Error: /lib/x86_64-linux-gnu/libcuda.so.1: undefined symbol: cuFuncGetName
2026-06-13 11:47:07.251573: E external/xla/xla/python/profiler/internal/python_hooks.cc:400] Can't import tensorflow.python.profiler.trace
2026-06-13 11:47:09.897559: E external/xla/xla/python/profiler/internal/python_hooks.cc:400] Can't import tensorflow.python.profiler.trace
---  ___                           __   ______ ---
--- |   \ _ _ ___ __ _ _ __  ___ _ \ \ / /__ / ---
--- | |) | '_/ -_) _` | '  \/ -_) '/\ V / |_ \ ---
--- |___/|_| \___\__,_|_|_|_\___|_|  \_/ |___/ ---
Replica: 0 / 1
Logdir: /data2/liguoqi/habmm/hab_z/btwm/runs/btwm_atari_pong_seed0
Run script: train
Observations
  image            Space(uint8, shape=(64, 64, 3), low=0, high=255)
  reward           Space(float32, shape=(), low=-inf, high=inf)
  is_first         Space(bool, shape=(), low=False, high=True)
  is_last          Space(bool, shape=(), low=False, high=True)
  is_terminal      Space(bool, shape=(), low=False, high=True)
Actions
  action           Space(int32, shape=(), low=0, high=6)
Extras
  consec           Space(int32, shape=(), low=-2147483648, high=2147483647)
  stepid           Space(uint8, shape=(20,), low=0, high=255)
  dyn/deter        Space(float32, shape=(8192,), low=-inf, high=inf)
  dyn/stoch        Space(float32, shape=(32, 64), low=-inf, high=inf)
JAX devices (1): [cuda:0]
Policy devices: cuda:0
Train devices:  cuda:0
Initializing parameters...
Optimizer opt has 176,958,734 params:
   106,500,102 dyn
    20,282,115 dec
    12,850,431 val
    12,595,206 pol
    10,749,183 rew
    10,488,833 con
     3,492,864 enc
Done initializing!
Compiling 1 checkpoint groups...
Largest checkpoint group: 2 GB
Compiling train and report...
Train cost analysis:
  FLOPS:            2.3e+11
  Memory (temp):    1.9e+09
  Memory (inputs):  2.2e+09
  Memory (outputs): 2.2e+09
  Memory (code):    4.1e+06

Report cost analysis:
  FLOPS:            8.4e+09
  Memory (temp):    3.4e+08
  Memory (inputs):  4.9e+08
  Memory (outputs): 1.0e+07
  Memory (code):    8.1e+06

Done compiling!
Did not find any checkpoint.
Saving checkpoint: /data2/liguoqi/habmm/hab_z/btwm/runs/btwm_atari_pong_seed0/ckpt/20260613T114642F899936
Saved checkpoint.
Start training loop
Start JAX profiler: /data2/liguoqi/habmm/hab_z/btwm/runs/btwm_atari_pong_seed0
Stop JAX profiler

--------------------[Agent Step 4_840]--------------------
Metrics filtered by: 'score|length|fps|ratio|train/loss/|train/acc/|train/inv/|train/rand/'
episode/score -21 / episode/length 761 / train/acc/inv 0.9 / train/inv/ce 0.3 / train/inv/valid_frac 1 / train/loss/con 0.04 / train/loss/dyn 2.89 / train/loss/image 61.63 / train/loss/inv 0.03 / train/loss/policy -0.18 / train/loss/rep 2.89 / train/loss/repval 4.76 / train/loss/rew 1.38 / train/loss/value 3.31 / train/rand/action 0.85 / replay/replay_ratio 207.08 / fps/policy 9.21 / fps/train 1798.76

Writing metrics: /data2/liguoqi/habmm/hab_z/btwm/runs/btwm_atari_pong_seed0/metrics.jsonl
Writing metrics: /data2/liguoqi/habmm/hab_z/btwm/runs/btwm_atari_pong_seed0/scores.jsonl

--------------------[Agent Step 8_760]--------------------
Metrics filtered by: 'score|length|fps|ratio|train/loss/|train/acc/|train/inv/|train/rand/'
episode/score -21 / episode/length 763 / train/acc/inv 0.9 / train/inv/ce 0.26 / train/inv/valid_frac 1 / train/loss/con 0.03 / train/loss/dyn 1.04 / train/loss/image 2.94 / train/loss/inv 0.03 / train/loss/policy -0.01 / train/loss/rep 1.04 / train/loss/repval 2.01 / train/loss/rew 0.14 / train/loss/value 1.15 / train/rand/action 0.11 / replay/replay_ratio 264 / fps/policy 8.15 / fps/train 2086.35

Writing metrics: /data2/liguoqi/habmm/hab_z/btwm/runs/btwm_atari_pong_seed0/metrics.jsonl
Writing metrics: /data2/liguoqi/habmm/hab_z/btwm/runs/btwm_atari_pong_seed0/scores.jsonl

--------------------[Agent Step 12_680]--------------------
Metrics filtered by: 'score|length|fps|ratio|train/loss/|train/acc/|train/inv/|train/rand/'
episode/score -21 / episode/length 759 / train/acc/inv 1 / train/inv/ce 0.01 / train/inv/valid_frac 1 / train/loss/con 0.03 / train/loss/dyn 1.08 / train/loss/image 2.41 / train/loss/inv 1.1e-3 / train/loss/policy -6.5e-4 / train/loss/rep 1.08 / train/loss/repval 1.71 / train/loss/rew 0.14 / train/loss/value 1.08 / train/rand/action 0.13 / replay/replay_ratio 264 / fps/policy 8.16 / fps/train 2089.05

Writing metrics: /data2/liguoqi/habmm/hab_z/btwm/runs/btwm_atari_pong_seed0/scores.jsonl
Writing metrics: /data2/liguoqi/habmm/hab_z/btwm/runs/btwm_atari_pong_seed0/metrics.jsonl

--------------------[Agent Step 16_640]--------------------
Metrics filtered by: 'score|length|fps|ratio|train/loss/|train/acc/|train/inv/|train/rand/'
episode/score -21 / episode/length 765 / train/acc/inv 1 / train/inv/ce 5.2e-3 / train/inv/valid_frac 1 / train/loss/con 0.03 / train/loss/dyn 1.27 / train/loss/image 1.92 / train/loss/inv 5.2e-4 / train/loss/policy -1.6e-4 / train/loss/rep 1.27 / train/loss/repval 1.68 / train/loss/rew 0.13 / train/loss/value 1.17 / train/rand/action 0.26 / replay/replay_ratio 264 / fps/policy 8.18 / fps/train 2093.24

Writing metrics: /data2/liguoqi/habmm/hab_z/btwm/runs/btwm_atari_pong_seed0/metrics.jsonl
Writing metrics: /data2/liguoqi/habmm/hab_z/btwm/runs/btwm_atari_pong_seed0/scores.jsonl

--------------------[Agent Step 20_600]--------------------
Metrics filtered by: 'score|length|fps|ratio|train/loss/|train/acc/|train/inv/|train/rand/'
episode/score -21 / episode/length 761 / train/acc/inv 1 / train/inv/ce 3.5e-3 / train/inv/valid_frac 1 / train/loss/con 0.02 / train/loss/dyn 1.43 / train/loss/image 1.22 / train/loss/inv 3.5e-4 / train/loss/policy 4.6e-3 / train/loss/rep 1.43 / train/loss/repval 1.56 / train/loss/rew 0.05 / train/loss/value 1.3 / train/rand/action 0.13 / replay/replay_ratio 264 / fps/policy 8.18 / fps/train 2094.87

Writing metrics: /data2/liguoqi/habmm/hab_z/btwm/runs/btwm_atari_pong_seed0/metrics.jsonl
Writing metrics: /data2/liguoqi/habmm/hab_z/btwm/runs/btwm_atari_pong_seed0/scores.jsonl

--------------------[Agent Step 24_560]--------------------
Metrics filtered by: 'score|length|fps|ratio|train/loss/|train/acc/|train/inv/|train/rand/'
episode/score -21 / episode/length 763 / train/acc/inv 1 / train/inv/ce 7.8e-3 / train/inv/valid_frac 1 / train/loss/con 0.02 / train/loss/dyn 1.28 / train/loss/image 0.62 / train/loss/inv 7.8e-4 / train/loss/policy 4.7e-5 / train/loss/rep 1.28 / train/loss/repval 1.45 / train/loss/rew 0.02 / train/loss/value 1.2 / train/rand/action 0.11 / replay/replay_ratio 264 / fps/policy 8.18 / fps/train 2095.23

Writing metrics: /data2/liguoqi/habmm/hab_z/btwm/runs/btwm_atari_pong_seed0/metrics.jsonl
Writing metrics: /data2/liguoqi/habmm/hab_z/btwm/runs/btwm_atari_pong_seed0/scores.jsonl

--------------------[Agent Step 28_520]--------------------
Metrics filtered by: 'score|length|fps|ratio|train/loss/|train/acc/|train/inv/|train/rand/'
episode/score -21 / episode/length 825 / train/acc/inv 1 / train/inv/ce 2.4e-4 / train/inv/valid_frac 1 / train/loss/con 0.02 / train/loss/dyn 1.24 / train/loss/image 0.42 / train/loss/inv 2.4e-5 / train/loss/policy 1.5e-3 / train/loss/rep 1.24 / train/loss/repval 1.37 / train/loss/rew 0.02 / train/loss/value 1.13 / train/rand/action 0.21 / replay/replay_ratio 264 / fps/policy 8.19 / fps/train 2096.34

Writing metrics: /data2/liguoqi/habmm/hab_z/btwm/runs/btwm_atari_pong_seed0/metrics.jsonl
Writing metrics: /data2/liguoqi/habmm/hab_z/btwm/runs/btwm_atari_pong_seed0/scores.jsonl

--------------------[Agent Step 32_640]--------------------
Metrics filtered by: 'score|length|fps|ratio|train/loss/|train/acc/|train/inv/|train/rand/'
episode/score -21 / episode/length 944 / train/acc/inv 1 / train/inv/ce 9.7e-5 / train/inv/valid_frac 1 / train/loss/con 0.02 / train/loss/dyn 1.2 / train/loss/image 0.41 / train/loss/inv 9.7e-6 / train/loss/policy 1.1e-3 / train/loss/rep 1.2 / train/loss/repval 1.34 / train/loss/rew 0.02 / train/loss/value 1.17 / train/rand/action 0.23 / replay/replay_ratio 264 / fps/policy 8.52 / fps/train 2181.75

Writing metrics: /data2/liguoqi/habmm/hab_z/btwm/runs/btwm_atari_pong_seed0/metrics.jsonl
Writing metrics: /data2/liguoqi/habmm/hab_z/btwm/runs/btwm_atari_pong_seed0/scores.jsonl

--------------------[Agent Step 36_880]--------------------
Metrics filtered by: 'score|length|fps|ratio|train/loss/|train/acc/|train/inv/|train/rand/'
train/acc/inv 1 / train/inv/ce 4.8e-5 / train/inv/valid_frac 1 / train/loss/con 0.02 / train/loss/dyn 1.17 / train/loss/image 0.43 / train/loss/inv 4.8e-6 / train/loss/policy 1.7e-3 / train/loss/rep 1.17 / train/loss/repval 1.25 / train/loss/rew 0.02 / train/loss/value 1.12 / train/rand/action 0.19 / replay/replay_ratio 264 / fps/policy 8.76 / fps/train 2242.24

Writing metrics: /data2/liguoqi/habmm/hab_z/btwm/runs/btwm_atari_pong_seed0/scores.jsonl
Writing metrics: /data2/liguoqi/habmm/hab_z/btwm/runs/btwm_atari_pong_seed0/metrics.jsonl

--------------------[Agent Step 41_080]--------------------
Metrics filtered by: 'score|length|fps|ratio|train/loss/|train/acc/|train/inv/|train/rand/'
episode/score -21 / episode/length 825 / train/acc/inv 1 / train/inv/ce 0.02 / train/inv/valid_frac 1 / train/loss/con 0.02 / train/loss/dyn 1.16 / train/loss/image 0.42 / train/loss/inv 1.5e-3 / train/loss/policy 1.9e-3 / train/loss/rep 1.16 / train/loss/repval 1.28 / train/loss/rew 0.02 / train/loss/value 1.14 / train/rand/action 0.18 / replay/replay_ratio 264 / fps/policy 8.74 / fps/train 2237.39

Writing metrics: /data2/liguoqi/habmm/hab_z/btwm/runs/btwm_atari_pong_seed0/scores.jsonl
Writing metrics: /data2/liguoqi/habmm/hab_z/btwm/runs/btwm_atari_pong_seed0/metrics.jsonl

--------------------[Agent Step 45_320]--------------------
Metrics filtered by: 'score|length|fps|ratio|train/loss/|train/acc/|train/inv/|train/rand/'
train/acc/inv 1 / train/inv/ce 2.6e-4 / train/inv/valid_frac 1 / train/loss/con 0.02 / train/loss/dyn 1.18 / train/loss/image 0.43 / train/loss/inv 2.6e-5 / train/loss/policy 2.4e-3 / train/loss/rep 1.18 / train/loss/repval 1.19 / train/loss/rew 0.02 / train/loss/value 1.05 / train/rand/action 0.16 / replay/replay_ratio 264 / fps/policy 8.78 / fps/train 2247.09

Writing metrics: /data2/liguoqi/habmm/hab_z/btwm/runs/btwm_atari_pong_seed0/scores.jsonl
Writing metrics: /data2/liguoqi/habmm/hab_z/btwm/runs/btwm_atari_pong_seed0/metrics.jsonl

--------------------[Agent Step 49_280]--------------------
Metrics filtered by: 'score|length|fps|ratio|train/loss/|train/acc/|train/inv/|train/rand/'
episode/score -20 / episode/length 1363 / train/acc/inv 1 / train/inv/ce 7.7e-5 / train/inv/valid_frac 1 / train/loss/con 0.02 / train/loss/dyn 1.18 / train/loss/image 0.41 / train/loss/inv 7.7e-6 / train/loss/policy 2.9e-3 / train/loss/rep 1.18 / train/loss/repval 1.25 / train/loss/rew 0.02 / train/loss/value 1.11 / train/rand/action 0.16 / replay/replay_ratio 264 / fps/policy 8.19 / fps/train 2096.67

Writing metrics: /data2/liguoqi/habmm/hab_z/btwm/runs/btwm_atari_pong_seed0/scores.jsonl
Writing metrics: /data2/liguoqi/habmm/hab_z/btwm/runs/btwm_atari_pong_seed0/metrics.jsonl

--------------------[Agent Step 53_200]--------------------
Metrics filtered by: 'score|length|fps|ratio|train/loss/|train/acc/|train/inv/|train/rand/'
episode/score -19 / episode/length 1222 / train/acc/inv 1 / train/inv/ce 4.1e-5 / train/inv/valid_frac 1 / train/loss/con 0.02 / train/loss/dyn 1.2 / train/loss/image 0.43 / train/loss/inv 4.1e-6 / train/loss/policy 2.9e-3 / train/loss/rep 1.2 / train/loss/repval 1.29 / train/loss/rew 0.02 / train/loss/value 1.15 / train/rand/action 0.16 / replay/replay_ratio 264 / fps/policy 8.13 / fps/train 2082.44

Writing metrics: /data2/liguoqi/habmm/hab_z/btwm/runs/btwm_atari_pong_seed0/metrics.jsonl
Writing metrics: /data2/liguoqi/habmm/hab_z/btwm/runs/btwm_atari_pong_seed0/scores.jsonl

--------------------[Agent Step 57_120]--------------------
Metrics filtered by: 'score|length|fps|ratio|train/loss/|train/acc/|train/inv/|train/rand/'
train/acc/inv 1 / train/inv/ce 0.01 / train/inv/valid_frac 1 / train/loss/con 0.02 / train/loss/dyn 1.2 / train/loss/image 0.4 / train/loss/inv 1.1e-3 / train/loss/policy 3e-3 / train/loss/rep 1.2 / train/loss/repval 1.23 / train/loss/rew 0.02 / train/loss/value 1.11 / train/rand/action 0.14 / replay/replay_ratio 264 / fps/policy 8.13 / fps/train 2080.73

Writing metrics: /data2/liguoqi/habmm/hab_z/btwm/runs/btwm_atari_pong_seed0/metrics.jsonl
Writing metrics: /data2/liguoqi/habmm/hab_z/btwm/runs/btwm_atari_pong_seed0/scores.jsonl

--------------------[Agent Step 61_040]--------------------
Metrics filtered by: 'score|length|fps|ratio|train/loss/|train/acc/|train/inv/|train/rand/'
episode/score -21 / episode/length 1663 / train/acc/inv 1 / train/inv/ce 4.6e-4 / train/inv/valid_frac 1 / train/loss/con 0.02 / train/loss/dyn 1.27 / train/loss/image 0.36 / train/loss/inv 4.6e-5 / train/loss/policy 2.2e-3 / train/loss/rep 1.27 / train/loss/repval 1.2 / train/loss/rew 0.02 / train/loss/value 1.05 / train/rand/action 0.12 / replay/replay_ratio 264 / fps/policy 8.09 / fps/train 2070.85

Writing metrics: /data2/liguoqi/habmm/hab_z/btwm/runs/btwm_atari_pong_seed0/metrics.jsonl
Writing metrics: /data2/liguoqi/habmm/hab_z/btwm/runs/btwm_atari_pong_seed0/scores.jsonl

--------------------[Agent Step 64_960]--------------------
Metrics filtered by: 'score|length|fps|ratio|train/loss/|train/acc/|train/inv/|train/rand/'
train/acc/inv 1 / train/inv/ce 1.2e-4 / train/inv/valid_frac 1 / train/loss/con 0.02 / train/loss/dyn 1.28 / train/loss/image 0.3 / train/loss/inv 1.2e-5 / train/loss/policy 2.4e-3 / train/loss/rep 1.28 / train/loss/repval 1.19 / train/loss/rew 0.02 / train/loss/value 1.03 / train/rand/action 0.12 / replay/replay_ratio 264 / fps/policy 8.1 / fps/train 2073.65

Writing metrics: /data2/liguoqi/habmm/hab_z/btwm/runs/btwm_atari_pong_seed0/metrics.jsonl
Writing metrics: /data2/liguoqi/habmm/hab_z/btwm/runs/btwm_atari_pong_seed0/scores.jsonl

--------------------[Agent Step 68_880]--------------------
Metrics filtered by: 'score|length|fps|ratio|train/loss/|train/acc/|train/inv/|train/rand/'
episode/score -21 / episode/length 1841 / train/acc/inv 1 / train/inv/ce 4.1e-3 / train/inv/valid_frac 1 / train/loss/con 0.02 / train/loss/dyn 1.33 / train/loss/image 0.31 / train/loss/inv 4.1e-4 / train/loss/policy 2.3e-3 / train/loss/rep 1.33 / train/loss/repval 1.22 / train/loss/rew 0.02 / train/loss/value 1.07 / train/rand/action 0.13 / replay/replay_ratio 264 / fps/policy 8.14 / fps/train 2084.14

Writing metrics: /data2/liguoqi/habmm/hab_z/btwm/runs/btwm_atari_pong_seed0/metrics.jsonl
Writing metrics: /data2/liguoqi/habmm/hab_z/btwm/runs/btwm_atari_pong_seed0/scores.jsonl

--------------------[Agent Step 72_800]--------------------
Metrics filtered by: 'score|length|fps|ratio|train/loss/|train/acc/|train/inv/|train/rand/'
train/acc/inv 1 / train/inv/ce 6.2e-5 / train/inv/valid_frac 1 / train/loss/con 0.02 / train/loss/dyn 1.31 / train/loss/image 0.33 / train/loss/inv 6.2e-6 / train/loss/policy 3.1e-3 / train/loss/rep 1.31 / train/loss/repval 1.3 / train/loss/rew 0.02 / train/loss/value 1.11 / train/rand/action 0.1 / replay/replay_ratio 264 / fps/policy 8.13 / fps/train 2082.09

Writing metrics: /data2/liguoqi/habmm/hab_z/btwm/runs/btwm_atari_pong_seed0/scores.jsonl
Writing metrics: /data2/liguoqi/habmm/hab_z/btwm/runs/btwm_atari_pong_seed0/metrics.jsonl

--------------------[Agent Step 76_720]--------------------
Metrics filtered by: 'score|length|fps|ratio|train/loss/|train/acc/|train/inv/|train/rand/'
episode/score -13 / episode/length 2216 / train/acc/inv 1 / train/inv/ce 2.8e-5 / train/inv/valid_frac 1 / train/loss/con 0.02 / train/loss/dyn 1.33 / train/loss/image 0.32 / train/loss/inv 2.8e-6 / train/loss/policy 3.2e-3 / train/loss/rep 1.33 / train/loss/repval 1.45 / train/loss/rew 0.01 / train/loss/value 1.24 / train/rand/action 0.08 / replay/replay_ratio 264 / fps/policy 8.11 / fps/train 2076.36

Writing metrics: /data2/liguoqi/habmm/hab_z/btwm/runs/btwm_atari_pong_seed0/scores.jsonl
Writing metrics: /data2/liguoqi/habmm/hab_z/btwm/runs/btwm_atari_pong_seed0/metrics.jsonl

--------------------[Agent Step 80_640]--------------------
Metrics filtered by: 'score|length|fps|ratio|train/loss/|train/acc/|train/inv/|train/rand/'
train/acc/inv 1 / train/inv/ce 9.1e-3 / train/inv/valid_frac 1 / train/loss/con 0.02 / train/loss/dyn 1.31 / train/loss/image 0.3 / train/loss/inv 9.1e-4 / train/loss/policy 3.8e-3 / train/loss/rep 1.31 / train/loss/repval 1.53 / train/loss/rew 0.01 / train/loss/value 1.3 / train/rand/action 0.08 / replay/replay_ratio 264 / fps/policy 8.12 / fps/train 2079.49

Writing metrics: /data2/liguoqi/habmm/hab_z/btwm/runs/btwm_atari_pong_seed0/metrics.jsonl
Writing metrics: /data2/liguoqi/habmm/hab_z/btwm/runs/btwm_atari_pong_seed0/scores.jsonl

--------------------[Agent Step 84_560]--------------------
Metrics filtered by: 'score|length|fps|ratio|train/loss/|train/acc/|train/inv/|train/rand/'
train/acc/inv 1 / train/inv/ce 1e-4 / train/inv/valid_frac 1 / train/loss/con 0.02 / train/loss/dyn 1.33 / train/loss/image 0.31 / train/loss/inv 1e-5 / train/loss/policy 3.3e-3 / train/loss/rep 1.33 / train/loss/repval 1.68 / train/loss/rew 0.01 / train/loss/value 1.39 / train/rand/action 0.08 / replay/replay_ratio 264 / fps/policy 8.14 / fps/train 2083.72

Writing metrics: /data2/liguoqi/habmm/hab_z/btwm/runs/btwm_atari_pong_seed0/scores.jsonl
Writing metrics: /data2/liguoqi/habmm/hab_z/btwm/runs/btwm_atari_pong_seed0/metrics.jsonl

--------------------[Agent Step 88_440]--------------------
Metrics filtered by: 'score|length|fps|ratio|train/loss/|train/acc/|train/inv/|train/rand/'
episode/score -14 / episode/length 2830 / train/acc/inv 1 / train/inv/ce 6e-3 / train/inv/valid_frac 1 / train/loss/con 0.02 / train/loss/dyn 1.34 / train/loss/image 0.3 / train/loss/inv 6e-4 / train/loss/policy 3.7e-3 / train/loss/rep 1.34 / train/loss/repval 1.76 / train/loss/rew 0.01 / train/loss/value 1.43 / train/rand/action 0.08 / replay/replay_ratio 264 / fps/policy 8.06 / fps/train 2064.05

Writing metrics: /data2/liguoqi/habmm/hab_z/btwm/runs/btwm_atari_pong_seed0/metrics.jsonl
Writing metrics: /data2/liguoqi/habmm/hab_z/btwm/runs/btwm_atari_pong_seed0/scores.jsonl

--------------------[Agent Step 92_360]--------------------
Metrics filtered by: 'score|length|fps|ratio|train/loss/|train/acc/|train/inv/|train/rand/'
train/acc/inv 1 / train/inv/ce 1.7e-4 / train/inv/valid_frac 1 / train/loss/con 0.02 / train/loss/dyn 1.31 / train/loss/image 0.28 / train/loss/inv 1.7e-5 / train/loss/policy 2.6e-3 / train/loss/rep 1.31 / train/loss/repval 1.66 / train/loss/rew 0.01 / train/loss/value 1.35 / train/rand/action 0.08 / replay/replay_ratio 264 / fps/policy 8.16 / fps/train 2088.26

Writing metrics: /data2/liguoqi/habmm/hab_z/btwm/runs/btwm_atari_pong_seed0/metrics.jsonl
Writing metrics: /data2/liguoqi/habmm/hab_z/btwm/runs/btwm_atari_pong_seed0/scores.jsonl

--------------------[Agent Step 96_280]--------------------
Metrics filtered by: 'score|length|fps|ratio|train/loss/|train/acc/|train/inv/|train/rand/'
train/acc/inv 1 / train/inv/ce 4.8e-5 / train/inv/valid_frac 1 / train/loss/con 0.02 / train/loss/dyn 1.31 / train/loss/image 0.3 / train/loss/inv 4.8e-6 / train/loss/policy 2.8e-3 / train/loss/rep 1.31 / train/loss/repval 1.72 / train/loss/rew 0.01 / train/loss/value 1.4 / train/rand/action 0.08 / replay/replay_ratio 264 / fps/policy 8.14 / fps/train 2082.63

Writing metrics: /data2/liguoqi/habmm/hab_z/btwm/runs/btwm_atari_pong_seed0/scores.jsonl
Writing metrics: /data2/liguoqi/habmm/hab_z/btwm/runs/btwm_atari_pong_seed0/metrics.jsonl

--------------------[Agent Step 100_200]--------------------
Metrics filtered by: 'score|length|fps|ratio|train/loss/|train/acc/|train/inv/|train/rand/'
episode/score -11 / episode/length 3393 / train/acc/inv 1 / train/inv/ce 4.3e-3 / train/inv/valid_frac 1 / train/loss/con 0.02 / train/loss/dyn 1.33 / train/loss/image 0.29 / train/loss/inv 4.3e-4 / train/loss/policy 2.8e-3 / train/loss/rep 1.33 / train/loss/repval 1.78 / train/loss/rew 0.01 / train/loss/value 1.43 / train/rand/action 0.08 / replay/replay_ratio 264 / fps/policy 8.13 / fps/train 2082.55

Writing metrics: /data2/liguoqi/habmm/hab_z/btwm/runs/btwm_atari_pong_seed0/scores.jsonl
Writing metrics: /data2/liguoqi/habmm/hab_z/btwm/runs/btwm_atari_pong_seed0/metrics.jsonl

--------------------[Agent Step 104_120]--------------------
Metrics filtered by: 'score|length|fps|ratio|train/loss/|train/acc/|train/inv/|train/rand/'
train/acc/inv 1 / train/inv/ce 4.2e-4 / train/inv/valid_frac 1 / train/loss/con 0.02 / train/loss/dyn 1.34 / train/loss/image 0.28 / train/loss/inv 4.2e-5 / train/loss/policy 2.3e-3 / train/loss/rep 1.34 / train/loss/repval 1.82 / train/loss/rew 0.01 / train/loss/value 1.48 / train/rand/action 0.08 / replay/replay_ratio 264 / fps/policy 8.16 / fps/train 2090.19

Writing metrics: /data2/liguoqi/habmm/hab_z/btwm/runs/btwm_atari_pong_seed0/metrics.jsonl
Writing metrics: /data2/liguoqi/habmm/hab_z/btwm/runs/btwm_atari_pong_seed0/scores.jsonl

--------------------[Agent Step 108_040]--------------------
Metrics filtered by: 'score|length|fps|ratio|train/loss/|train/acc/|train/inv/|train/rand/'
train/acc/inv 1 / train/inv/ce 6.5e-5 / train/inv/valid_frac 1 / train/loss/con 0.02 / train/loss/dyn 1.32 / train/loss/image 0.28 / train/loss/inv 6.5e-6 / train/loss/policy 2.3e-3 / train/loss/rep 1.32 / train/loss/repval 1.91 / train/loss/rew 0.01 / train/loss/value 1.54 / train/rand/action 0.08 / replay/replay_ratio 264 / fps/policy 8.13 / fps/train 2081.57

Writing metrics: /data2/liguoqi/habmm/hab_z/btwm/runs/btwm_atari_pong_seed0/metrics.jsonl
Writing metrics: /data2/liguoqi/habmm/hab_z/btwm/runs/btwm_atari_pong_seed0/scores.jsonl

--------------------[Agent Step 111_960]--------------------
Metrics filtered by: 'score|length|fps|ratio|train/loss/|train/acc/|train/inv/|train/rand/'
episode/score -15 / episode/length 2679 / train/acc/inv 1 / train/inv/ce 4.8e-3 / train/inv/valid_frac 1 / train/loss/con 0.02 / train/loss/dyn 1.33 / train/loss/image 0.26 / train/loss/inv 4.8e-4 / train/loss/policy 1.4e-3 / train/loss/rep 1.33 / train/loss/repval 1.87 / train/loss/rew 0.01 / train/loss/value 1.48 / train/rand/action 0.08 / replay/replay_ratio 264 / fps/policy 8.14 / fps/train 2084.07

Writing metrics: /data2/liguoqi/habmm/hab_z/btwm/runs/btwm_atari_pong_seed0/metrics.jsonl
Writing metrics: /data2/liguoqi/habmm/hab_z/btwm/runs/btwm_atari_pong_seed0/scores.jsonl

--------------------[Agent Step 115_880]--------------------
Metrics filtered by: 'score|length|fps|ratio|train/loss/|train/acc/|train/inv/|train/rand/'
train/acc/inv 1 / train/inv/ce 2.8e-4 / train/inv/valid_frac 1 / train/loss/con 0.02 / train/loss/dyn 1.32 / train/loss/image 0.24 / train/loss/inv 2.8e-5 / train/loss/policy 1.3e-3 / train/loss/rep 1.32 / train/loss/repval 1.8 / train/loss/rew 0.01 / train/loss/value 1.4 / train/rand/action 0.08 / replay/replay_ratio 264 / fps/policy 8.14 / fps/train 2083.71

Writing metrics: /data2/liguoqi/habmm/hab_z/btwm/runs/btwm_atari_pong_seed0/scores.jsonl
Writing metrics: /data2/liguoqi/habmm/hab_z/btwm/runs/btwm_atari_pong_seed0/metrics.jsonl
Saving checkpoint: /data2/liguoqi/habmm/hab_z/btwm/runs/btwm_atari_pong_seed0/ckpt/20260613T124653F124091
Saved checkpoint.

--------------------[Agent Step 119_440]--------------------
Metrics filtered by: 'score|length|fps|ratio|train/loss/|train/acc/|train/inv/|train/rand/'
train/acc/inv 1 / train/inv/ce 6.1e-5 / train/inv/valid_frac 1 / train/loss/con 0.02 / train/loss/dyn 1.34 / train/loss/image 0.24 / train/loss/inv 6.1e-6 / train/loss/policy 1.6e-3 / train/loss/rep 1.34 / train/loss/repval 1.76 / train/loss/rew 0.01 / train/loss/value 1.38 / train/rand/action 0.09 / replay/replay_ratio 264 / fps/policy 7.38 / fps/train 1888.25

Writing metrics: /data2/liguoqi/habmm/hab_z/btwm/runs/btwm_atari_pong_seed0/scores.jsonl
Writing metrics: /data2/liguoqi/habmm/hab_z/btwm/runs/btwm_atari_pong_seed0/metrics.jsonl

--------------------[Agent Step 123_360]--------------------
Metrics filtered by: 'score|length|fps|ratio|train/loss/|train/acc/|train/inv/|train/rand/'
episode/score -17 / episode/length 2471 / train/acc/inv 1 / train/inv/ce 5.8e-3 / train/inv/valid_frac 1 / train/loss/con 0.02 / train/loss/dyn 1.33 / train/loss/image 0.24 / train/loss/inv 5.8e-4 / train/loss/policy 2e-3 / train/loss/rep 1.33 / train/loss/repval 1.78 / train/loss/rew 0.01 / train/loss/value 1.41 / train/rand/action 0.1 / replay/replay_ratio 264 / fps/policy 8.14 / fps/train 2085.01

Writing metrics: /data2/liguoqi/habmm/hab_z/btwm/runs/btwm_atari_pong_seed0/metrics.jsonl
Writing metrics: /data2/liguoqi/habmm/hab_z/btwm/runs/btwm_atari_pong_seed0/scores.jsonl

--------------------[Agent Step 127_280]--------------------
Metrics filtered by: 'score|length|fps|ratio|train/loss/|train/acc/|train/inv/|train/rand/'
train/acc/inv 1 / train/inv/ce 7.3e-5 / train/inv/valid_frac 1 / train/loss/con 0.02 / train/loss/dyn 1.32 / train/loss/image 0.24 / train/loss/inv 7.3e-6 / train/loss/policy 2.5e-3 / train/loss/rep 1.32 / train/loss/repval 1.86 / train/loss/rew 0.01 / train/loss/value 1.5 / train/rand/action 0.1 / replay/replay_ratio 264 / fps/policy 8.15 / fps/train 2087.18

Writing metrics: /data2/liguoqi/habmm/hab_z/btwm/runs/btwm_atari_pong_seed0/scores.jsonl
Writing metrics: /data2/liguoqi/habmm/hab_z/btwm/runs/btwm_atari_pong_seed0/metrics.jsonl

--------------------[Agent Step 131_200]--------------------
Metrics filtered by: 'score|length|fps|ratio|train/loss/|train/acc/|train/inv/|train/rand/'
train/acc/inv 1 / train/inv/ce 2.2e-3 / train/inv/valid_frac 1 / train/loss/con 0.02 / train/loss/dyn 1.33 / train/loss/image 0.24 / train/loss/inv 2.2e-4 / train/loss/policy 2.1e-3 / train/loss/rep 1.33 / train/loss/repval 1.85 / train/loss/rew 0.01 / train/loss/value 1.47 / train/rand/action 0.09 / replay/replay_ratio 264 / fps/policy 8.12 / fps/train 2079.45

Writing metrics: /data2/liguoqi/habmm/hab_z/btwm/runs/btwm_atari_pong_seed0/scores.jsonl
Writing metrics: /data2/liguoqi/habmm/hab_z/btwm/runs/btwm_atari_pong_seed0/metrics.jsonl

--------------------[Agent Step 135_120]--------------------
Metrics filtered by: 'score|length|fps|ratio|train/loss/|train/acc/|train/inv/|train/rand/'
episode/score -11 / episode/length 3288 / train/acc/inv 1 / train/inv/ce 1.2e-3 / train/inv/valid_frac 1 / train/loss/con 0.02 / train/loss/dyn 1.31 / train/loss/image 0.22 / train/loss/inv 1.2e-4 / train/loss/policy 1.4e-3 / train/loss/rep 1.31 / train/loss/repval 1.78 / train/loss/rew 0.01 / train/loss/value 1.41 / train/rand/action 0.09 / replay/replay_ratio 264 / fps/policy 8.15 / fps/train 2086.38

Writing metrics: /data2/liguoqi/habmm/hab_z/btwm/runs/btwm_atari_pong_seed0/metrics.jsonl
Writing metrics: /data2/liguoqi/habmm/hab_z/btwm/runs/btwm_atari_pong_seed0/scores.jsonl

--------------------[Agent Step 139_040]--------------------
Metrics filtered by: 'score|length|fps|ratio|train/loss/|train/acc/|train/inv/|train/rand/'
train/acc/inv 1 / train/inv/ce 9e-5 / train/inv/valid_frac 1 / train/loss/con 0.02 / train/loss/dyn 1.31 / train/loss/image 0.22 / train/loss/inv 9e-6 / train/loss/policy 1.9e-3 / train/loss/rep 1.31 / train/loss/repval 1.91 / train/loss/rew 0.01 / train/loss/value 1.5 / train/rand/action 0.1 / replay/replay_ratio 264 / fps/policy 8.16 / fps/train 2088.1

Writing metrics: /data2/liguoqi/habmm/hab_z/btwm/runs/btwm_atari_pong_seed0/scores.jsonl
Writing metrics: /data2/liguoqi/habmm/hab_z/btwm/runs/btwm_atari_pong_seed0/metrics.jsonl

--------------------[Agent Step 142_960]--------------------
Metrics filtered by: 'score|length|fps|ratio|train/loss/|train/acc/|train/inv/|train/rand/'
train/acc/inv 1 / train/inv/ce 2.9e-5 / train/inv/valid_frac 1 / train/loss/con 0.02 / train/loss/dyn 1.32 / train/loss/image 0.21 / train/loss/inv 2.9e-6 / train/loss/policy 2.4e-3 / train/loss/rep 1.32 / train/loss/repval 1.96 / train/loss/rew 0.01 / train/loss/value 1.54 / train/rand/action 0.09 / replay/replay_ratio 264 / fps/policy 8.15 / fps/train 2086.26

Writing metrics: /data2/liguoqi/habmm/hab_z/btwm/runs/btwm_atari_pong_seed0/metrics.jsonl
Writing metrics: /data2/liguoqi/habmm/hab_z/btwm/runs/btwm_atari_pong_seed0/scores.jsonl

--------------------[Agent Step 146_880]--------------------
Metrics filtered by: 'score|length|fps|ratio|train/loss/|train/acc/|train/inv/|train/rand/'
episode/score -11 / episode/length 3317 / train/acc/inv 1 / train/inv/ce 1.1e-5 / train/inv/valid_frac 1 / train/loss/con 0.02 / train/loss/dyn 1.27 / train/loss/image 0.2 / train/loss/inv 1.1e-6 / train/loss/policy 1.7e-3 / train/loss/rep 1.27 / train/loss/repval 1.82 / train/loss/rew 0.01 / train/loss/value 1.45 / train/rand/action 0.09 / replay/replay_ratio 264 / fps/policy 8.14 / fps/train 2083.84

Writing metrics: /data2/liguoqi/habmm/hab_z/btwm/runs/btwm_atari_pong_seed0/metrics.jsonl
Writing metrics: /data2/liguoqi/habmm/hab_z/btwm/runs/btwm_atari_pong_seed0/scores.jsonl

--------------------[Agent Step 150_800]--------------------
Metrics filtered by: 'score|length|fps|ratio|train/loss/|train/acc/|train/inv/|train/rand/'
train/acc/inv 1 / train/inv/ce 4.4e-3 / train/inv/valid_frac 1 / train/loss/con 0.02 / train/loss/dyn 1.28 / train/loss/image 0.2 / train/loss/inv 4.4e-4 / train/loss/policy 1.3e-3 / train/loss/rep 1.28 / train/loss/repval 1.82 / train/loss/rew 0.01 / train/loss/value 1.45 / train/rand/action 0.08 / replay/replay_ratio 264 / fps/policy 8.14 / fps/train 2082.76

Writing metrics: /data2/liguoqi/habmm/hab_z/btwm/runs/btwm_atari_pong_seed0/metrics.jsonl
Writing metrics: /data2/liguoqi/habmm/hab_z/btwm/runs/btwm_atari_pong_seed0/scores.jsonl

--------------------[Agent Step 154_720]--------------------
Metrics filtered by: 'score|length|fps|ratio|train/loss/|train/acc/|train/inv/|train/rand/'
train/acc/inv 1 / train/inv/ce 1.2e-4 / train/inv/valid_frac 1 / train/loss/con 0.02 / train/loss/dyn 1.28 / train/loss/image 0.19 / train/loss/inv 1.2e-5 / train/loss/policy 2.4e-3 / train/loss/rep 1.28 / train/loss/repval 2.04 / train/loss/rew 0.01 / train/loss/value 1.63 / train/rand/action 0.08 / replay/replay_ratio 264 / fps/policy 8.14 / fps/train 2082.84

Writing metrics: /data2/liguoqi/habmm/hab_z/btwm/runs/btwm_atari_pong_seed0/metrics.jsonl
Writing metrics: /data2/liguoqi/habmm/hab_z/btwm/runs/btwm_atari_pong_seed0/scores.jsonl

--------------------[Agent Step 158_640]--------------------
Metrics filtered by: 'score|length|fps|ratio|train/loss/|train/acc/|train/inv/|train/rand/'
train/acc/inv 1 / train/inv/ce 4.2e-4 / train/inv/valid_frac 1 / train/loss/con 0.02 / train/loss/dyn 1.3 / train/loss/image 0.19 / train/loss/inv 4.2e-5 / train/loss/policy 1.3e-3 / train/loss/rep 1.3 / train/loss/repval 1.92 / train/loss/rew 0.01 / train/loss/value 1.49 / train/rand/action 0.07 / replay/replay_ratio 264 / fps/policy 8.11 / fps/train 2075.51

Writing metrics: /data2/liguoqi/habmm/hab_z/btwm/runs/btwm_atari_pong_seed0/scores.jsonl
Writing metrics: /data2/liguoqi/habmm/hab_z/btwm/runs/btwm_atari_pong_seed0/metrics.jsonl

--------------------[Agent Step 162_560]--------------------
Metrics filtered by: 'score|length|fps|ratio|train/loss/|train/acc/|train/inv/|train/rand/'
episode/score -12 / episode/length 3287 / train/acc/inv 1 / train/inv/ce 3.1e-4 / train/inv/valid_frac 1 / train/loss/con 0.02 / train/loss/dyn 1.25 / train/loss/image 0.18 / train/loss/inv 3.1e-5 / train/loss/policy 1.8e-3 / train/loss/rep 1.25 / train/loss/repval 1.89 / train/loss/rew 0.01 / train/loss/value 1.5 / train/rand/action 0.07 / replay/replay_ratio 264 / fps/policy 8.13 / fps/train 2082.06

Writing metrics: /data2/liguoqi/habmm/hab_z/btwm/runs/btwm_atari_pong_seed0/scores.jsonl
Writing metrics: /data2/liguoqi/habmm/hab_z/btwm/runs/btwm_atari_pong_seed0/metrics.jsonl

--------------------[Agent Step 166_480]--------------------
Metrics filtered by: 'score|length|fps|ratio|train/loss/|train/acc/|train/inv/|train/rand/'
train/acc/inv 1 / train/inv/ce 4.1e-3 / train/inv/valid_frac 1 / train/loss/con 0.02 / train/loss/dyn 1.27 / train/loss/image 0.18 / train/loss/inv 4.1e-4 / train/loss/policy 1.9e-3 / train/loss/rep 1.27 / train/loss/repval 1.95 / train/loss/rew 0.01 / train/loss/value 1.54 / train/rand/action 0.08 / replay/replay_ratio 264 / fps/policy 8.12 / fps/train 2079.24

Writing metrics: /data2/liguoqi/habmm/hab_z/btwm/runs/btwm_atari_pong_seed0/metrics.jsonl
Writing metrics: /data2/liguoqi/habmm/hab_z/btwm/runs/btwm_atari_pong_seed0/scores.jsonl

--------------------[Agent Step 170_400]--------------------
Metrics filtered by: 'score|length|fps|ratio|train/loss/|train/acc/|train/inv/|train/rand/'
train/acc/inv 1 / train/inv/ce 4.5e-5 / train/inv/valid_frac 1 / train/loss/con 0.02 / train/loss/dyn 1.26 / train/loss/image 0.18 / train/loss/inv 4.5e-6 / train/loss/policy 1.3e-3 / train/loss/rep 1.26 / train/loss/repval 1.73 / train/loss/rew 0.01 / train/loss/value 1.39 / train/rand/action 0.08 / replay/replay_ratio 264 / fps/policy 8.1 / fps/train 2074.51

Writing metrics: /data2/liguoqi/habmm/hab_z/btwm/runs/btwm_atari_pong_seed0/scores.jsonl
Writing metrics: /data2/liguoqi/habmm/hab_z/btwm/runs/btwm_atari_pong_seed0/metrics.jsonl

--------------------[Agent Step 174_320]--------------------
Metrics filtered by: 'score|length|fps|ratio|train/loss/|train/acc/|train/inv/|train/rand/'
episode/score -14 / episode/length 3365 / train/acc/inv 1 / train/inv/ce 1.5e-3 / train/inv/valid_frac 1 / train/loss/con 0.02 / train/loss/dyn 1.27 / train/loss/image 0.18 / train/loss/inv 1.5e-4 / train/loss/policy 1.4e-3 / train/loss/rep 1.27 / train/loss/repval 1.88 / train/loss/rew 9.7e-3 / train/loss/value 1.48 / train/rand/action 0.08 / replay/replay_ratio 264 / fps/policy 8.11 / fps/train 2076.53

Writing metrics: /data2/liguoqi/habmm/hab_z/btwm/runs/btwm_atari_pong_seed0/metrics.jsonl
Writing metrics: /data2/liguoqi/habmm/hab_z/btwm/runs/btwm_atari_pong_seed0/scores.jsonl

--------------------[Agent Step 178_240]--------------------
Metrics filtered by: 'score|length|fps|ratio|train/loss/|train/acc/|train/inv/|train/rand/'
train/acc/inv 1 / train/inv/ce 4.9e-5 / train/inv/valid_frac 1 / train/loss/con 0.02 / train/loss/dyn 1.27 / train/loss/image 0.18 / train/loss/inv 4.9e-6 / train/loss/policy 2.5e-3 / train/loss/rep 1.27 / train/loss/repval 1.97 / train/loss/rew 9.9e-3 / train/loss/value 1.56 / train/rand/action 0.08 / replay/replay_ratio 264 / fps/policy 8.11 / fps/train 2077.34

Writing metrics: /data2/liguoqi/habmm/hab_z/btwm/runs/btwm_atari_pong_seed0/metrics.jsonl
Writing metrics: /data2/liguoqi/habmm/hab_z/btwm/runs/btwm_atari_pong_seed0/scores.jsonl

--------------------[Agent Step 182_160]--------------------
Metrics filtered by: 'score|length|fps|ratio|train/loss/|train/acc/|train/inv/|train/rand/'
train/acc/inv 1 / train/inv/ce 6.7e-3 / train/inv/valid_frac 1 / train/loss/con 0.02 / train/loss/dyn 1.25 / train/loss/image 0.17 / train/loss/inv 6.7e-4 / train/loss/policy 1.4e-3 / train/loss/rep 1.25 / train/loss/repval 1.81 / train/loss/rew 9.6e-3 / train/loss/value 1.43 / train/rand/action 0.07 / replay/replay_ratio 264 / fps/policy 8.13 / fps/train 2082

Writing metrics: /data2/liguoqi/habmm/hab_z/btwm/runs/btwm_atari_pong_seed0/metrics.jsonl
Writing metrics: /data2/liguoqi/habmm/hab_z/btwm/runs/btwm_atari_pong_seed0/scores.jsonl

--------------------[Agent Step 186_080]--------------------
Metrics filtered by: 'score|length|fps|ratio|train/loss/|train/acc/|train/inv/|train/rand/'
episode/score -13 / episode/length 2691 / train/acc/inv 1 / train/inv/ce 4.2e-4 / train/inv/valid_frac 1 / train/loss/con 0.02 / train/loss/dyn 1.25 / train/loss/image 0.17 / train/loss/inv 4.2e-5 / train/loss/policy 1.3e-3 / train/loss/rep 1.25 / train/loss/repval 1.83 / train/loss/rew 9.6e-3 / train/loss/value 1.45 / train/rand/action 0.07 / replay/replay_ratio 264 / fps/policy 8.13 / fps/train 2081.95

Writing metrics: /data2/liguoqi/habmm/hab_z/btwm/runs/btwm_atari_pong_seed0/metrics.jsonl
Writing metrics: /data2/liguoqi/habmm/hab_z/btwm/runs/btwm_atari_pong_seed0/scores.jsonl

--------------------[Agent Step 190_000]--------------------
Metrics filtered by: 'score|length|fps|ratio|train/loss/|train/acc/|train/inv/|train/rand/'
train/acc/inv 1 / train/inv/ce 3.8e-5 / train/inv/valid_frac 1 / train/loss/con 0.02 / train/loss/dyn 1.23 / train/loss/image 0.16 / train/loss/inv 3.8e-6 / train/loss/policy 1.9e-3 / train/loss/rep 1.23 / train/loss/repval 1.9 / train/loss/rew 9.4e-3 / train/loss/value 1.5 / train/rand/action 0.07 / replay/replay_ratio 264 / fps/policy 8.12 / fps/train 2079.65

Writing metrics: /data2/liguoqi/habmm/hab_z/btwm/runs/btwm_atari_pong_seed0/metrics.jsonl
Writing metrics: /data2/liguoqi/habmm/hab_z/btwm/runs/btwm_atari_pong_seed0/scores.jsonl

--------------------[Agent Step 193_920]--------------------
Metrics filtered by: 'score|length|fps|ratio|train/loss/|train/acc/|train/inv/|train/rand/'
train/acc/inv 1 / train/inv/ce 3.2e-3 / train/inv/valid_frac 1 / train/loss/con 0.02 / train/loss/dyn 1.26 / train/loss/image 0.16 / train/loss/inv 3.2e-4 / train/loss/policy 1.5e-3 / train/loss/rep 1.26 / train/loss/repval 1.9 / train/loss/rew 9.6e-3 / train/loss/value 1.5 / train/rand/action 0.08 / replay/replay_ratio 264 / fps/policy 8.14 / fps/train 2084.17

Writing metrics: /data2/liguoqi/habmm/hab_z/btwm/runs/btwm_atari_pong_seed0/metrics.jsonl
Writing metrics: /data2/liguoqi/habmm/hab_z/btwm/runs/btwm_atari_pong_seed0/scores.jsonl

--------------------[Agent Step 197_840]--------------------
Metrics filtered by: 'score|length|fps|ratio|train/loss/|train/acc/|train/inv/|train/rand/'
episode/score -12 / episode/length 3188 / train/acc/inv 1 / train/inv/ce 9e-5 / train/inv/valid_frac 1 / train/loss/con 0.02 / train/loss/dyn 1.25 / train/loss/image 0.16 / train/loss/inv 9e-6 / train/loss/policy 1.7e-3 / train/loss/rep 1.25 / train/loss/repval 1.84 / train/loss/rew 9.6e-3 / train/loss/value 1.48 / train/rand/action 0.07 / replay/replay_ratio 264 / fps/policy 8.11 / fps/train 2076.73

Writing metrics: /data2/liguoqi/habmm/hab_z/btwm/runs/btwm_atari_pong_seed0/metrics.jsonl
Writing metrics: /data2/liguoqi/habmm/hab_z/btwm/runs/btwm_atari_pong_seed0/scores.jsonl

--------------------[Agent Step 201_760]--------------------
Metrics filtered by: 'score|length|fps|ratio|train/loss/|train/acc/|train/inv/|train/rand/'
train/acc/inv 1 / train/inv/ce 3e-4 / train/inv/valid_frac 1 / train/loss/con 0.02 / train/loss/dyn 1.24 / train/loss/image 0.16 / train/loss/inv 3e-5 / train/loss/policy 1.5e-3 / train/loss/rep 1.24 / train/loss/repval 1.86 / train/loss/rew 9.6e-3 / train/loss/value 1.48 / train/rand/action 0.08 / replay/replay_ratio 264 / fps/policy 8.14 / fps/train 2084.47

Writing metrics: /data2/liguoqi/habmm/hab_z/btwm/runs/btwm_atari_pong_seed0/metrics.jsonl
Writing metrics: /data2/liguoqi/habmm/hab_z/btwm/runs/btwm_atari_pong_seed0/scores.jsonl

--------------------[Agent Step 205_680]--------------------
Metrics filtered by: 'score|length|fps|ratio|train/loss/|train/acc/|train/inv/|train/rand/'
train/acc/inv 1 / train/inv/ce 9e-4 / train/inv/valid_frac 1 / train/loss/con 0.02 / train/loss/dyn 1.25 / train/loss/image 0.16 / train/loss/inv 9e-5 / train/loss/policy 1.5e-3 / train/loss/rep 1.25 / train/loss/repval 1.95 / train/loss/rew 9.4e-3 / train/loss/value 1.55 / train/rand/action 0.08 / replay/replay_ratio 264 / fps/policy 8.13 / fps/train 2081.77

Writing metrics: /data2/liguoqi/habmm/hab_z/btwm/runs/btwm_atari_pong_seed0/metrics.jsonl
Writing metrics: /data2/liguoqi/habmm/hab_z/btwm/runs/btwm_atari_pong_seed0/scores.jsonl

--------------------[Agent Step 209_640]--------------------
Metrics filtered by: 'score|length|fps|ratio|train/loss/|train/acc/|train/inv/|train/rand/'
train/acc/inv 1 / train/inv/ce 1.6e-5 / train/inv/valid_frac 1 / train/loss/con 0.02 / train/loss/dyn 1.27 / train/loss/image 0.19 / train/loss/inv 1.6e-6 / train/loss/policy 1.7e-3 / train/loss/rep 1.27 / train/loss/repval 1.88 / train/loss/rew 9.3e-3 / train/loss/value 1.53 / train/rand/action 0.07 / replay/replay_ratio 264 / fps/policy 8.17 / fps/train 2090.51

Writing metrics: /data2/liguoqi/habmm/hab_z/btwm/runs/btwm_atari_pong_seed0/metrics.jsonl
Writing metrics: /data2/liguoqi/habmm/hab_z/btwm/runs/btwm_atari_pong_seed0/scores.jsonl

--------------------[Agent Step 213_560]--------------------
Metrics filtered by: 'score|length|fps|ratio|train/loss/|train/acc/|train/inv/|train/rand/'
episode/score -4 / episode/length 3730 / train/acc/inv 1 / train/inv/ce 3.5e-5 / train/inv/valid_frac 1 / train/loss/con 0.02 / train/loss/dyn 1.24 / train/loss/image 0.17 / train/loss/inv 3.5e-6 / train/loss/policy 2e-3 / train/loss/rep 1.24 / train/loss/repval 1.96 / train/loss/rew 9.5e-3 / train/loss/value 1.56 / train/rand/action 0.07 / replay/replay_ratio 264 / fps/policy 8.14 / fps/train 2083.13

Writing metrics: /data2/liguoqi/habmm/hab_z/btwm/runs/btwm_atari_pong_seed0/metrics.jsonl
Writing metrics: /data2/liguoqi/habmm/hab_z/btwm/runs/btwm_atari_pong_seed0/scores.jsonl

--------------------[Agent Step 217_480]--------------------
Metrics filtered by: 'score|length|fps|ratio|train/loss/|train/acc/|train/inv/|train/rand/'
train/acc/inv 1 / train/inv/ce 3.8e-3 / train/inv/valid_frac 1 / train/loss/con 0.02 / train/loss/dyn 1.24 / train/loss/image 0.17 / train/loss/inv 3.8e-4 / train/loss/policy 1.5e-3 / train/loss/rep 1.24 / train/loss/repval 1.86 / train/loss/rew 9e-3 / train/loss/value 1.48 / train/rand/action 0.07 / replay/replay_ratio 264 / fps/policy 8.13 / fps/train 2080.52

Writing metrics: /data2/liguoqi/habmm/hab_z/btwm/runs/btwm_atari_pong_seed0/scores.jsonl
Writing metrics: /data2/liguoqi/habmm/hab_z/btwm/runs/btwm_atari_pong_seed0/metrics.jsonl

--------------------[Agent Step 221_400]--------------------
Metrics filtered by: 'score|length|fps|ratio|train/loss/|train/acc/|train/inv/|train/rand/'
train/acc/inv 1 / train/inv/ce 2.5e-4 / train/inv/valid_frac 1 / train/loss/con 0.02 / train/loss/dyn 1.24 / train/loss/image 0.16 / train/loss/inv 2.5e-5 / train/loss/policy 1.7e-3 / train/loss/rep 1.24 / train/loss/repval 1.92 / train/loss/rew 9.2e-3 / train/loss/value 1.52 / train/rand/action 0.08 / replay/replay_ratio 264 / fps/policy 8.13 / fps/train 2080.79

Writing metrics: /data2/liguoqi/habmm/hab_z/btwm/runs/btwm_atari_pong_seed0/metrics.jsonl
Writing metrics: /data2/liguoqi/habmm/hab_z/btwm/runs/btwm_atari_pong_seed0/scores.jsonl

--------------------[Agent Step 225_360]--------------------
Metrics filtered by: 'score|length|fps|ratio|train/loss/|train/acc/|train/inv/|train/rand/'
train/acc/inv 1 / train/inv/ce 4.1e-5 / train/inv/valid_frac 1 / train/loss/con 0.02 / train/loss/dyn 1.22 / train/loss/image 0.16 / train/loss/inv 4.1e-6 / train/loss/policy 1.4e-3 / train/loss/rep 1.22 / train/loss/repval 1.93 / train/loss/rew 9.1e-3 / train/loss/value 1.52 / train/rand/action 0.07 / replay/replay_ratio 264 / fps/policy 8.16 / fps/train 2090.21

Writing metrics: /data2/liguoqi/habmm/hab_z/btwm/runs/btwm_atari_pong_seed0/scores.jsonl
Writing metrics: /data2/liguoqi/habmm/hab_z/btwm/runs/btwm_atari_pong_seed0/metrics.jsonl

--------------------[Agent Step 229_280]--------------------
Metrics filtered by: 'score|length|fps|ratio|train/loss/|train/acc/|train/inv/|train/rand/'
episode/score -10 / episode/length 3794 / train/acc/inv 1 / train/inv/ce 8.4e-4 / train/inv/valid_frac 1 / train/loss/con 0.02 / train/loss/dyn 1.23 / train/loss/image 0.16 / train/loss/inv 8.4e-5 / train/loss/policy 1.6e-3 / train/loss/rep 1.23 / train/loss/repval 1.88 / train/loss/rew 9e-3 / train/loss/value 1.52 / train/rand/action 0.07 / replay/replay_ratio 264 / fps/policy 8.12 / fps/train 2079.79

Writing metrics: /data2/liguoqi/habmm/hab_z/btwm/runs/btwm_atari_pong_seed0/metrics.jsonl
Writing metrics: /data2/liguoqi/habmm/hab_z/btwm/runs/btwm_atari_pong_seed0/scores.jsonl

--------------------[Agent Step 233_200]--------------------
Metrics filtered by: 'score|length|fps|ratio|train/loss/|train/acc/|train/inv/|train/rand/'
train/acc/inv 1 / train/inv/ce 1.7e-5 / train/inv/valid_frac 1 / train/loss/con 0.02 / train/loss/dyn 1.26 / train/loss/image 0.16 / train/loss/inv 1.7e-6 / train/loss/policy 1.4e-3 / train/loss/rep 1.26 / train/loss/repval 1.87 / train/loss/rew 8.9e-3 / train/loss/value 1.5 / train/rand/action 0.07 / replay/replay_ratio 264 / fps/policy 8.12 / fps/train 2077.82

Writing metrics: /data2/liguoqi/habmm/hab_z/btwm/runs/btwm_atari_pong_seed0/scores.jsonl
Writing metrics: /data2/liguoqi/habmm/hab_z/btwm/runs/btwm_atari_pong_seed0/metrics.jsonl
Saving checkpoint: /data2/liguoqi/habmm/hab_z/btwm/runs/btwm_atari_pong_seed0/ckpt/20260613T134653F635910
Saved checkpoint.

--------------------[Agent Step 236_200]--------------------
Metrics filtered by: 'score|length|fps|ratio|train/loss/|train/acc/|train/inv/|train/rand/'
train/acc/inv 1 / train/inv/ce 9.8e-6 / train/inv/valid_frac 1 / train/loss/con 0.02 / train/loss/dyn 1.24 / train/loss/image 0.16 / train/loss/inv 9.8e-7 / train/loss/policy 1.3e-3 / train/loss/rep 1.24 / train/loss/repval 1.87 / train/loss/rew 8.9e-3 / train/loss/value 1.5 / train/rand/action 0.08 / replay/replay_ratio 264 / fps/policy 6.22 / fps/train 1592.81

Writing metrics: /data2/liguoqi/habmm/hab_z/btwm/runs/btwm_atari_pong_seed0/scores.jsonl
Writing metrics: /data2/liguoqi/habmm/hab_z/btwm/runs/btwm_atari_pong_seed0/metrics.jsonl

--------------------[Agent Step 240_120]--------------------
Metrics filtered by: 'score|length|fps|ratio|train/loss/|train/acc/|train/inv/|train/rand/'
episode/score -12 / episode/length 2681 / train/acc/inv 1 / train/inv/ce 7.4e-6 / train/inv/valid_frac 1 / train/loss/con 0.02 / train/loss/dyn 1.24 / train/loss/image 0.15 / train/loss/inv 7.4e-7 / train/loss/policy 1.8e-3 / train/loss/rep 1.24 / train/loss/repval 1.94 / train/loss/rew 8.7e-3 / train/loss/value 1.54 / train/rand/action 0.07 / replay/replay_ratio 264 / fps/policy 8.15 / fps/train 2086.13

Writing metrics: /data2/liguoqi/habmm/hab_z/btwm/runs/btwm_atari_pong_seed0/metrics.jsonl
Writing metrics: /data2/liguoqi/habmm/hab_z/btwm/runs/btwm_atari_pong_seed0/scores.jsonl

--------------------[Agent Step 244_040]--------------------
Metrics filtered by: 'score|length|fps|ratio|train/loss/|train/acc/|train/inv/|train/rand/'
train/acc/inv 1 / train/inv/ce 2.6e-3 / train/inv/valid_frac 1 / train/loss/con 0.02 / train/loss/dyn 1.24 / train/loss/image 0.16 / train/loss/inv 2.6e-4 / train/loss/policy 1.4e-3 / train/loss/rep 1.24 / train/loss/repval 1.91 / train/loss/rew 8.9e-3 / train/loss/value 1.5 / train/rand/action 0.07 / replay/replay_ratio 264 / fps/policy 8.15 / fps/train 2086.57

Writing metrics: /data2/liguoqi/habmm/hab_z/btwm/runs/btwm_atari_pong_seed0/metrics.jsonl
Writing metrics: /data2/liguoqi/habmm/hab_z/btwm/runs/btwm_atari_pong_seed0/scores.jsonl

--------------------[Agent Step 247_920]--------------------
Metrics filtered by: 'score|length|fps|ratio|train/loss/|train/acc/|train/inv/|train/rand/'
train/acc/inv 1 / train/inv/ce 8.2e-5 / train/inv/valid_frac 1 / train/loss/con 0.02 / train/loss/dyn 1.23 / train/loss/image 0.16 / train/loss/inv 8.2e-6 / train/loss/policy 1.7e-3 / train/loss/rep 1.23 / train/loss/repval 1.9 / train/loss/rew 9.1e-3 / train/loss/value 1.51 / train/rand/action 0.07 / replay/replay_ratio 264 / fps/policy 8.06 / fps/train 2062.83

Writing metrics: /data2/liguoqi/habmm/hab_z/btwm/runs/btwm_atari_pong_seed0/metrics.jsonl
Writing metrics: /data2/liguoqi/habmm/hab_z/btwm/runs/btwm_atari_pong_seed0/scores.jsonl

--------------------[Agent Step 251_840]--------------------
Metrics filtered by: 'score|length|fps|ratio|train/loss/|train/acc/|train/inv/|train/rand/'
episode/score -8 / episode/length 2946 / train/acc/inv 1 / train/inv/ce 2.2e-5 / train/inv/valid_frac 1 / train/loss/con 0.02 / train/loss/dyn 1.25 / train/loss/image 0.16 / train/loss/inv 2.2e-6 / train/loss/policy 1e-3 / train/loss/rep 1.25 / train/loss/repval 1.89 / train/loss/rew 8.8e-3 / train/loss/value 1.49 / train/rand/action 0.08 / replay/replay_ratio 264 / fps/policy 8.11 / fps/train 2076.2

Writing metrics: /data2/liguoqi/habmm/hab_z/btwm/runs/btwm_atari_pong_seed0/scores.jsonl
Writing metrics: /data2/liguoqi/habmm/hab_z/btwm/runs/btwm_atari_pong_seed0/metrics.jsonl

--------------------[Agent Step 255_720]--------------------
Metrics filtered by: 'score|length|fps|ratio|train/loss/|train/acc/|train/inv/|train/rand/'
train/acc/inv 1 / train/inv/ce 1.8e-3 / train/inv/valid_frac 1 / train/loss/con 0.02 / train/loss/dyn 1.21 / train/loss/image 0.15 / train/loss/inv 1.8e-4 / train/loss/policy 1.6e-3 / train/loss/rep 1.21 / train/loss/repval 1.91 / train/loss/rew 8.8e-3 / train/loss/value 1.52 / train/rand/action 0.07 / replay/replay_ratio 264 / fps/policy 8.09 / fps/train 2069.98

Writing metrics: /data2/liguoqi/habmm/hab_z/btwm/runs/btwm_atari_pong_seed0/scores.jsonl
Writing metrics: /data2/liguoqi/habmm/hab_z/btwm/runs/btwm_atari_pong_seed0/metrics.jsonl

--------------------[Agent Step 259_640]--------------------
Metrics filtered by: 'score|length|fps|ratio|train/loss/|train/acc/|train/inv/|train/rand/'
train/acc/inv 1 / train/inv/ce 3.6e-5 / train/inv/valid_frac 1 / train/loss/con 0.02 / train/loss/dyn 1.23 / train/loss/image 0.15 / train/loss/inv 3.6e-6 / train/loss/policy 1.7e-3 / train/loss/rep 1.23 / train/loss/repval 1.91 / train/loss/rew 9e-3 / train/loss/value 1.51 / train/rand/action 0.07 / replay/replay_ratio 264 / fps/policy 8.09 / fps/train 2071.33

Writing metrics: /data2/liguoqi/habmm/hab_z/btwm/runs/btwm_atari_pong_seed0/metrics.jsonl
Writing metrics: /data2/liguoqi/habmm/hab_z/btwm/runs/btwm_atari_pong_seed0/scores.jsonl

--------------------[Agent Step 263_520]--------------------
Metrics filtered by: 'score|length|fps|ratio|train/loss/|train/acc/|train/inv/|train/rand/'
episode/score -7 / episode/length 2882 / train/acc/inv 1 / train/inv/ce 2.2e-5 / train/inv/valid_frac 1 / train/loss/con 0.02 / train/loss/dyn 1.25 / train/loss/image 0.15 / train/loss/inv 2.2e-6 / train/loss/policy 1.4e-3 / train/loss/rep 1.25 / train/loss/repval 1.87 / train/loss/rew 9e-3 / train/loss/value 1.48 / train/rand/action 0.07 / replay/replay_ratio 264 / fps/policy 8.08 / fps/train 2067.64

Writing metrics: /data2/liguoqi/habmm/hab_z/btwm/runs/btwm_atari_pong_seed0/metrics.jsonl
Writing metrics: /data2/liguoqi/habmm/hab_z/btwm/runs/btwm_atari_pong_seed0/scores.jsonl

--------------------[Agent Step 267_400]--------------------
Metrics filtered by: 'score|length|fps|ratio|train/loss/|train/acc/|train/inv/|train/rand/'
train/acc/inv 1 / train/inv/ce 8.5e-4 / train/inv/valid_frac 1 / train/loss/con 0.02 / train/loss/dyn 1.24 / train/loss/image 0.15 / train/loss/inv 8.5e-5 / train/loss/policy 1.6e-3 / train/loss/rep 1.24 / train/loss/repval 1.89 / train/loss/rew 8.9e-3 / train/loss/value 1.47 / train/rand/action 0.07 / replay/replay_ratio 264 / fps/policy 8.06 / fps/train 2064.6

Writing metrics: /data2/liguoqi/habmm/hab_z/btwm/runs/btwm_atari_pong_seed0/scores.jsonl
Writing metrics: /data2/liguoqi/habmm/hab_z/btwm/runs/btwm_atari_pong_seed0/metrics.jsonl

--------------------[Agent Step 271_320]--------------------
Metrics filtered by: 'score|length|fps|ratio|train/loss/|train/acc/|train/inv/|train/rand/'
train/acc/inv 1 / train/inv/ce 7e-5 / train/inv/valid_frac 1 / train/loss/con 0.02 / train/loss/dyn 1.22 / train/loss/image 0.15 / train/loss/inv 7e-6 / train/loss/policy 1.5e-3 / train/loss/rep 1.22 / train/loss/repval 1.81 / train/loss/rew 8.7e-3 / train/loss/value 1.44 / train/rand/action 0.07 / replay/replay_ratio 264 / fps/policy 8.09 / fps/train 2070.04

Writing metrics: /data2/liguoqi/habmm/hab_z/btwm/runs/btwm_atari_pong_seed0/metrics.jsonl
Writing metrics: /data2/liguoqi/habmm/hab_z/btwm/runs/btwm_atari_pong_seed0/scores.jsonl

--------------------[Agent Step 275_200]--------------------
Metrics filtered by: 'score|length|fps|ratio|train/loss/|train/acc/|train/inv/|train/rand/'
episode/score -7 / episode/length 3269 / train/acc/inv 1 / train/inv/ce 1.4e-5 / train/inv/valid_frac 1 / train/loss/con 0.02 / train/loss/dyn 1.23 / train/loss/image 0.15 / train/loss/inv 1.4e-6 / train/loss/policy 1.1e-3 / train/loss/rep 1.23 / train/loss/repval 1.83 / train/loss/rew 8.9e-3 / train/loss/value 1.42 / train/rand/action 0.07 / replay/replay_ratio 264 / fps/policy 8.07 / fps/train 2066.53

Writing metrics: /data2/liguoqi/habmm/hab_z/btwm/runs/btwm_atari_pong_seed0/metrics.jsonl
Writing metrics: /data2/liguoqi/habmm/hab_z/btwm/runs/btwm_atari_pong_seed0/scores.jsonl

--------------------[Agent Step 279_080]--------------------
Metrics filtered by: 'score|length|fps|ratio|train/loss/|train/acc/|train/inv/|train/rand/'
train/acc/inv 1 / train/inv/ce 3.1e-4 / train/inv/valid_frac 1 / train/loss/con 0.02 / train/loss/dyn 1.23 / train/loss/image 0.16 / train/loss/inv 3.1e-5 / train/loss/policy 1e-3 / train/loss/rep 1.23 / train/loss/repval 1.78 / train/loss/rew 8.9e-3 / train/loss/value 1.38 / train/rand/action 0.07 / replay/replay_ratio 264 / fps/policy 8.04 / fps/train 2059.12

Writing metrics: /data2/liguoqi/habmm/hab_z/btwm/runs/btwm_atari_pong_seed0/metrics.jsonl
Writing metrics: /data2/liguoqi/habmm/hab_z/btwm/runs/btwm_atari_pong_seed0/scores.jsonl

--------------------[Agent Step 282_960]--------------------
Metrics filtered by: 'score|length|fps|ratio|train/loss/|train/acc/|train/inv/|train/rand/'
train/acc/inv 1 / train/inv/ce 2.2e-3 / train/inv/valid_frac 1 / train/loss/con 0.02 / train/loss/dyn 1.23 / train/loss/image 0.16 / train/loss/inv 2.2e-4 / train/loss/policy 1.2e-3 / train/loss/rep 1.23 / train/loss/repval 1.77 / train/loss/rew 8.6e-3 / train/loss/value 1.38 / train/rand/action 0.07 / replay/replay_ratio 264 / fps/policy 8.08 / fps/train 2068.18

Writing metrics: /data2/liguoqi/habmm/hab_z/btwm/runs/btwm_atari_pong_seed0/metrics.jsonl
Writing metrics: /data2/liguoqi/habmm/hab_z/btwm/runs/btwm_atari_pong_seed0/scores.jsonl

--------------------[Agent Step 286_840]--------------------
Metrics filtered by: 'score|length|fps|ratio|train/loss/|train/acc/|train/inv/|train/rand/'
train/acc/inv 1 / train/inv/ce 3.7e-5 / train/inv/valid_frac 1 / train/loss/con 0.02 / train/loss/dyn 1.23 / train/loss/image 0.15 / train/loss/inv 3.7e-6 / train/loss/policy 1.3e-3 / train/loss/rep 1.23 / train/loss/repval 1.77 / train/loss/rew 8.7e-3 / train/loss/value 1.39 / train/rand/action 0.07 / replay/replay_ratio 264 / fps/policy 8.08 / fps/train 2068.58

Writing metrics: /data2/liguoqi/habmm/hab_z/btwm/runs/btwm_atari_pong_seed0/metrics.jsonl
Writing metrics: /data2/liguoqi/habmm/hab_z/btwm/runs/btwm_atari_pong_seed0/scores.jsonl

--------------------[Agent Step 290_760]--------------------
Metrics filtered by: 'score|length|fps|ratio|train/loss/|train/acc/|train/inv/|train/rand/'
episode/score -8 / episode/length 3946 / train/acc/inv 1 / train/inv/ce 9.5e-5 / train/inv/valid_frac 1 / train/loss/con 0.02 / train/loss/dyn 1.23 / train/loss/image 0.15 / train/loss/inv 9.5e-6 / train/loss/policy 1.2e-3 / train/loss/rep 1.23 / train/loss/repval 1.77 / train/loss/rew 8.5e-3 / train/loss/value 1.37 / train/rand/action 0.07 / replay/replay_ratio 264 / fps/policy 8.1 / fps/train 2073.4

Writing metrics: /data2/liguoqi/habmm/hab_z/btwm/runs/btwm_atari_pong_seed0/metrics.jsonl
Writing metrics: /data2/liguoqi/habmm/hab_z/btwm/runs/btwm_atari_pong_seed0/scores.jsonl

--------------------[Agent Step 294_680]--------------------
Metrics filtered by: 'score|length|fps|ratio|train/loss/|train/acc/|train/inv/|train/rand/'
train/acc/inv 1 / train/inv/ce 7.7e-6 / train/inv/valid_frac 1 / train/loss/con 0.02 / train/loss/dyn 1.22 / train/loss/image 0.14 / train/loss/inv 7.7e-7 / train/loss/policy 1.1e-3 / train/loss/rep 1.22 / train/loss/repval 1.72 / train/loss/rew 8.5e-3 / train/loss/value 1.34 / train/rand/action 0.07 / replay/replay_ratio 264 / fps/policy 8.09 / fps/train 2070.81

Writing metrics: /data2/liguoqi/habmm/hab_z/btwm/runs/btwm_atari_pong_seed0/metrics.jsonl
Writing metrics: /data2/liguoqi/habmm/hab_z/btwm/runs/btwm_atari_pong_seed0/scores.jsonl

--------------------[Agent Step 298_600]--------------------
Metrics filtered by: 'score|length|fps|ratio|train/loss/|train/acc/|train/inv/|train/rand/'
train/acc/inv 1 / train/inv/ce 7e-4 / train/inv/valid_frac 1 / train/loss/con 0.02 / train/loss/dyn 1.24 / train/loss/image 0.15 / train/loss/inv 7e-5 / train/loss/policy 1.2e-3 / train/loss/rep 1.24 / train/loss/repval 1.71 / train/loss/rew 8.9e-3 / train/loss/value 1.33 / train/rand/action 0.08 / replay/replay_ratio 264 / fps/policy 8.16 / fps/train 2089.79

Writing metrics: /data2/liguoqi/habmm/hab_z/btwm/runs/btwm_atari_pong_seed0/metrics.jsonl
Writing metrics: /data2/liguoqi/habmm/hab_z/btwm/runs/btwm_atari_pong_seed0/scores.jsonl

--------------------[Agent Step 302_840]--------------------
Metrics filtered by: 'score|length|fps|ratio|train/loss/|train/acc/|train/inv/|train/rand/'
train/acc/inv 1 / train/inv/ce 8.5e-5 / train/inv/valid_frac 1 / train/loss/con 0.02 / train/loss/dyn 1.22 / train/loss/image 0.15 / train/loss/inv 8.5e-6 / train/loss/policy 1.1e-3 / train/loss/rep 1.22 / train/loss/repval 1.79 / train/loss/rew 8.4e-3 / train/loss/value 1.36 / train/rand/action 0.07 / replay/replay_ratio 264 / fps/policy 8.76 / fps/train 2243.64

Writing metrics: /data2/liguoqi/habmm/hab_z/btwm/runs/btwm_atari_pong_seed0/metrics.jsonl
Writing metrics: /data2/liguoqi/habmm/hab_z/btwm/runs/btwm_atari_pong_seed0/scores.jsonl

--------------------[Agent Step 307_080]--------------------
Metrics filtered by: 'score|length|fps|ratio|train/loss/|train/acc/|train/inv/|train/rand/'
episode/score -9 / episode/length 3422 / train/acc/inv 1 / train/inv/ce 2.4e-5 / train/inv/valid_frac 1 / train/loss/con 0.02 / train/loss/dyn 1.22 / train/loss/image 0.14 / train/loss/inv 2.4e-6 / train/loss/policy 6.7e-4 / train/loss/rep 1.22 / train/loss/repval 1.75 / train/loss/rew 8.5e-3 / train/loss/value 1.37 / train/rand/action 0.08 / replay/replay_ratio 264 / fps/policy 8.76 / fps/train 2241.67

Writing metrics: /data2/liguoqi/habmm/hab_z/btwm/runs/btwm_atari_pong_seed0/metrics.jsonl
Writing metrics: /data2/liguoqi/habmm/hab_z/btwm/runs/btwm_atari_pong_seed0/scores.jsonl

--------------------[Agent Step 311_320]--------------------
Metrics filtered by: 'score|length|fps|ratio|train/loss/|train/acc/|train/inv/|train/rand/'
train/acc/inv 1 / train/inv/ce 2.5e-6 / train/inv/valid_frac 1 / train/loss/con 0.02 / train/loss/dyn 1.22 / train/loss/image 0.14 / train/loss/inv 2.5e-7 / train/loss/policy 9.3e-4 / train/loss/rep 1.22 / train/loss/repval 1.78 / train/loss/rew 8.6e-3 / train/loss/value 1.4 / train/rand/action 0.07 / replay/replay_ratio 264 / fps/policy 8.77 / fps/train 2245.05

Writing metrics: /data2/liguoqi/habmm/hab_z/btwm/runs/btwm_atari_pong_seed0/metrics.jsonl
Writing metrics: /data2/liguoqi/habmm/hab_z/btwm/runs/btwm_atari_pong_seed0/scores.jsonl

--------------------[Agent Step 315_440]--------------------
Metrics filtered by: 'score|length|fps|ratio|train/loss/|train/acc/|train/inv/|train/rand/'
episode/score -12 / episode/length 2385 / train/acc/inv 1 / train/inv/ce 3.5e-3 / train/inv/valid_frac 1 / train/loss/con 0.02 / train/loss/dyn 1.2 / train/loss/image 0.13 / train/loss/inv 3.5e-4 / train/loss/policy 1e-3 / train/loss/rep 1.2 / train/loss/repval 1.74 / train/loss/rew 8.1e-3 / train/loss/value 1.37 / train/rand/action 0.07 / replay/replay_ratio 264 / fps/policy 8.58 / fps/train 2196.86

Writing metrics: /data2/liguoqi/habmm/hab_z/btwm/runs/btwm_atari_pong_seed0/scores.jsonl
Writing metrics: /data2/liguoqi/habmm/hab_z/btwm/runs/btwm_atari_pong_seed0/metrics.jsonl

--------------------[Agent Step 319_320]--------------------
Metrics filtered by: 'score|length|fps|ratio|train/loss/|train/acc/|train/inv/|train/rand/'
train/acc/inv 1 / train/inv/ce 5.8e-5 / train/inv/valid_frac 1 / train/loss/con 0.02 / train/loss/dyn 1.21 / train/loss/image 0.13 / train/loss/inv 5.8e-6 / train/loss/policy 7.9e-4 / train/loss/rep 1.21 / train/loss/repval 1.75 / train/loss/rew 8.3e-3 / train/loss/value 1.37 / train/rand/action 0.07 / replay/replay_ratio 264 / fps/policy 8.06 / fps/train 2062.47

Writing metrics: /data2/liguoqi/habmm/hab_z/btwm/runs/btwm_atari_pong_seed0/metrics.jsonl
Writing metrics: /data2/liguoqi/habmm/hab_z/btwm/runs/btwm_atari_pong_seed0/scores.jsonl

--------------------[Agent Step 323_200]--------------------
Metrics filtered by: 'score|length|fps|ratio|train/loss/|train/acc/|train/inv/|train/rand/'
train/acc/inv 1 / train/inv/ce 4.9e-5 / train/inv/valid_frac 1 / train/loss/con 0.02 / train/loss/dyn 1.23 / train/loss/image 0.14 / train/loss/inv 4.9e-6 / train/loss/policy 9.8e-4 / train/loss/rep 1.23 / train/loss/repval 1.72 / train/loss/rew 8.7e-3 / train/loss/value 1.35 / train/rand/action 0.07 / replay/replay_ratio 264 / fps/policy 8.08 / fps/train 2069.06

Writing metrics: /data2/liguoqi/habmm/hab_z/btwm/runs/btwm_atari_pong_seed0/metrics.jsonl
Writing metrics: /data2/liguoqi/habmm/hab_z/btwm/runs/btwm_atari_pong_seed0/scores.jsonl

--------------------[Agent Step 327_120]--------------------
Metrics filtered by: 'score|length|fps|ratio|train/loss/|train/acc/|train/inv/|train/rand/'
train/acc/inv 1 / train/inv/ce 6.8e-4 / train/inv/valid_frac 1 / train/loss/con 0.02 / train/loss/dyn 1.2 / train/loss/image 0.13 / train/loss/inv 6.8e-5 / train/loss/policy 1e-3 / train/loss/rep 1.2 / train/loss/repval 1.75 / train/loss/rew 8.4e-3 / train/loss/value 1.35 / train/rand/action 0.07 / replay/replay_ratio 264 / fps/policy 8.11 / fps/train 2077.15

Writing metrics: /data2/liguoqi/habmm/hab_z/btwm/runs/btwm_atari_pong_seed0/metrics.jsonl
Writing metrics: /data2/liguoqi/habmm/hab_z/btwm/runs/btwm_atari_pong_seed0/scores.jsonl

--------------------[Agent Step 331_000]--------------------
Metrics filtered by: 'score|length|fps|ratio|train/loss/|train/acc/|train/inv/|train/rand/'
train/acc/inv 1 / train/inv/ce 2.5e-5 / train/inv/valid_frac 1 / train/loss/con 0.02 / train/loss/dyn 1.2 / train/loss/image 0.14 / train/loss/inv 2.5e-6 / train/loss/policy 1e-3 / train/loss/rep 1.2 / train/loss/repval 1.77 / train/loss/rew 8.2e-3 / train/loss/value 1.36 / train/rand/action 0.07 / replay/replay_ratio 264 / fps/policy 8.07 / fps/train 2066.19

Writing metrics: /data2/liguoqi/habmm/hab_z/btwm/runs/btwm_atari_pong_seed0/metrics.jsonl
Writing metrics: /data2/liguoqi/habmm/hab_z/btwm/runs/btwm_atari_pong_seed0/scores.jsonl

--------------------[Agent Step 334_920]--------------------
Metrics filtered by: 'score|length|fps|ratio|train/loss/|train/acc/|train/inv/|train/rand/'
episode/score -2 / episode/length 4789 / train/acc/inv 1 / train/inv/ce 9.8e-5 / train/inv/valid_frac 1 / train/loss/con 0.02 / train/loss/dyn 1.21 / train/loss/image 0.13 / train/loss/inv 9.8e-6 / train/loss/policy 9.4e-4 / train/loss/rep 1.21 / train/loss/repval 1.75 / train/loss/rew 8.3e-3 / train/loss/value 1.35 / train/rand/action 0.07 / replay/replay_ratio 264 / fps/policy 8.08 / fps/train 2069.62

Writing metrics: /data2/liguoqi/habmm/hab_z/btwm/runs/btwm_atari_pong_seed0/metrics.jsonl
Writing metrics: /data2/liguoqi/habmm/hab_z/btwm/runs/btwm_atari_pong_seed0/scores.jsonl

--------------------[Agent Step 338_840]--------------------
Metrics filtered by: 'score|length|fps|ratio|train/loss/|train/acc/|train/inv/|train/rand/'
train/acc/inv 1 / train/inv/ce 1.2e-3 / train/inv/valid_frac 1 / train/loss/con 0.02 / train/loss/dyn 1.23 / train/loss/image 0.13 / train/loss/inv 1.2e-4 / train/loss/policy 9.9e-4 / train/loss/rep 1.23 / train/loss/repval 1.73 / train/loss/rew 8.5e-3 / train/loss/value 1.32 / train/rand/action 0.07 / replay/replay_ratio 264 / fps/policy 8.11 / fps/train 2076.88

Writing metrics: /data2/liguoqi/habmm/hab_z/btwm/runs/btwm_atari_pong_seed0/metrics.jsonl
Writing metrics: /data2/liguoqi/habmm/hab_z/btwm/runs/btwm_atari_pong_seed0/scores.jsonl

--------------------[Agent Step 342_720]--------------------
Metrics filtered by: 'score|length|fps|ratio|train/loss/|train/acc/|train/inv/|train/rand/'
train/acc/inv 1 / train/inv/ce 2.4e-5 / train/inv/valid_frac 1 / train/loss/con 0.02 / train/loss/dyn 1.19 / train/loss/image 0.13 / train/loss/inv 2.4e-6 / train/loss/policy 1.2e-3 / train/loss/rep 1.19 / train/loss/repval 1.69 / train/loss/rew 8.1e-3 / train/loss/value 1.31 / train/rand/action 0.07 / replay/replay_ratio 264 / fps/policy 8.07 / fps/train 2066.39

Writing metrics: /data2/liguoqi/habmm/hab_z/btwm/runs/btwm_atari_pong_seed0/metrics.jsonl
Writing metrics: /data2/liguoqi/habmm/hab_z/btwm/runs/btwm_atari_pong_seed0/scores.jsonl

--------------------[Agent Step 346_600]--------------------
Metrics filtered by: 'score|length|fps|ratio|train/loss/|train/acc/|train/inv/|train/rand/'
train/acc/inv 1 / train/inv/ce 2.2e-5 / train/inv/valid_frac 1 / train/loss/con 0.02 / train/loss/dyn 1.19 / train/loss/image 0.13 / train/loss/inv 2.2e-6 / train/loss/policy 1.3e-3 / train/loss/rep 1.19 / train/loss/repval 1.65 / train/loss/rew 8.3e-3 / train/loss/value 1.28 / train/rand/action 0.07 / replay/replay_ratio 264 / fps/policy 8.05 / fps/train 2061.92

Writing metrics: /data2/liguoqi/habmm/hab_z/btwm/runs/btwm_atari_pong_seed0/metrics.jsonl
Writing metrics: /data2/liguoqi/habmm/hab_z/btwm/runs/btwm_atari_pong_seed0/scores.jsonl

--------------------[Agent Step 350_520]--------------------
Metrics filtered by: 'score|length|fps|ratio|train/loss/|train/acc/|train/inv/|train/rand/'
episode/score -3 / episode/length 4451 / train/acc/inv 1 / train/inv/ce 2.3e-4 / train/inv/valid_frac 1 / train/loss/con 0.02 / train/loss/dyn 1.19 / train/loss/image 0.13 / train/loss/inv 2.3e-5 / train/loss/policy 8.8e-4 / train/loss/rep 1.19 / train/loss/repval 1.78 / train/loss/rew 8.4e-3 / train/loss/value 1.35 / train/rand/action 0.07 / replay/replay_ratio 264 / fps/policy 8.1 / fps/train 2072.71

Writing metrics: /data2/liguoqi/habmm/hab_z/btwm/runs/btwm_atari_pong_seed0/scores.jsonl
Writing metrics: /data2/liguoqi/habmm/hab_z/btwm/runs/btwm_atari_pong_seed0/metrics.jsonl
Saving checkpoint: /data2/liguoqi/habmm/hab_z/btwm/runs/btwm_atari_pong_seed0/ckpt/20260613T144654F314975
Saved checkpoint.

--------------------[Agent Step 354_160]--------------------
Metrics filtered by: 'score|length|fps|ratio|train/loss/|train/acc/|train/inv/|train/rand/'
train/acc/inv 1 / train/inv/ce 5e-6 / train/inv/valid_frac 1 / train/loss/con 0.02 / train/loss/dyn 1.19 / train/loss/image 0.13 / train/loss/inv 5e-7 / train/loss/policy 1.1e-3 / train/loss/rep 1.19 / train/loss/repval 1.74 / train/loss/rew 8.2e-3 / train/loss/value 1.37 / train/rand/action 0.07 / replay/replay_ratio 264 / fps/policy 7.55 / fps/train 1932.29

Writing metrics: /data2/liguoqi/habmm/hab_z/btwm/runs/btwm_atari_pong_seed0/scores.jsonl
Writing metrics: /data2/liguoqi/habmm/hab_z/btwm/runs/btwm_atari_pong_seed0/metrics.jsonl

--------------------[Agent Step 358_040]--------------------
Metrics filtered by: 'score|length|fps|ratio|train/loss/|train/acc/|train/inv/|train/rand/'
train/acc/inv 1 / train/inv/ce 3.8e-4 / train/inv/valid_frac 1 / train/loss/con 0.02 / train/loss/dyn 1.21 / train/loss/image 0.13 / train/loss/inv 3.8e-5 / train/loss/policy 9.9e-4 / train/loss/rep 1.21 / train/loss/repval 1.68 / train/loss/rew 8e-3 / train/loss/value 1.31 / train/rand/action 0.07 / replay/replay_ratio 264 / fps/policy 8.03 / fps/train 2054.82

Writing metrics: /data2/liguoqi/habmm/hab_z/btwm/runs/btwm_atari_pong_seed0/metrics.jsonl
Writing metrics: /data2/liguoqi/habmm/hab_z/btwm/runs/btwm_atari_pong_seed0/scores.jsonl

--------------------[Agent Step 361_920]--------------------
Metrics filtered by: 'score|length|fps|ratio|train/loss/|train/acc/|train/inv/|train/rand/'
train/acc/inv 1 / train/inv/ce 1.6e-5 / train/inv/valid_frac 1 / train/loss/con 0.02 / train/loss/dyn 1.2 / train/loss/image 0.13 / train/loss/inv 1.6e-6 / train/loss/policy 8.9e-4 / train/loss/rep 1.2 / train/loss/repval 1.75 / train/loss/rew 8.4e-3 / train/loss/value 1.35 / train/rand/action 0.07 / replay/replay_ratio 264 / fps/policy 8.08 / fps/train 2067.73

Writing metrics: /data2/liguoqi/habmm/hab_z/btwm/runs/btwm_atari_pong_seed0/scores.jsonl
Writing metrics: /data2/liguoqi/habmm/hab_z/btwm/runs/btwm_atari_pong_seed0/metrics.jsonl

--------------------[Agent Step 365_800]--------------------
Metrics filtered by: 'score|length|fps|ratio|train/loss/|train/acc/|train/inv/|train/rand/'
episode/score -9 / episode/length 3387 / train/acc/inv 1 / train/inv/ce 8.7e-6 / train/inv/valid_frac 1 / train/loss/con 0.02 / train/loss/dyn 1.2 / train/loss/image 0.13 / train/loss/inv 8.7e-7 / train/loss/policy 1.1e-3 / train/loss/rep 1.2 / train/loss/repval 1.69 / train/loss/rew 8.1e-3 / train/loss/value 1.32 / train/rand/action 0.07 / replay/replay_ratio 264 / fps/policy 8.07 / fps/train 2066.69

Writing metrics: /data2/liguoqi/habmm/hab_z/btwm/runs/btwm_atari_pong_seed0/scores.jsonl
Writing metrics: /data2/liguoqi/habmm/hab_z/btwm/runs/btwm_atari_pong_seed0/metrics.jsonl

--------------------[Agent Step 369_680]--------------------
Metrics filtered by: 'score|length|fps|ratio|train/loss/|train/acc/|train/inv/|train/rand/'
train/acc/inv 1 / train/inv/ce 8.7e-4 / train/inv/valid_frac 1 / train/loss/con 0.02 / train/loss/dyn 1.18 / train/loss/image 0.12 / train/loss/inv 8.7e-5 / train/loss/policy 1.2e-3 / train/loss/rep 1.18 / train/loss/repval 1.7 / train/loss/rew 8.1e-3 / train/loss/value 1.33 / train/rand/action 0.07 / replay/replay_ratio 264 / fps/policy 8.07 / fps/train 2065.73

Writing metrics: /data2/liguoqi/habmm/hab_z/btwm/runs/btwm_atari_pong_seed0/metrics.jsonl
Writing metrics: /data2/liguoqi/habmm/hab_z/btwm/runs/btwm_atari_pong_seed0/scores.jsonl

--------------------[Agent Step 373_560]--------------------
Metrics filtered by: 'score|length|fps|ratio|train/loss/|train/acc/|train/inv/|train/rand/'
train/acc/inv 1 / train/inv/ce 7.7e-5 / train/inv/valid_frac 1 / train/loss/con 0.02 / train/loss/dyn 1.18 / train/loss/image 0.12 / train/loss/inv 7.7e-6 / train/loss/policy 1.2e-3 / train/loss/rep 1.18 / train/loss/repval 1.67 / train/loss/rew 8.1e-3 / train/loss/value 1.31 / train/rand/action 0.07 / replay/replay_ratio 264 / fps/policy 8.04 / fps/train 2058.3

Writing metrics: /data2/liguoqi/habmm/hab_z/btwm/runs/btwm_atari_pong_seed0/metrics.jsonl
Writing metrics: /data2/liguoqi/habmm/hab_z/btwm/runs/btwm_atari_pong_seed0/scores.jsonl

--------------------[Agent Step 377_480]--------------------
Metrics filtered by: 'score|length|fps|ratio|train/loss/|train/acc/|train/inv/|train/rand/'
train/acc/inv 1 / train/inv/ce 1.1e-5 / train/inv/valid_frac 1 / train/loss/con 0.02 / train/loss/dyn 1.21 / train/loss/image 0.13 / train/loss/inv 1.1e-6 / train/loss/policy 8.1e-4 / train/loss/rep 1.21 / train/loss/repval 1.68 / train/loss/rew 8.3e-3 / train/loss/value 1.3 / train/rand/action 0.07 / replay/replay_ratio 264 / fps/policy 8.09 / fps/train 2070.42

Writing metrics: /data2/liguoqi/habmm/hab_z/btwm/runs/btwm_atari_pong_seed0/scores.jsonl
Writing metrics: /data2/liguoqi/habmm/hab_z/btwm/runs/btwm_atari_pong_seed0/metrics.jsonl

--------------------[Agent Step 381_360]--------------------
Metrics filtered by: 'score|length|fps|ratio|train/loss/|train/acc/|train/inv/|train/rand/'
episode/score -4 / episode/length 3902 / train/acc/inv 1 / train/inv/ce 4.8e-5 / train/inv/valid_frac 1 / train/loss/con 0.02 / train/loss/dyn 1.2 / train/loss/image 0.12 / train/loss/inv 4.8e-6 / train/loss/policy 1.2e-3 / train/loss/rep 1.2 / train/loss/repval 1.69 / train/loss/rew 8.6e-3 / train/loss/value 1.3 / train/rand/action 0.07 / replay/replay_ratio 264 / fps/policy 8.07 / fps/train 2065.24

Writing metrics: /data2/liguoqi/habmm/hab_z/btwm/runs/btwm_atari_pong_seed0/metrics.jsonl
Writing metrics: /data2/liguoqi/habmm/hab_z/btwm/runs/btwm_atari_pong_seed0/scores.jsonl

--------------------[Agent Step 385_240]--------------------
Metrics filtered by: 'score|length|fps|ratio|train/loss/|train/acc/|train/inv/|train/rand/'
train/acc/inv 1 / train/inv/ce 3.2e-4 / train/inv/valid_frac 1 / train/loss/con 0.02 / train/loss/dyn 1.17 / train/loss/image 0.12 / train/loss/inv 3.2e-5 / train/loss/policy 9.3e-4 / train/loss/rep 1.17 / train/loss/repval 1.69 / train/loss/rew 8.1e-3 / train/loss/value 1.3 / train/rand/action 0.07 / replay/replay_ratio 264 / fps/policy 8.06 / fps/train 2062.51

Writing metrics: /data2/liguoqi/habmm/hab_z/btwm/runs/btwm_atari_pong_seed0/metrics.jsonl
Writing metrics: /data2/liguoqi/habmm/hab_z/btwm/runs/btwm_atari_pong_seed0/scores.jsonl

--------------------[Agent Step 389_160]--------------------
Metrics filtered by: 'score|length|fps|ratio|train/loss/|train/acc/|train/inv/|train/rand/'
train/acc/inv 1 / train/inv/ce 2.2e-4 / train/inv/valid_frac 1 / train/loss/con 0.02 / train/loss/dyn 1.2 / train/loss/image 0.12 / train/loss/inv 2.2e-5 / train/loss/policy 9e-4 / train/loss/rep 1.2 / train/loss/repval 1.63 / train/loss/rew 8e-3 / train/loss/value 1.26 / train/rand/action 0.07 / replay/replay_ratio 264 / fps/policy 8.11 / fps/train 2075.01

Writing metrics: /data2/liguoqi/habmm/hab_z/btwm/runs/btwm_atari_pong_seed0/metrics.jsonl
Writing metrics: /data2/liguoqi/habmm/hab_z/btwm/runs/btwm_atari_pong_seed0/scores.jsonl

--------------------[Agent Step 393_040]--------------------
Metrics filtered by: 'score|length|fps|ratio|train/loss/|train/acc/|train/inv/|train/rand/'
train/acc/inv 1 / train/inv/ce 1.5e-5 / train/inv/valid_frac 1 / train/loss/con 0.02 / train/loss/dyn 1.18 / train/loss/image 0.12 / train/loss/inv 1.5e-6 / train/loss/policy 9.4e-4 / train/loss/rep 1.18 / train/loss/repval 1.64 / train/loss/rew 7.7e-3 / train/loss/value 1.27 / train/rand/action 0.07 / replay/replay_ratio 264 / fps/policy 8.05 / fps/train 2060.44

Writing metrics: /data2/liguoqi/habmm/hab_z/btwm/runs/btwm_atari_pong_seed0/metrics.jsonl
Writing metrics: /data2/liguoqi/habmm/hab_z/btwm/runs/btwm_atari_pong_seed0/scores.jsonl

--------------------[Agent Step 396_920]--------------------
Metrics filtered by: 'score|length|fps|ratio|train/loss/|train/acc/|train/inv/|train/rand/'
episode/score 4 / episode/length 4375 / train/acc/inv 1 / train/inv/ce 1.8e-4 / train/inv/valid_frac 1 / train/loss/con 0.02 / train/loss/dyn 1.19 / train/loss/image 0.12 / train/loss/inv 1.8e-5 / train/loss/policy 1.4e-3 / train/loss/rep 1.19 / train/loss/repval 1.64 / train/loss/rew 8.1e-3 / train/loss/value 1.27 / train/rand/action 0.07 / replay/replay_ratio 264 / fps/policy 8.06 / fps/train 2063.86

Writing metrics: /data2/liguoqi/habmm/hab_z/btwm/runs/btwm_atari_pong_seed0/scores.jsonl
Writing metrics: /data2/liguoqi/habmm/hab_z/btwm/runs/btwm_atari_pong_seed0/metrics.jsonl
