[2026-07-11 21:07:40] model=btwm domain=dmc task=dmc_walker_walk
seed=0 gpu=5 steps=300000 logdir=/home/zhangpeiying01/lfy/btwm-7.7/runs/btwm_dmc_walker_walk_seed0_w003_b21
variant=v2 param_matched=1 inv_weight=0.03 head_weight=0.0 inv_bins=21 confidence_gating=False policy_weight=0.0
command: python /home/zhangpeiying01/lfy/btwm-7.7/dreamerv3/dreamerv3/main.py --logdir /home/zhangpeiying01/lfy/btwm-7.7/runs/btwm_dmc_walker_walk_seed0_w003_b21 --configs dmc_vision --task dmc_walker_walk --seed 0 --run.steps 300000 --replay.size 300000 --agent.use_btwm True --agent.inv_loss_weight 0.03 --agent.inv_head_loss_weight 0.0 --agent.inv_num_bins 21 --agent.inv_confidence_gating False --agent.inv_policy_weight 0.0
2026-07-11 21:10:33.140393: E external/xla/xla/python/profiler/internal/python_hooks.cc:400] Can't import tensorflow.python.profiler.trace
2026-07-11 21:10:48.625953: E external/xla/xla/python/profiler/internal/python_hooks.cc:400] Can't import tensorflow.python.profiler.trace
---  ___                           __   ______ ---
--- |   \ _ _ ___ __ _ _ __  ___ _ \ \ / /__ / ---
--- | |) | '_/ -_) _` | '  \/ -_) '/\ V / |_ \ ---
--- |___/|_| \___\__,_|_|_|_\___|_|  \_/ |___/ ---
Replica: 0 / 1
Logdir: /home/zhangpeiying01/lfy/btwm-7.7/runs/btwm_dmc_walker_walk_seed0_w003_b21
Run script: train
Observations
  is_first         Space(bool, shape=(), low=False, high=True)
  is_last          Space(bool, shape=(), low=False, high=True)
  is_terminal      Space(bool, shape=(), low=False, high=True)
  reward           Space(float32, shape=(), low=-inf, high=inf)
  image            Space(uint8, shape=(64, 64, 3), low=0, high=255)
Actions
  action           Space(float32, shape=(6,), low=-1.0, high=1.0)
Extras
  consec           Space(int32, shape=(), low=-2147483648, high=2147483647)
  stepid           Space(uint8, shape=(20,), low=0, high=255)
  dyn/deter        Space(float32, shape=(8192,), low=-inf, high=inf)
  dyn/stoch        Space(float32, shape=(32, 64), low=-inf, high=inf)
JAX devices (1): [cuda:0]
Policy devices: cuda:0
Train devices:  cuda:0
Initializing parameters...
Optimizer opt has 168,144,780 params:
    97,679,998 dyn
    20,282,115 dec
    12,850,431 val
    12,601,356 pol
    10,749,183 rew
    10,488,833 con
     3,492,864 enc
Done initializing!
Compiling 1 checkpoint groups...
Largest checkpoint group: 2 GB
Compiling train and report...
Train cost analysis:
  FLOPS:            4.4e+11
  Memory (temp):    5.9e+09
  Memory (inputs):  2.1e+09
  Memory (outputs): 2.1e+09
  Memory (code):    4.3e+06

Report cost analysis:
  FLOPS:            9.6e+09
  Memory (temp):    6.7e+08
  Memory (inputs):  5.1e+08
  Memory (outputs): 1.0e+07
  Memory (code):    8.1e+06

Done compiling!
Did not find any checkpoint.
Saving checkpoint: /home/zhangpeiying01/lfy/btwm-7.7/runs/btwm_dmc_walker_walk_seed0_w003_b21/ckpt/20260711T210859F064338
Saved checkpoint.
Start training loop
Start JAX profiler: /home/zhangpeiying01/lfy/btwm-7.7/runs/btwm_dmc_walker_walk_seed0_w003_b21
Stop JAX profiler

--------------------[Agent Step 2_608]--------------------
Metrics filtered by: 'score|length|fps|ratio|train/loss/|train/acc/|train/inv/|train/rand/'
train/acc/inv 0.1 / train/inv/ce 3.05 / train/inv/confidence 0.05 / train/inv/confidence_gating 0 / train/inv/effective_rep_weight 0.03 / train/inv/head_objective 1 / train/inv/head_weight 0 / train/inv/objective 1 / train/inv/policy_weight_max 1 / train/inv/policy_weight_mean 1 / train/inv/policy_weight_min 1 / train/inv/policy_weight_std 0 / train/inv/valid_frac 1 / train/inv/weight 0.03 / train/loss/con 0.14 / train/loss/dyn 10.81 / train/loss/image 371.03 / train/loss/inv 0.03 / train/loss/policy 0.06 / train/loss/rep 10.81 / train/loss/repval 10.43 / train/loss/rew 5.17 / train/loss/value 7.1 / replay/replay_ratio 93.23 / fps/policy 19.61 / fps/train 1085.6

Writing metrics: /home/zhangpeiying01/lfy/btwm-7.7/runs/btwm_dmc_walker_walk_seed0_w003_b21/scores.jsonl
Writing metrics: /home/zhangpeiying01/lfy/btwm-7.7/runs/btwm_dmc_walker_walk_seed0_w003_b21/metrics.jsonl

--------------------[Agent Step 3_248]--------------------
Metrics filtered by: 'score|length|fps|ratio|train/loss/|train/acc/|train/inv/|train/rand/'
train/acc/inv 0.17 / train/inv/ce 2.86 / train/inv/confidence 0.06 / train/inv/confidence_gating 0 / train/inv/effective_rep_weight 0.03 / train/inv/head_objective 0.94 / train/inv/head_weight 0 / train/inv/objective 0.94 / train/inv/policy_weight_max 1 / train/inv/policy_weight_mean 1 / train/inv/policy_weight_min 1 / train/inv/policy_weight_std 0 / train/inv/valid_frac 1 / train/inv/weight 0.03 / train/loss/con 0.02 / train/loss/dyn 6.74 / train/loss/image 117.1 / train/loss/inv 0.03 / train/loss/policy 0.9 / train/loss/rep 6.74 / train/loss/repval 6.57 / train/loss/rew 2.78 / train/loss/value 5.47 / replay/replay_ratio 260 / fps/policy 5.27 / fps/train 1349.1

Writing metrics: /home/zhangpeiying01/lfy/btwm-7.7/runs/btwm_dmc_walker_walk_seed0_w003_b21/scores.jsonl
Writing metrics: /home/zhangpeiying01/lfy/btwm-7.7/runs/btwm_dmc_walker_walk_seed0_w003_b21/metrics.jsonl

--------------------[Agent Step 4_272]--------------------
Metrics filtered by: 'score|length|fps|ratio|train/loss/|train/acc/|train/inv/|train/rand/'
train/acc/inv 0.19 / train/inv/ce 2.78 / train/inv/confidence 0.06 / train/inv/confidence_gating 0 / train/inv/effective_rep_weight 0.03 / train/inv/head_objective 0.91 / train/inv/head_weight 0 / train/inv/objective 0.91 / train/inv/policy_weight_max 1 / train/inv/policy_weight_mean 1 / train/inv/policy_weight_min 1 / train/inv/policy_weight_std 0 / train/inv/valid_frac 1 / train/inv/weight 0.03 / train/loss/con 0.02 / train/loss/dyn 5.52 / train/loss/image 76.8 / train/loss/inv 0.03 / train/loss/policy 2.01 / train/loss/rep 5.52 / train/loss/repval 4.3 / train/loss/rew 0.65 / train/loss/value 2.72 / replay/replay_ratio 260 / fps/policy 8.54 / fps/train 2185.63

Writing metrics: /home/zhangpeiying01/lfy/btwm-7.7/runs/btwm_dmc_walker_walk_seed0_w003_b21/metrics.jsonl
Writing metrics: /home/zhangpeiying01/lfy/btwm-7.7/runs/btwm_dmc_walker_walk_seed0_w003_b21/scores.jsonl

--------------------[Agent Step 6_112]--------------------
Metrics filtered by: 'score|length|fps|ratio|train/loss/|train/acc/|train/inv/|train/rand/'
train/acc/inv 0.27 / train/inv/ce 2.5 / train/inv/confidence 0.09 / train/inv/confidence_gating 0 / train/inv/effective_rep_weight 0.03 / train/inv/head_objective 0.82 / train/inv/head_weight 0 / train/inv/objective 0.82 / train/inv/policy_weight_max 1 / train/inv/policy_weight_mean 1 / train/inv/policy_weight_min 1 / train/inv/policy_weight_std 0 / train/inv/valid_frac 1 / train/inv/weight 0.03 / train/loss/con 0.02 / train/loss/dyn 6.83 / train/loss/image 45.98 / train/loss/inv 0.02 / train/loss/policy 1.89 / train/loss/rep 6.83 / train/loss/repval 2.86 / train/loss/rew 0.52 / train/loss/value 1.92 / replay/replay_ratio 260 / fps/policy 15.33 / fps/train 3925.14

Writing metrics: /home/zhangpeiying01/lfy/btwm-7.7/runs/btwm_dmc_walker_walk_seed0_w003_b21/metrics.jsonl
Writing metrics: /home/zhangpeiying01/lfy/btwm-7.7/runs/btwm_dmc_walker_walk_seed0_w003_b21/scores.jsonl

--------------------[Agent Step 7_952]--------------------
Metrics filtered by: 'score|length|fps|ratio|train/loss/|train/acc/|train/inv/|train/rand/'
train/acc/inv 0.37 / train/inv/ce 2.19 / train/inv/confidence 0.12 / train/inv/confidence_gating 0 / train/inv/effective_rep_weight 0.03 / train/inv/head_objective 0.72 / train/inv/head_weight 0 / train/inv/objective 0.72 / train/inv/policy_weight_max 1 / train/inv/policy_weight_mean 1 / train/inv/policy_weight_min 1 / train/inv/policy_weight_std 0 / train/inv/valid_frac 1 / train/inv/weight 0.03 / train/loss/con 0.02 / train/loss/dyn 7.51 / train/loss/image 32.91 / train/loss/inv 0.02 / train/loss/policy 0.39 / train/loss/rep 7.51 / train/loss/repval 2.46 / train/loss/rew 0.52 / train/loss/value 1.97 / replay/replay_ratio 260 / fps/policy 15.32 / fps/train 3921.76

Writing metrics: /home/zhangpeiying01/lfy/btwm-7.7/runs/btwm_dmc_walker_walk_seed0_w003_b21/metrics.jsonl
Writing metrics: /home/zhangpeiying01/lfy/btwm-7.7/runs/btwm_dmc_walker_walk_seed0_w003_b21/scores.jsonl

--------------------[Agent Step 9_808]--------------------
Metrics filtered by: 'score|length|fps|ratio|train/loss/|train/acc/|train/inv/|train/rand/'
train/acc/inv 0.43 / train/inv/ce 1.98 / train/inv/confidence 0.15 / train/inv/confidence_gating 0 / train/inv/effective_rep_weight 0.03 / train/inv/head_objective 0.65 / train/inv/head_weight 0 / train/inv/objective 0.65 / train/inv/policy_weight_max 1 / train/inv/policy_weight_mean 1 / train/inv/policy_weight_min 1 / train/inv/policy_weight_std 0 / train/inv/valid_frac 1 / train/inv/weight 0.03 / train/loss/con 0.02 / train/loss/dyn 7.16 / train/loss/image 26.11 / train/loss/inv 0.02 / train/loss/policy 0.08 / train/loss/rep 7.16 / train/loss/repval 2.15 / train/loss/rew 0.54 / train/loss/value 1.74 / replay/replay_ratio 260 / fps/policy 15.36 / fps/train 3933.12

Writing metrics: /home/zhangpeiying01/lfy/btwm-7.7/runs/btwm_dmc_walker_walk_seed0_w003_b21/scores.jsonl
Writing metrics: /home/zhangpeiying01/lfy/btwm-7.7/runs/btwm_dmc_walker_walk_seed0_w003_b21/metrics.jsonl

--------------------[Agent Step 11_664]--------------------
Metrics filtered by: 'score|length|fps|ratio|train/loss/|train/acc/|train/inv/|train/rand/'
train/acc/inv 0.48 / train/inv/ce 1.82 / train/inv/confidence 0.18 / train/inv/confidence_gating 0 / train/inv/effective_rep_weight 0.03 / train/inv/head_objective 0.6 / train/inv/head_weight 0 / train/inv/objective 0.6 / train/inv/policy_weight_max 1 / train/inv/policy_weight_mean 1 / train/inv/policy_weight_min 1 / train/inv/policy_weight_std 0 / train/inv/valid_frac 1 / train/inv/weight 0.03 / train/loss/con 0.02 / train/loss/dyn 6.74 / train/loss/image 21.39 / train/loss/inv 0.02 / train/loss/policy -7.1e-3 / train/loss/rep 6.74 / train/loss/repval 1.84 / train/loss/rew 0.55 / train/loss/value 1.5 / replay/replay_ratio 260 / fps/policy 15.36 / fps/train 3932.29

Writing metrics: /home/zhangpeiying01/lfy/btwm-7.7/runs/btwm_dmc_walker_walk_seed0_w003_b21/metrics.jsonl
Writing metrics: /home/zhangpeiying01/lfy/btwm-7.7/runs/btwm_dmc_walker_walk_seed0_w003_b21/scores.jsonl

--------------------[Agent Step 12_544]--------------------
Metrics filtered by: 'score|length|fps|ratio|train/loss/|train/acc/|train/inv/|train/rand/'
train/acc/inv 0.5 / train/inv/ce 1.76 / train/inv/confidence 0.2 / train/inv/confidence_gating 0 / train/inv/effective_rep_weight 0.03 / train/inv/head_objective 0.58 / train/inv/head_weight 0 / train/inv/objective 0.58 / train/inv/policy_weight_max 1 / train/inv/policy_weight_mean 1 / train/inv/policy_weight_min 1 / train/inv/policy_weight_std 0 / train/inv/valid_frac 1 / train/inv/weight 0.03 / train/loss/con 0.02 / train/loss/dyn 6.66 / train/loss/image 19.17 / train/loss/inv 0.02 / train/loss/policy -0.14 / train/loss/rep 6.66 / train/loss/repval 1.69 / train/loss/rew 0.55 / train/loss/value 1.4 / replay/replay_ratio 260 / fps/policy 7.12 / fps/train 1823.7

Writing metrics: /home/zhangpeiying01/lfy/btwm-7.7/runs/btwm_dmc_walker_walk_seed0_w003_b21/scores.jsonl
Writing metrics: /home/zhangpeiying01/lfy/btwm-7.7/runs/btwm_dmc_walker_walk_seed0_w003_b21/metrics.jsonl

--------------------[Agent Step 13_072]--------------------
Metrics filtered by: 'score|length|fps|ratio|train/loss/|train/acc/|train/inv/|train/rand/'
train/acc/inv 0.52 / train/inv/ce 1.71 / train/inv/confidence 0.21 / train/inv/confidence_gating 0 / train/inv/effective_rep_weight 0.03 / train/inv/head_objective 0.56 / train/inv/head_weight 0 / train/inv/objective 0.56 / train/inv/policy_weight_max 1 / train/inv/policy_weight_mean 1 / train/inv/policy_weight_min 1 / train/inv/policy_weight_std 0 / train/inv/valid_frac 1 / train/inv/weight 0.03 / train/loss/con 0.02 / train/loss/dyn 6.41 / train/loss/image 18.21 / train/loss/inv 0.02 / train/loss/policy -0.1 / train/loss/rep 6.41 / train/loss/repval 1.62 / train/loss/rew 0.54 / train/loss/value 1.36 / replay/replay_ratio 260 / fps/policy 4.32 / fps/train 1106.76

Writing metrics: /home/zhangpeiying01/lfy/btwm-7.7/runs/btwm_dmc_walker_walk_seed0_w003_b21/scores.jsonl
Writing metrics: /home/zhangpeiying01/lfy/btwm-7.7/runs/btwm_dmc_walker_walk_seed0_w003_b21/metrics.jsonl

--------------------[Agent Step 13_632]--------------------
Metrics filtered by: 'score|length|fps|ratio|train/loss/|train/acc/|train/inv/|train/rand/'
train/acc/inv 0.52 / train/inv/ce 1.7 / train/inv/confidence 0.21 / train/inv/confidence_gating 0 / train/inv/effective_rep_weight 0.03 / train/inv/head_objective 0.56 / train/inv/head_weight 0 / train/inv/objective 0.56 / train/inv/policy_weight_max 1 / train/inv/policy_weight_mean 1 / train/inv/policy_weight_min 1 / train/inv/policy_weight_std 0 / train/inv/valid_frac 1 / train/inv/weight 0.03 / train/loss/con 0.02 / train/loss/dyn 6.49 / train/loss/image 17.82 / train/loss/inv 0.02 / train/loss/policy -0.08 / train/loss/rep 6.49 / train/loss/repval 1.5 / train/loss/rew 0.55 / train/loss/value 1.27 / replay/replay_ratio 260 / fps/policy 4.62 / fps/train 1183.38

Writing metrics: /home/zhangpeiying01/lfy/btwm-7.7/runs/btwm_dmc_walker_walk_seed0_w003_b21/scores.jsonl
Writing metrics: /home/zhangpeiying01/lfy/btwm-7.7/runs/btwm_dmc_walker_walk_seed0_w003_b21/metrics.jsonl

--------------------[Agent Step 14_688]--------------------
Metrics filtered by: 'score|length|fps|ratio|train/loss/|train/acc/|train/inv/|train/rand/'
train/acc/inv 0.52 / train/inv/ce 1.67 / train/inv/confidence 0.22 / train/inv/confidence_gating 0 / train/inv/effective_rep_weight 0.03 / train/inv/head_objective 0.55 / train/inv/head_weight 0 / train/inv/objective 0.55 / train/inv/policy_weight_max 1 / train/inv/policy_weight_mean 1 / train/inv/policy_weight_min 1 / train/inv/policy_weight_std 0 / train/inv/valid_frac 1 / train/inv/weight 0.03 / train/loss/con 0.02 / train/loss/dyn 6.46 / train/loss/image 17.15 / train/loss/inv 0.02 / train/loss/policy -0.13 / train/loss/rep 6.46 / train/loss/repval 1.44 / train/loss/rew 0.55 / train/loss/value 1.21 / replay/replay_ratio 260 / fps/policy 8.68 / fps/train 2221.71

Writing metrics: /home/zhangpeiying01/lfy/btwm-7.7/runs/btwm_dmc_walker_walk_seed0_w003_b21/metrics.jsonl
Writing metrics: /home/zhangpeiying01/lfy/btwm-7.7/runs/btwm_dmc_walker_walk_seed0_w003_b21/scores.jsonl

--------------------[Agent Step 16_544]--------------------
Metrics filtered by: 'score|length|fps|ratio|train/loss/|train/acc/|train/inv/|train/rand/'
episode/score 179.77 / episode/length 1001 / train/acc/inv 0.53 / train/inv/ce 1.63 / train/inv/confidence 0.23 / train/inv/confidence_gating 0 / train/inv/effective_rep_weight 0.03 / train/inv/head_objective 0.54 / train/inv/head_weight 0 / train/inv/objective 0.54 / train/inv/policy_weight_max 1 / train/inv/policy_weight_mean 1 / train/inv/policy_weight_min 1 / train/inv/policy_weight_std 0 / train/inv/valid_frac 1 / train/inv/weight 0.03 / train/loss/con 0.02 / train/loss/dyn 6.34 / train/loss/image 15.94 / train/loss/inv 0.02 / train/loss/policy -0.1 / train/loss/rep 6.34 / train/loss/repval 1.32 / train/loss/rew 0.55 / train/loss/value 1.16 / replay/replay_ratio 260 / fps/policy 15.37 / fps/train 3935.47

Writing metrics: /home/zhangpeiying01/lfy/btwm-7.7/runs/btwm_dmc_walker_walk_seed0_w003_b21/metrics.jsonl
Writing metrics: /home/zhangpeiying01/lfy/btwm-7.7/runs/btwm_dmc_walker_walk_seed0_w003_b21/scores.jsonl

--------------------[Agent Step 18_400]--------------------
Metrics filtered by: 'score|length|fps|ratio|train/loss/|train/acc/|train/inv/|train/rand/'
train/acc/inv 0.53 / train/inv/ce 1.6 / train/inv/confidence 0.24 / train/inv/confidence_gating 0 / train/inv/effective_rep_weight 0.03 / train/inv/head_objective 0.53 / train/inv/head_weight 0 / train/inv/objective 0.53 / train/inv/policy_weight_max 1 / train/inv/policy_weight_mean 1 / train/inv/policy_weight_min 1 / train/inv/policy_weight_std 0 / train/inv/valid_frac 1 / train/inv/weight 0.03 / train/loss/con 0.02 / train/loss/dyn 6.27 / train/loss/image 15.51 / train/loss/inv 0.02 / train/loss/policy -0.14 / train/loss/rep 6.27 / train/loss/repval 1.19 / train/loss/rew 0.54 / train/loss/value 1.06 / replay/replay_ratio 260 / fps/policy 15.35 / fps/train 3929.04

Writing metrics: /home/zhangpeiying01/lfy/btwm-7.7/runs/btwm_dmc_walker_walk_seed0_w003_b21/metrics.jsonl
Writing metrics: /home/zhangpeiying01/lfy/btwm-7.7/runs/btwm_dmc_walker_walk_seed0_w003_b21/scores.jsonl

--------------------[Agent Step 20_256]--------------------
Metrics filtered by: 'score|length|fps|ratio|train/loss/|train/acc/|train/inv/|train/rand/'
train/acc/inv 0.54 / train/inv/ce 1.56 / train/inv/confidence 0.25 / train/inv/confidence_gating 0 / train/inv/effective_rep_weight 0.03 / train/inv/head_objective 0.51 / train/inv/head_weight 0 / train/inv/objective 0.51 / train/inv/policy_weight_max 1 / train/inv/policy_weight_mean 1 / train/inv/policy_weight_min 1 / train/inv/policy_weight_std 0 / train/inv/valid_frac 1 / train/inv/weight 0.03 / train/loss/con 0.02 / train/loss/dyn 6.14 / train/loss/image 14.37 / train/loss/inv 0.02 / train/loss/policy -0.14 / train/loss/rep 6.14 / train/loss/repval 1.15 / train/loss/rew 0.54 / train/loss/value 1.07 / replay/replay_ratio 260 / fps/policy 15.37 / fps/train 3935.88

Writing metrics: /home/zhangpeiying01/lfy/btwm-7.7/runs/btwm_dmc_walker_walk_seed0_w003_b21/metrics.jsonl
Writing metrics: /home/zhangpeiying01/lfy/btwm-7.7/runs/btwm_dmc_walker_walk_seed0_w003_b21/scores.jsonl

--------------------[Agent Step 22_112]--------------------
Metrics filtered by: 'score|length|fps|ratio|train/loss/|train/acc/|train/inv/|train/rand/'
train/acc/inv 0.55 / train/inv/ce 1.53 / train/inv/confidence 0.25 / train/inv/confidence_gating 0 / train/inv/effective_rep_weight 0.03 / train/inv/head_objective 0.5 / train/inv/head_weight 0 / train/inv/objective 0.5 / train/inv/policy_weight_max 1 / train/inv/policy_weight_mean 1 / train/inv/policy_weight_min 1 / train/inv/policy_weight_std 0 / train/inv/valid_frac 1 / train/inv/weight 0.03 / train/loss/con 0.02 / train/loss/dyn 6.03 / train/loss/image 13.26 / train/loss/inv 0.02 / train/loss/policy -0.19 / train/loss/rep 6.03 / train/loss/repval 1.16 / train/loss/rew 0.55 / train/loss/value 1.06 / replay/replay_ratio 260 / fps/policy 15.35 / fps/train 3930.61

Writing metrics: /home/zhangpeiying01/lfy/btwm-7.7/runs/btwm_dmc_walker_walk_seed0_w003_b21/metrics.jsonl
Writing metrics: /home/zhangpeiying01/lfy/btwm-7.7/runs/btwm_dmc_walker_walk_seed0_w003_b21/scores.jsonl

--------------------[Agent Step 23_968]--------------------
Metrics filtered by: 'score|length|fps|ratio|train/loss/|train/acc/|train/inv/|train/rand/'
train/acc/inv 0.55 / train/inv/ce 1.51 / train/inv/confidence 0.26 / train/inv/confidence_gating 0 / train/inv/effective_rep_weight 0.03 / train/inv/head_objective 0.49 / train/inv/head_weight 0 / train/inv/objective 0.49 / train/inv/policy_weight_max 1 / train/inv/policy_weight_mean 1 / train/inv/policy_weight_min 1 / train/inv/policy_weight_std 0 / train/inv/valid_frac 1 / train/inv/weight 0.03 / train/loss/con 0.02 / train/loss/dyn 5.92 / train/loss/image 12.56 / train/loss/inv 0.01 / train/loss/policy -0.16 / train/loss/rep 5.92 / train/loss/repval 1.06 / train/loss/rew 0.54 / train/loss/value 0.96 / replay/replay_ratio 260 / fps/policy 15.35 / fps/train 3930.85

Writing metrics: /home/zhangpeiying01/lfy/btwm-7.7/runs/btwm_dmc_walker_walk_seed0_w003_b21/metrics.jsonl
Writing metrics: /home/zhangpeiying01/lfy/btwm-7.7/runs/btwm_dmc_walker_walk_seed0_w003_b21/scores.jsonl

--------------------[Agent Step 25_824]--------------------
Metrics filtered by: 'score|length|fps|ratio|train/loss/|train/acc/|train/inv/|train/rand/'
train/acc/inv 0.56 / train/inv/ce 1.46 / train/inv/confidence 0.27 / train/inv/confidence_gating 0 / train/inv/effective_rep_weight 0.03 / train/inv/head_objective 0.48 / train/inv/head_weight 0 / train/inv/objective 0.48 / train/inv/policy_weight_max 1 / train/inv/policy_weight_mean 1 / train/inv/policy_weight_min 1 / train/inv/policy_weight_std 0 / train/inv/valid_frac 1 / train/inv/weight 0.03 / train/loss/con 0.02 / train/loss/dyn 5.69 / train/loss/image 11.85 / train/loss/inv 0.01 / train/loss/policy -0.17 / train/loss/rep 5.69 / train/loss/repval 1.12 / train/loss/rew 0.54 / train/loss/value 1.03 / replay/replay_ratio 260 / fps/policy 15.37 / fps/train 3934.8

Writing metrics: /home/zhangpeiying01/lfy/btwm-7.7/runs/btwm_dmc_walker_walk_seed0_w003_b21/metrics.jsonl
Writing metrics: /home/zhangpeiying01/lfy/btwm-7.7/runs/btwm_dmc_walker_walk_seed0_w003_b21/scores.jsonl

--------------------[Agent Step 27_680]--------------------
Metrics filtered by: 'score|length|fps|ratio|train/loss/|train/acc/|train/inv/|train/rand/'
train/acc/inv 0.55 / train/inv/ce 1.48 / train/inv/confidence 0.27 / train/inv/confidence_gating 0 / train/inv/effective_rep_weight 0.03 / train/inv/head_objective 0.48 / train/inv/head_weight 0 / train/inv/objective 0.48 / train/inv/policy_weight_max 1 / train/inv/policy_weight_mean 1 / train/inv/policy_weight_min 1 / train/inv/policy_weight_std 0 / train/inv/valid_frac 1 / train/inv/weight 0.03 / train/loss/con 0.02 / train/loss/dyn 5.69 / train/loss/image 11.25 / train/loss/inv 0.01 / train/loss/policy -0.15 / train/loss/rep 5.69 / train/loss/repval 1.07 / train/loss/rew 0.54 / train/loss/value 0.98 / replay/replay_ratio 260 / fps/policy 15.35 / fps/train 3929.64

Writing metrics: /home/zhangpeiying01/lfy/btwm-7.7/runs/btwm_dmc_walker_walk_seed0_w003_b21/metrics.jsonl
Writing metrics: /home/zhangpeiying01/lfy/btwm-7.7/runs/btwm_dmc_walker_walk_seed0_w003_b21/scores.jsonl

--------------------[Agent Step 29_536]--------------------
Metrics filtered by: 'score|length|fps|ratio|train/loss/|train/acc/|train/inv/|train/rand/'
train/acc/inv 0.56 / train/inv/ce 1.46 / train/inv/confidence 0.28 / train/inv/confidence_gating 0 / train/inv/effective_rep_weight 0.03 / train/inv/head_objective 0.48 / train/inv/head_weight 0 / train/inv/objective 0.48 / train/inv/policy_weight_max 1 / train/inv/policy_weight_mean 1 / train/inv/policy_weight_min 1 / train/inv/policy_weight_std 0 / train/inv/valid_frac 1 / train/inv/weight 0.03 / train/loss/con 0.02 / train/loss/dyn 5.47 / train/loss/image 10.56 / train/loss/inv 0.01 / train/loss/policy -0.17 / train/loss/rep 5.47 / train/loss/repval 1.11 / train/loss/rew 0.53 / train/loss/value 1.04 / replay/replay_ratio 260 / fps/policy 15.34 / fps/train 3926.92

Writing metrics: /home/zhangpeiying01/lfy/btwm-7.7/runs/btwm_dmc_walker_walk_seed0_w003_b21/metrics.jsonl
Writing metrics: /home/zhangpeiying01/lfy/btwm-7.7/runs/btwm_dmc_walker_walk_seed0_w003_b21/scores.jsonl

--------------------[Agent Step 31_392]--------------------
Metrics filtered by: 'score|length|fps|ratio|train/loss/|train/acc/|train/inv/|train/rand/'
train/acc/inv 0.56 / train/inv/ce 1.43 / train/inv/confidence 0.28 / train/inv/confidence_gating 0 / train/inv/effective_rep_weight 0.03 / train/inv/head_objective 0.47 / train/inv/head_weight 0 / train/inv/objective 0.47 / train/inv/policy_weight_max 1 / train/inv/policy_weight_mean 1 / train/inv/policy_weight_min 1 / train/inv/policy_weight_std 0 / train/inv/valid_frac 1 / train/inv/weight 0.03 / train/loss/con 0.02 / train/loss/dyn 5.39 / train/loss/image 10.1 / train/loss/inv 0.01 / train/loss/policy -0.15 / train/loss/rep 5.39 / train/loss/repval 1.05 / train/loss/rew 0.53 / train/loss/value 0.96 / replay/replay_ratio 260 / fps/policy 15.36 / fps/train 3932.1

Writing metrics: /home/zhangpeiying01/lfy/btwm-7.7/runs/btwm_dmc_walker_walk_seed0_w003_b21/metrics.jsonl
Writing metrics: /home/zhangpeiying01/lfy/btwm-7.7/runs/btwm_dmc_walker_walk_seed0_w003_b21/scores.jsonl

--------------------[Agent Step 33_248]--------------------
Metrics filtered by: 'score|length|fps|ratio|train/loss/|train/acc/|train/inv/|train/rand/'
episode/score 514.72 / episode/length 1001 / train/acc/inv 0.56 / train/inv/ce 1.44 / train/inv/confidence 0.28 / train/inv/confidence_gating 0 / train/inv/effective_rep_weight 0.03 / train/inv/head_objective 0.47 / train/inv/head_weight 0 / train/inv/objective 0.47 / train/inv/policy_weight_max 1 / train/inv/policy_weight_mean 1 / train/inv/policy_weight_min 1 / train/inv/policy_weight_std 0 / train/inv/valid_frac 1 / train/inv/weight 0.03 / train/loss/con 0.02 / train/loss/dyn 5.36 / train/loss/image 9.94 / train/loss/inv 0.01 / train/loss/policy -0.12 / train/loss/rep 5.36 / train/loss/repval 1.07 / train/loss/rew 0.53 / train/loss/value 0.96 / replay/replay_ratio 260 / fps/policy 15.35 / fps/train 3928.6

Writing metrics: /home/zhangpeiying01/lfy/btwm-7.7/runs/btwm_dmc_walker_walk_seed0_w003_b21/metrics.jsonl
Writing metrics: /home/zhangpeiying01/lfy/btwm-7.7/runs/btwm_dmc_walker_walk_seed0_w003_b21/scores.jsonl

--------------------[Agent Step 34_384]--------------------
Metrics filtered by: 'score|length|fps|ratio|train/loss/|train/acc/|train/inv/|train/rand/'
train/acc/inv 0.56 / train/inv/ce 1.44 / train/inv/confidence 0.28 / train/inv/confidence_gating 0 / train/inv/effective_rep_weight 0.03 / train/inv/head_objective 0.47 / train/inv/head_weight 0 / train/inv/objective 0.47 / train/inv/policy_weight_max 1 / train/inv/policy_weight_mean 1 / train/inv/policy_weight_min 1 / train/inv/policy_weight_std 0 / train/inv/valid_frac 1 / train/inv/weight 0.03 / train/loss/con 0.02 / train/loss/dyn 5.27 / train/loss/image 9.87 / train/loss/inv 0.01 / train/loss/policy -0.11 / train/loss/rep 5.27 / train/loss/repval 1.12 / train/loss/rew 0.54 / train/loss/value 1.14 / replay/replay_ratio 260 / fps/policy 9.47 / fps/train 2425.09

Writing metrics: /home/zhangpeiying01/lfy/btwm-7.7/runs/btwm_dmc_walker_walk_seed0_w003_b21/scores.jsonl
Writing metrics: /home/zhangpeiying01/lfy/btwm-7.7/runs/btwm_dmc_walker_walk_seed0_w003_b21/metrics.jsonl

--------------------[Agent Step 36_240]--------------------
Metrics filtered by: 'score|length|fps|ratio|train/loss/|train/acc/|train/inv/|train/rand/'
train/acc/inv 0.56 / train/inv/ce 1.43 / train/inv/confidence 0.29 / train/inv/confidence_gating 0 / train/inv/effective_rep_weight 0.03 / train/inv/head_objective 0.47 / train/inv/head_weight 0 / train/inv/objective 0.47 / train/inv/policy_weight_max 1 / train/inv/policy_weight_mean 1 / train/inv/policy_weight_min 1 / train/inv/policy_weight_std 0 / train/inv/valid_frac 1 / train/inv/weight 0.03 / train/loss/con 0.02 / train/loss/dyn 5.17 / train/loss/image 9.34 / train/loss/inv 0.01 / train/loss/policy -0.1 / train/loss/rep 5.17 / train/loss/repval 1.04 / train/loss/rew 0.53 / train/loss/value 1 / replay/replay_ratio 260 / fps/policy 15.35 / fps/train 3930.15

Writing metrics: /home/zhangpeiying01/lfy/btwm-7.7/runs/btwm_dmc_walker_walk_seed0_w003_b21/metrics.jsonl
Writing metrics: /home/zhangpeiying01/lfy/btwm-7.7/runs/btwm_dmc_walker_walk_seed0_w003_b21/scores.jsonl

--------------------[Agent Step 38_096]--------------------
Metrics filtered by: 'score|length|fps|ratio|train/loss/|train/acc/|train/inv/|train/rand/'
train/acc/inv 0.55 / train/inv/ce 1.44 / train/inv/confidence 0.28 / train/inv/confidence_gating 0 / train/inv/effective_rep_weight 0.03 / train/inv/head_objective 0.47 / train/inv/head_weight 0 / train/inv/objective 0.47 / train/inv/policy_weight_max 1 / train/inv/policy_weight_mean 1 / train/inv/policy_weight_min 1 / train/inv/policy_weight_std 0 / train/inv/valid_frac 1 / train/inv/weight 0.03 / train/loss/con 0.02 / train/loss/dyn 5.07 / train/loss/image 8.95 / train/loss/inv 0.01 / train/loss/policy -0.09 / train/loss/rep 5.07 / train/loss/repval 0.97 / train/loss/rew 0.53 / train/loss/value 0.78 / replay/replay_ratio 260 / fps/policy 15.34 / fps/train 3927.03

Writing metrics: /home/zhangpeiying01/lfy/btwm-7.7/runs/btwm_dmc_walker_walk_seed0_w003_b21/metrics.jsonl
Writing metrics: /home/zhangpeiying01/lfy/btwm-7.7/runs/btwm_dmc_walker_walk_seed0_w003_b21/scores.jsonl

--------------------[Agent Step 39_936]--------------------
Metrics filtered by: 'score|length|fps|ratio|train/loss/|train/acc/|train/inv/|train/rand/'
train/acc/inv 0.55 / train/inv/ce 1.44 / train/inv/confidence 0.28 / train/inv/confidence_gating 0 / train/inv/effective_rep_weight 0.03 / train/inv/head_objective 0.47 / train/inv/head_weight 0 / train/inv/objective 0.47 / train/inv/policy_weight_max 1 / train/inv/policy_weight_mean 1 / train/inv/policy_weight_min 1 / train/inv/policy_weight_std 0 / train/inv/valid_frac 1 / train/inv/weight 0.03 / train/loss/con 0.02 / train/loss/dyn 4.99 / train/loss/image 8.56 / train/loss/inv 0.01 / train/loss/policy -0.1 / train/loss/rep 4.99 / train/loss/repval 1.06 / train/loss/rew 0.53 / train/loss/value 1.01 / replay/replay_ratio 260 / fps/policy 15.33 / fps/train 3925.72

Writing metrics: /home/zhangpeiying01/lfy/btwm-7.7/runs/btwm_dmc_walker_walk_seed0_w003_b21/scores.jsonl
Writing metrics: /home/zhangpeiying01/lfy/btwm-7.7/runs/btwm_dmc_walker_walk_seed0_w003_b21/metrics.jsonl

--------------------[Agent Step 41_792]--------------------
Metrics filtered by: 'score|length|fps|ratio|train/loss/|train/acc/|train/inv/|train/rand/'
train/acc/inv 0.56 / train/inv/ce 1.43 / train/inv/confidence 0.29 / train/inv/confidence_gating 0 / train/inv/effective_rep_weight 0.03 / train/inv/head_objective 0.47 / train/inv/head_weight 0 / train/inv/objective 0.47 / train/inv/policy_weight_max 1 / train/inv/policy_weight_mean 1 / train/inv/policy_weight_min 1 / train/inv/policy_weight_std 0 / train/inv/valid_frac 1 / train/inv/weight 0.03 / train/loss/con 0.02 / train/loss/dyn 4.94 / train/loss/image 8.28 / train/loss/inv 0.01 / train/loss/policy -0.1 / train/loss/rep 4.94 / train/loss/repval 1.13 / train/loss/rew 0.53 / train/loss/value 1.19 / replay/replay_ratio 260 / fps/policy 15.35 / fps/train 3928.37

Writing metrics: /home/zhangpeiying01/lfy/btwm-7.7/runs/btwm_dmc_walker_walk_seed0_w003_b21/metrics.jsonl
Writing metrics: /home/zhangpeiying01/lfy/btwm-7.7/runs/btwm_dmc_walker_walk_seed0_w003_b21/scores.jsonl

--------------------[Agent Step 43_648]--------------------
Metrics filtered by: 'score|length|fps|ratio|train/loss/|train/acc/|train/inv/|train/rand/'
train/acc/inv 0.55 / train/inv/ce 1.44 / train/inv/confidence 0.29 / train/inv/confidence_gating 0 / train/inv/effective_rep_weight 0.03 / train/inv/head_objective 0.47 / train/inv/head_weight 0 / train/inv/objective 0.47 / train/inv/policy_weight_max 1 / train/inv/policy_weight_mean 1 / train/inv/policy_weight_min 1 / train/inv/policy_weight_std 0 / train/inv/valid_frac 1 / train/inv/weight 0.03 / train/loss/con 0.02 / train/loss/dyn 4.85 / train/loss/image 7.95 / train/loss/inv 0.01 / train/loss/policy -0.08 / train/loss/rep 4.85 / train/loss/repval 1.1 / train/loss/rew 0.53 / train/loss/value 1.13 / replay/replay_ratio 260 / fps/policy 15.36 / fps/train 3931.88

Writing metrics: /home/zhangpeiying01/lfy/btwm-7.7/runs/btwm_dmc_walker_walk_seed0_w003_b21/metrics.jsonl
Writing metrics: /home/zhangpeiying01/lfy/btwm-7.7/runs/btwm_dmc_walker_walk_seed0_w003_b21/scores.jsonl

--------------------[Agent Step 45_504]--------------------
Metrics filtered by: 'score|length|fps|ratio|train/loss/|train/acc/|train/inv/|train/rand/'
train/acc/inv 0.55 / train/inv/ce 1.44 / train/inv/confidence 0.29 / train/inv/confidence_gating 0 / train/inv/effective_rep_weight 0.03 / train/inv/head_objective 0.47 / train/inv/head_weight 0 / train/inv/objective 0.47 / train/inv/policy_weight_max 1 / train/inv/policy_weight_mean 1 / train/inv/policy_weight_min 1 / train/inv/policy_weight_std 0 / train/inv/valid_frac 1 / train/inv/weight 0.03 / train/loss/con 0.02 / train/loss/dyn 4.8 / train/loss/image 7.73 / train/loss/inv 0.01 / train/loss/policy -0.08 / train/loss/rep 4.8 / train/loss/repval 0.93 / train/loss/rew 0.53 / train/loss/value 0.83 / replay/replay_ratio 260 / fps/policy 15.34 / fps/train 3925.98

Writing metrics: /home/zhangpeiying01/lfy/btwm-7.7/runs/btwm_dmc_walker_walk_seed0_w003_b21/metrics.jsonl
Writing metrics: /home/zhangpeiying01/lfy/btwm-7.7/runs/btwm_dmc_walker_walk_seed0_w003_b21/scores.jsonl

--------------------[Agent Step 47_360]--------------------
Metrics filtered by: 'score|length|fps|ratio|train/loss/|train/acc/|train/inv/|train/rand/'
train/acc/inv 0.55 / train/inv/ce 1.46 / train/inv/confidence 0.28 / train/inv/confidence_gating 0 / train/inv/effective_rep_weight 0.03 / train/inv/head_objective 0.48 / train/inv/head_weight 0 / train/inv/objective 0.48 / train/inv/policy_weight_max 1 / train/inv/policy_weight_mean 1 / train/inv/policy_weight_min 1 / train/inv/policy_weight_std 0 / train/inv/valid_frac 1 / train/inv/weight 0.03 / train/loss/con 0.02 / train/loss/dyn 4.75 / train/loss/image 7.51 / train/loss/inv 0.01 / train/loss/policy -0.06 / train/loss/rep 4.75 / train/loss/repval 0.83 / train/loss/rew 0.53 / train/loss/value 0.62 / replay/replay_ratio 260 / fps/policy 15.35 / fps/train 3929.66

Writing metrics: /home/zhangpeiying01/lfy/btwm-7.7/runs/btwm_dmc_walker_walk_seed0_w003_b21/metrics.jsonl
Writing metrics: /home/zhangpeiying01/lfy/btwm-7.7/runs/btwm_dmc_walker_walk_seed0_w003_b21/scores.jsonl
Saving checkpoint: /home/zhangpeiying01/lfy/btwm-7.7/runs/btwm_dmc_walker_walk_seed0_w003_b21/ckpt/20260711T220908F616429
Saved checkpoint.

--------------------[Agent Step 49_152]--------------------
Metrics filtered by: 'score|length|fps|ratio|train/loss/|train/acc/|train/inv/|train/rand/'
episode/score 720.67 / episode/length 1001 / train/acc/inv 0.54 / train/inv/ce 1.48 / train/inv/confidence 0.28 / train/inv/confidence_gating 0 / train/inv/effective_rep_weight 0.03 / train/inv/head_objective 0.49 / train/inv/head_weight 0 / train/inv/objective 0.49 / train/inv/policy_weight_max 1 / train/inv/policy_weight_mean 1 / train/inv/policy_weight_min 1 / train/inv/policy_weight_std 0 / train/inv/valid_frac 1 / train/inv/weight 0.03 / train/loss/con 0.02 / train/loss/dyn 4.78 / train/loss/image 7.57 / train/loss/inv 0.01 / train/loss/policy -0.06 / train/loss/rep 4.78 / train/loss/repval 0.9 / train/loss/rew 0.53 / train/loss/value 0.72 / replay/replay_ratio 260 / fps/policy 14.93 / fps/train 3821.14

Writing metrics: /home/zhangpeiying01/lfy/btwm-7.7/runs/btwm_dmc_walker_walk_seed0_w003_b21/metrics.jsonl
Writing metrics: /home/zhangpeiying01/lfy/btwm-7.7/runs/btwm_dmc_walker_walk_seed0_w003_b21/scores.jsonl

--------------------[Agent Step 51_008]--------------------
Metrics filtered by: 'score|length|fps|ratio|train/loss/|train/acc/|train/inv/|train/rand/'
train/acc/inv 0.54 / train/inv/ce 1.49 / train/inv/confidence 0.28 / train/inv/confidence_gating 0 / train/inv/effective_rep_weight 0.03 / train/inv/head_objective 0.49 / train/inv/head_weight 0 / train/inv/objective 0.49 / train/inv/policy_weight_max 1 / train/inv/policy_weight_mean 1 / train/inv/policy_weight_min 1 / train/inv/policy_weight_std 0 / train/inv/valid_frac 1 / train/inv/weight 0.03 / train/loss/con 0.02 / train/loss/dyn 4.66 / train/loss/image 7.56 / train/loss/inv 0.01 / train/loss/policy -0.06 / train/loss/rep 4.66 / train/loss/repval 0.98 / train/loss/rew 0.53 / train/loss/value 0.87 / replay/replay_ratio 260 / fps/policy 15.33 / fps/train 3924.76

Writing metrics: /home/zhangpeiying01/lfy/btwm-7.7/runs/btwm_dmc_walker_walk_seed0_w003_b21/scores.jsonl
Writing metrics: /home/zhangpeiying01/lfy/btwm-7.7/runs/btwm_dmc_walker_walk_seed0_w003_b21/metrics.jsonl

--------------------[Agent Step 52_864]--------------------
Metrics filtered by: 'score|length|fps|ratio|train/loss/|train/acc/|train/inv/|train/rand/'
train/acc/inv 0.55 / train/inv/ce 1.48 / train/inv/confidence 0.28 / train/inv/confidence_gating 0 / train/inv/effective_rep_weight 0.03 / train/inv/head_objective 0.48 / train/inv/head_weight 0 / train/inv/objective 0.48 / train/inv/policy_weight_max 1 / train/inv/policy_weight_mean 1 / train/inv/policy_weight_min 1 / train/inv/policy_weight_std 0 / train/inv/valid_frac 1 / train/inv/weight 0.03 / train/loss/con 0.02 / train/loss/dyn 4.54 / train/loss/image 7.15 / train/loss/inv 0.01 / train/loss/policy -0.06 / train/loss/rep 4.54 / train/loss/repval 1.03 / train/loss/rew 0.53 / train/loss/value 1.01 / replay/replay_ratio 260 / fps/policy 15.32 / fps/train 3922.15

Writing metrics: /home/zhangpeiying01/lfy/btwm-7.7/runs/btwm_dmc_walker_walk_seed0_w003_b21/metrics.jsonl
Writing metrics: /home/zhangpeiying01/lfy/btwm-7.7/runs/btwm_dmc_walker_walk_seed0_w003_b21/scores.jsonl

--------------------[Agent Step 54_704]--------------------
Metrics filtered by: 'score|length|fps|ratio|train/loss/|train/acc/|train/inv/|train/rand/'
train/acc/inv 0.54 / train/inv/ce 1.48 / train/inv/confidence 0.28 / train/inv/confidence_gating 0 / train/inv/effective_rep_weight 0.03 / train/inv/head_objective 0.49 / train/inv/head_weight 0 / train/inv/objective 0.49 / train/inv/policy_weight_max 1 / train/inv/policy_weight_mean 1 / train/inv/policy_weight_min 1 / train/inv/policy_weight_std 0 / train/inv/valid_frac 1 / train/inv/weight 0.03 / train/loss/con 0.02 / train/loss/dyn 4.46 / train/loss/image 6.92 / train/loss/inv 0.01 / train/loss/policy -0.05 / train/loss/rep 4.46 / train/loss/repval 1.09 / train/loss/rew 0.53 / train/loss/value 1.13 / replay/replay_ratio 260 / fps/policy 15.33 / fps/train 3924.13

Writing metrics: /home/zhangpeiying01/lfy/btwm-7.7/runs/btwm_dmc_walker_walk_seed0_w003_b21/metrics.jsonl
Writing metrics: /home/zhangpeiying01/lfy/btwm-7.7/runs/btwm_dmc_walker_walk_seed0_w003_b21/scores.jsonl

--------------------[Agent Step 56_560]--------------------
Metrics filtered by: 'score|length|fps|ratio|train/loss/|train/acc/|train/inv/|train/rand/'
train/acc/inv 0.54 / train/inv/ce 1.48 / train/inv/confidence 0.28 / train/inv/confidence_gating 0 / train/inv/effective_rep_weight 0.03 / train/inv/head_objective 0.49 / train/inv/head_weight 0 / train/inv/objective 0.49 / train/inv/policy_weight_max 1 / train/inv/policy_weight_mean 1 / train/inv/policy_weight_min 1 / train/inv/policy_weight_std 0 / train/inv/valid_frac 1 / train/inv/weight 0.03 / train/loss/con 0.02 / train/loss/dyn 4.4 / train/loss/image 6.73 / train/loss/inv 0.01 / train/loss/policy -0.05 / train/loss/rep 4.4 / train/loss/repval 1.13 / train/loss/rew 0.53 / train/loss/value 1.21 / replay/replay_ratio 260 / fps/policy 15.31 / fps/train 3918.82

Writing metrics: /home/zhangpeiying01/lfy/btwm-7.7/runs/btwm_dmc_walker_walk_seed0_w003_b21/metrics.jsonl
Writing metrics: /home/zhangpeiying01/lfy/btwm-7.7/runs/btwm_dmc_walker_walk_seed0_w003_b21/scores.jsonl

--------------------[Agent Step 58_400]--------------------
Metrics filtered by: 'score|length|fps|ratio|train/loss/|train/acc/|train/inv/|train/rand/'
train/acc/inv 0.54 / train/inv/ce 1.49 / train/inv/confidence 0.28 / train/inv/confidence_gating 0 / train/inv/effective_rep_weight 0.03 / train/inv/head_objective 0.49 / train/inv/head_weight 0 / train/inv/objective 0.49 / train/inv/policy_weight_max 1 / train/inv/policy_weight_mean 1 / train/inv/policy_weight_min 1 / train/inv/policy_weight_std 0 / train/inv/valid_frac 1 / train/inv/weight 0.03 / train/loss/con 0.02 / train/loss/dyn 4.37 / train/loss/image 6.52 / train/loss/inv 0.01 / train/loss/policy -0.05 / train/loss/rep 4.37 / train/loss/repval 1.16 / train/loss/rew 0.53 / train/loss/value 1.25 / replay/replay_ratio 260 / fps/policy 15.32 / fps/train 3923

Writing metrics: /home/zhangpeiying01/lfy/btwm-7.7/runs/btwm_dmc_walker_walk_seed0_w003_b21/metrics.jsonl
Writing metrics: /home/zhangpeiying01/lfy/btwm-7.7/runs/btwm_dmc_walker_walk_seed0_w003_b21/scores.jsonl

--------------------[Agent Step 60_256]--------------------
Metrics filtered by: 'score|length|fps|ratio|train/loss/|train/acc/|train/inv/|train/rand/'
train/acc/inv 0.54 / train/inv/ce 1.5 / train/inv/confidence 0.28 / train/inv/confidence_gating 0 / train/inv/effective_rep_weight 0.03 / train/inv/head_objective 0.49 / train/inv/head_weight 0 / train/inv/objective 0.49 / train/inv/policy_weight_max 1 / train/inv/policy_weight_mean 1 / train/inv/policy_weight_min 1 / train/inv/policy_weight_std 0 / train/inv/valid_frac 1 / train/inv/weight 0.03 / train/loss/con 0.02 / train/loss/dyn 4.27 / train/loss/image 6.35 / train/loss/inv 0.01 / train/loss/policy -0.04 / train/loss/rep 4.27 / train/loss/repval 1.18 / train/loss/rew 0.53 / train/loss/value 1.26 / replay/replay_ratio 260 / fps/policy 15.34 / fps/train 3927.77

Writing metrics: /home/zhangpeiying01/lfy/btwm-7.7/runs/btwm_dmc_walker_walk_seed0_w003_b21/metrics.jsonl
Writing metrics: /home/zhangpeiying01/lfy/btwm-7.7/runs/btwm_dmc_walker_walk_seed0_w003_b21/scores.jsonl

--------------------[Agent Step 62_112]--------------------
Metrics filtered by: 'score|length|fps|ratio|train/loss/|train/acc/|train/inv/|train/rand/'
train/acc/inv 0.53 / train/inv/ce 1.53 / train/inv/confidence 0.27 / train/inv/confidence_gating 0 / train/inv/effective_rep_weight 0.03 / train/inv/head_objective 0.5 / train/inv/head_weight 0 / train/inv/objective 0.5 / train/inv/policy_weight_max 1 / train/inv/policy_weight_mean 1 / train/inv/policy_weight_min 1 / train/inv/policy_weight_std 0 / train/inv/valid_frac 1 / train/inv/weight 0.03 / train/loss/con 0.02 / train/loss/dyn 4.3 / train/loss/image 6.19 / train/loss/inv 0.02 / train/loss/policy -0.05 / train/loss/rep 4.3 / train/loss/repval 1.18 / train/loss/rew 0.54 / train/loss/value 1.25 / replay/replay_ratio 260 / fps/policy 15.34 / fps/train 3927.64

Writing metrics: /home/zhangpeiying01/lfy/btwm-7.7/runs/btwm_dmc_walker_walk_seed0_w003_b21/scores.jsonl
Writing metrics: /home/zhangpeiying01/lfy/btwm-7.7/runs/btwm_dmc_walker_walk_seed0_w003_b21/metrics.jsonl

--------------------[Agent Step 63_952]--------------------
Metrics filtered by: 'score|length|fps|ratio|train/loss/|train/acc/|train/inv/|train/rand/'
train/acc/inv 0.54 / train/inv/ce 1.51 / train/inv/confidence 0.28 / train/inv/confidence_gating 0 / train/inv/effective_rep_weight 0.03 / train/inv/head_objective 0.5 / train/inv/head_weight 0 / train/inv/objective 0.5 / train/inv/policy_weight_max 1 / train/inv/policy_weight_mean 1 / train/inv/policy_weight_min 1 / train/inv/policy_weight_std 0 / train/inv/valid_frac 1 / train/inv/weight 0.03 / train/loss/con 0.02 / train/loss/dyn 4.18 / train/loss/image 6.02 / train/loss/inv 0.01 / train/loss/policy -0.05 / train/loss/rep 4.18 / train/loss/repval 1.17 / train/loss/rew 0.54 / train/loss/value 1.21 / replay/replay_ratio 260 / fps/policy 15.32 / fps/train 3922.41

Writing metrics: /home/zhangpeiying01/lfy/btwm-7.7/runs/btwm_dmc_walker_walk_seed0_w003_b21/metrics.jsonl
Writing metrics: /home/zhangpeiying01/lfy/btwm-7.7/runs/btwm_dmc_walker_walk_seed0_w003_b21/scores.jsonl

--------------------[Agent Step 65_808]--------------------
Metrics filtered by: 'score|length|fps|ratio|train/loss/|train/acc/|train/inv/|train/rand/'
episode/score 810.2 / episode/length 1001 / train/acc/inv 0.53 / train/inv/ce 1.55 / train/inv/confidence 0.27 / train/inv/confidence_gating 0 / train/inv/effective_rep_weight 0.03 / train/inv/head_objective 0.51 / train/inv/head_weight 0 / train/inv/objective 0.51 / train/inv/policy_weight_max 1 / train/inv/policy_weight_mean 1 / train/inv/policy_weight_min 1 / train/inv/policy_weight_std 0 / train/inv/valid_frac 1 / train/inv/weight 0.03 / train/loss/con 0.02 / train/loss/dyn 4.27 / train/loss/image 6.31 / train/loss/inv 0.02 / train/loss/policy -0.05 / train/loss/rep 4.27 / train/loss/repval 1.15 / train/loss/rew 0.54 / train/loss/value 1.16 / replay/replay_ratio 260 / fps/policy 15.34 / fps/train 3928.12

Writing metrics: /home/zhangpeiying01/lfy/btwm-7.7/runs/btwm_dmc_walker_walk_seed0_w003_b21/metrics.jsonl
Writing metrics: /home/zhangpeiying01/lfy/btwm-7.7/runs/btwm_dmc_walker_walk_seed0_w003_b21/scores.jsonl

--------------------[Agent Step 67_648]--------------------
Metrics filtered by: 'score|length|fps|ratio|train/loss/|train/acc/|train/inv/|train/rand/'
train/acc/inv 0.53 / train/inv/ce 1.55 / train/inv/confidence 0.27 / train/inv/confidence_gating 0 / train/inv/effective_rep_weight 0.03 / train/inv/head_objective 0.51 / train/inv/head_weight 0 / train/inv/objective 0.51 / train/inv/policy_weight_max 1 / train/inv/policy_weight_mean 1 / train/inv/policy_weight_min 1 / train/inv/policy_weight_std 0 / train/inv/valid_frac 1 / train/inv/weight 0.03 / train/loss/con 0.02 / train/loss/dyn 4.12 / train/loss/image 6.14 / train/loss/inv 0.02 / train/loss/policy -0.05 / train/loss/rep 4.12 / train/loss/repval 1.11 / train/loss/rew 0.54 / train/loss/value 1.09 / replay/replay_ratio 260 / fps/policy 15.33 / fps/train 3925.18

Writing metrics: /home/zhangpeiying01/lfy/btwm-7.7/runs/btwm_dmc_walker_walk_seed0_w003_b21/metrics.jsonl
Writing metrics: /home/zhangpeiying01/lfy/btwm-7.7/runs/btwm_dmc_walker_walk_seed0_w003_b21/scores.jsonl

--------------------[Agent Step 69_504]--------------------
Metrics filtered by: 'score|length|fps|ratio|train/loss/|train/acc/|train/inv/|train/rand/'
train/acc/inv 0.52 / train/inv/ce 1.57 / train/inv/confidence 0.26 / train/inv/confidence_gating 0 / train/inv/effective_rep_weight 0.03 / train/inv/head_objective 0.51 / train/inv/head_weight 0 / train/inv/objective 0.51 / train/inv/policy_weight_max 1 / train/inv/policy_weight_mean 1 / train/inv/policy_weight_min 1 / train/inv/policy_weight_std 0 / train/inv/valid_frac 1 / train/inv/weight 0.03 / train/loss/con 0.02 / train/loss/dyn 4.06 / train/loss/image 5.92 / train/loss/inv 0.02 / train/loss/policy -0.04 / train/loss/rep 4.06 / train/loss/repval 1.07 / train/loss/rew 0.54 / train/loss/value 1.01 / replay/replay_ratio 260 / fps/policy 15.32 / fps/train 3923.07

Writing metrics: /home/zhangpeiying01/lfy/btwm-7.7/runs/btwm_dmc_walker_walk_seed0_w003_b21/metrics.jsonl
Writing metrics: /home/zhangpeiying01/lfy/btwm-7.7/runs/btwm_dmc_walker_walk_seed0_w003_b21/scores.jsonl

--------------------[Agent Step 71_344]--------------------
Metrics filtered by: 'score|length|fps|ratio|train/loss/|train/acc/|train/inv/|train/rand/'
train/acc/inv 0.52 / train/inv/ce 1.57 / train/inv/confidence 0.26 / train/inv/confidence_gating 0 / train/inv/effective_rep_weight 0.03 / train/inv/head_objective 0.52 / train/inv/head_weight 0 / train/inv/objective 0.52 / train/inv/policy_weight_max 1 / train/inv/policy_weight_mean 1 / train/inv/policy_weight_min 1 / train/inv/policy_weight_std 0 / train/inv/valid_frac 1 / train/inv/weight 0.03 / train/loss/con 0.02 / train/loss/dyn 4.01 / train/loss/image 5.78 / train/loss/inv 0.02 / train/loss/policy -0.04 / train/loss/rep 4.01 / train/loss/repval 1.03 / train/loss/rew 0.54 / train/loss/value 0.94 / replay/replay_ratio 260 / fps/policy 15.34 / fps/train 3927.61

Writing metrics: /home/zhangpeiying01/lfy/btwm-7.7/runs/btwm_dmc_walker_walk_seed0_w003_b21/metrics.jsonl
Writing metrics: /home/zhangpeiying01/lfy/btwm-7.7/runs/btwm_dmc_walker_walk_seed0_w003_b21/scores.jsonl

--------------------[Agent Step 73_184]--------------------
Metrics filtered by: 'score|length|fps|ratio|train/loss/|train/acc/|train/inv/|train/rand/'
train/acc/inv 0.52 / train/inv/ce 1.58 / train/inv/confidence 0.26 / train/inv/confidence_gating 0 / train/inv/effective_rep_weight 0.03 / train/inv/head_objective 0.52 / train/inv/head_weight 0 / train/inv/objective 0.52 / train/inv/policy_weight_max 1 / train/inv/policy_weight_mean 1 / train/inv/policy_weight_min 1 / train/inv/policy_weight_std 0 / train/inv/valid_frac 1 / train/inv/weight 0.03 / train/loss/con 0.02 / train/loss/dyn 3.98 / train/loss/image 5.65 / train/loss/inv 0.02 / train/loss/policy -0.04 / train/loss/rep 3.98 / train/loss/repval 0.97 / train/loss/rew 0.54 / train/loss/value 0.86 / replay/replay_ratio 260 / fps/policy 15.32 / fps/train 3921.33

Writing metrics: /home/zhangpeiying01/lfy/btwm-7.7/runs/btwm_dmc_walker_walk_seed0_w003_b21/metrics.jsonl
Writing metrics: /home/zhangpeiying01/lfy/btwm-7.7/runs/btwm_dmc_walker_walk_seed0_w003_b21/scores.jsonl

--------------------[Agent Step 75_024]--------------------
Metrics filtered by: 'score|length|fps|ratio|train/loss/|train/acc/|train/inv/|train/rand/'
train/acc/inv 0.52 / train/inv/ce 1.58 / train/inv/confidence 0.26 / train/inv/confidence_gating 0 / train/inv/effective_rep_weight 0.03 / train/inv/head_objective 0.52 / train/inv/head_weight 0 / train/inv/objective 0.52 / train/inv/policy_weight_max 1 / train/inv/policy_weight_mean 1 / train/inv/policy_weight_min 1 / train/inv/policy_weight_std 0 / train/inv/valid_frac 1 / train/inv/weight 0.03 / train/loss/con 0.02 / train/loss/dyn 3.97 / train/loss/image 5.53 / train/loss/inv 0.02 / train/loss/policy -0.04 / train/loss/rep 3.97 / train/loss/repval 0.92 / train/loss/rew 0.54 / train/loss/value 0.77 / replay/replay_ratio 260 / fps/policy 15.34 / fps/train 3927.5

Writing metrics: /home/zhangpeiying01/lfy/btwm-7.7/runs/btwm_dmc_walker_walk_seed0_w003_b21/metrics.jsonl
Writing metrics: /home/zhangpeiying01/lfy/btwm-7.7/runs/btwm_dmc_walker_walk_seed0_w003_b21/scores.jsonl

--------------------[Agent Step 76_864]--------------------
Metrics filtered by: 'score|length|fps|ratio|train/loss/|train/acc/|train/inv/|train/rand/'
train/acc/inv 0.51 / train/inv/ce 1.62 / train/inv/confidence 0.25 / train/inv/confidence_gating 0 / train/inv/effective_rep_weight 0.03 / train/inv/head_objective 0.53 / train/inv/head_weight 0 / train/inv/objective 0.53 / train/inv/policy_weight_max 1 / train/inv/policy_weight_mean 1 / train/inv/policy_weight_min 1 / train/inv/policy_weight_std 0 / train/inv/valid_frac 1 / train/inv/weight 0.03 / train/loss/con 0.02 / train/loss/dyn 3.96 / train/loss/image 5.5 / train/loss/inv 0.02 / train/loss/policy -0.04 / train/loss/rep 3.96 / train/loss/repval 0.85 / train/loss/rew 0.54 / train/loss/value 0.68 / replay/replay_ratio 260 / fps/policy 15.31 / fps/train 3919.07

Writing metrics: /home/zhangpeiying01/lfy/btwm-7.7/runs/btwm_dmc_walker_walk_seed0_w003_b21/metrics.jsonl
Writing metrics: /home/zhangpeiying01/lfy/btwm-7.7/runs/btwm_dmc_walker_walk_seed0_w003_b21/scores.jsonl

--------------------[Agent Step 78_720]--------------------
Metrics filtered by: 'score|length|fps|ratio|train/loss/|train/acc/|train/inv/|train/rand/'
train/acc/inv 0.51 / train/inv/ce 1.61 / train/inv/confidence 0.26 / train/inv/confidence_gating 0 / train/inv/effective_rep_weight 0.03 / train/inv/head_objective 0.53 / train/inv/head_weight 0 / train/inv/objective 0.53 / train/inv/policy_weight_max 1 / train/inv/policy_weight_mean 1 / train/inv/policy_weight_min 1 / train/inv/policy_weight_std 0 / train/inv/valid_frac 1 / train/inv/weight 0.03 / train/loss/con 0.02 / train/loss/dyn 3.94 / train/loss/image 5.52 / train/loss/inv 0.02 / train/loss/policy -0.03 / train/loss/rep 3.94 / train/loss/repval 0.81 / train/loss/rew 0.55 / train/loss/value 0.62 / replay/replay_ratio 260 / fps/policy 15.3 / fps/train 3917.74

Writing metrics: /home/zhangpeiying01/lfy/btwm-7.7/runs/btwm_dmc_walker_walk_seed0_w003_b21/scores.jsonl
Writing metrics: /home/zhangpeiying01/lfy/btwm-7.7/runs/btwm_dmc_walker_walk_seed0_w003_b21/metrics.jsonl

--------------------[Agent Step 80_560]--------------------
Metrics filtered by: 'score|length|fps|ratio|train/loss/|train/acc/|train/inv/|train/rand/'
episode/score 783.07 / episode/length 1001 / train/acc/inv 0.51 / train/inv/ce 1.63 / train/inv/confidence 0.25 / train/inv/confidence_gating 0 / train/inv/effective_rep_weight 0.03 / train/inv/head_objective 0.54 / train/inv/head_weight 0 / train/inv/objective 0.54 / train/inv/policy_weight_max 1 / train/inv/policy_weight_mean 1 / train/inv/policy_weight_min 1 / train/inv/policy_weight_std 0 / train/inv/valid_frac 1 / train/inv/weight 0.03 / train/loss/con 0.02 / train/loss/dyn 3.91 / train/loss/image 5.41 / train/loss/inv 0.02 / train/loss/policy -0.03 / train/loss/rep 3.91 / train/loss/repval 0.77 / train/loss/rew 0.55 / train/loss/value 0.57 / replay/replay_ratio 260 / fps/policy 15.34 / fps/train 3928.22

Writing metrics: /home/zhangpeiying01/lfy/btwm-7.7/runs/btwm_dmc_walker_walk_seed0_w003_b21/metrics.jsonl
Writing metrics: /home/zhangpeiying01/lfy/btwm-7.7/runs/btwm_dmc_walker_walk_seed0_w003_b21/scores.jsonl

--------------------[Agent Step 82_400]--------------------
Metrics filtered by: 'score|length|fps|ratio|train/loss/|train/acc/|train/inv/|train/rand/'
train/acc/inv 0.5 / train/inv/ce 1.66 / train/inv/confidence 0.25 / train/inv/confidence_gating 0 / train/inv/effective_rep_weight 0.03 / train/inv/head_objective 0.55 / train/inv/head_weight 0 / train/inv/objective 0.55 / train/inv/policy_weight_max 1 / train/inv/policy_weight_mean 1 / train/inv/policy_weight_min 1 / train/inv/policy_weight_std 0 / train/inv/valid_frac 1 / train/inv/weight 0.03 / train/loss/con 0.02 / train/loss/dyn 4.06 / train/loss/image 5.74 / train/loss/inv 0.02 / train/loss/policy -0.03 / train/loss/rep 4.06 / train/loss/repval 0.75 / train/loss/rew 0.55 / train/loss/value 0.54 / replay/replay_ratio 260 / fps/policy 15.33 / fps/train 3925.09

Writing metrics: /home/zhangpeiying01/lfy/btwm-7.7/runs/btwm_dmc_walker_walk_seed0_w003_b21/metrics.jsonl
Writing metrics: /home/zhangpeiying01/lfy/btwm-7.7/runs/btwm_dmc_walker_walk_seed0_w003_b21/scores.jsonl

--------------------[Agent Step 84_256]--------------------
Metrics filtered by: 'score|length|fps|ratio|train/loss/|train/acc/|train/inv/|train/rand/'
train/acc/inv 0.5 / train/inv/ce 1.66 / train/inv/confidence 0.25 / train/inv/confidence_gating 0 / train/inv/effective_rep_weight 0.03 / train/inv/head_objective 0.54 / train/inv/head_weight 0 / train/inv/objective 0.54 / train/inv/policy_weight_max 1 / train/inv/policy_weight_mean 1 / train/inv/policy_weight_min 1 / train/inv/policy_weight_std 0 / train/inv/valid_frac 1 / train/inv/weight 0.03 / train/loss/con 0.02 / train/loss/dyn 3.81 / train/loss/image 5.42 / train/loss/inv 0.02 / train/loss/policy -0.03 / train/loss/rep 3.81 / train/loss/repval 0.72 / train/loss/rew 0.54 / train/loss/value 0.5 / replay/replay_ratio 260 / fps/policy 15.33 / fps/train 3925.27

Writing metrics: /home/zhangpeiying01/lfy/btwm-7.7/runs/btwm_dmc_walker_walk_seed0_w003_b21/metrics.jsonl
Writing metrics: /home/zhangpeiying01/lfy/btwm-7.7/runs/btwm_dmc_walker_walk_seed0_w003_b21/scores.jsonl

--------------------[Agent Step 86_096]--------------------
Metrics filtered by: 'score|length|fps|ratio|train/loss/|train/acc/|train/inv/|train/rand/'
train/acc/inv 0.49 / train/inv/ce 1.67 / train/inv/confidence 0.24 / train/inv/confidence_gating 0 / train/inv/effective_rep_weight 0.03 / train/inv/head_objective 0.55 / train/inv/head_weight 0 / train/inv/objective 0.55 / train/inv/policy_weight_max 1 / train/inv/policy_weight_mean 1 / train/inv/policy_weight_min 1 / train/inv/policy_weight_std 0 / train/inv/valid_frac 1 / train/inv/weight 0.03 / train/loss/con 0.02 / train/loss/dyn 3.83 / train/loss/image 5.32 / train/loss/inv 0.02 / train/loss/policy -0.03 / train/loss/rep 3.83 / train/loss/repval 0.68 / train/loss/rew 0.55 / train/loss/value 0.46 / replay/replay_ratio 260 / fps/policy 15.31 / fps/train 3918.81

Writing metrics: /home/zhangpeiying01/lfy/btwm-7.7/runs/btwm_dmc_walker_walk_seed0_w003_b21/metrics.jsonl
Writing metrics: /home/zhangpeiying01/lfy/btwm-7.7/runs/btwm_dmc_walker_walk_seed0_w003_b21/scores.jsonl

--------------------[Agent Step 87_936]--------------------
Metrics filtered by: 'score|length|fps|ratio|train/loss/|train/acc/|train/inv/|train/rand/'
train/acc/inv 0.49 / train/inv/ce 1.69 / train/inv/confidence 0.24 / train/inv/confidence_gating 0 / train/inv/effective_rep_weight 0.03 / train/inv/head_objective 0.55 / train/inv/head_weight 0 / train/inv/objective 0.55 / train/inv/policy_weight_max 1 / train/inv/policy_weight_mean 1 / train/inv/policy_weight_min 1 / train/inv/policy_weight_std 0 / train/inv/valid_frac 1 / train/inv/weight 0.03 / train/loss/con 0.02 / train/loss/dyn 3.85 / train/loss/image 5.24 / train/loss/inv 0.02 / train/loss/policy -0.03 / train/loss/rep 3.85 / train/loss/repval 0.64 / train/loss/rew 0.55 / train/loss/value 0.44 / replay/replay_ratio 260 / fps/policy 15.34 / fps/train 3928.28

Writing metrics: /home/zhangpeiying01/lfy/btwm-7.7/runs/btwm_dmc_walker_walk_seed0_w003_b21/metrics.jsonl
Writing metrics: /home/zhangpeiying01/lfy/btwm-7.7/runs/btwm_dmc_walker_walk_seed0_w003_b21/scores.jsonl

--------------------[Agent Step 89_792]--------------------
Metrics filtered by: 'score|length|fps|ratio|train/loss/|train/acc/|train/inv/|train/rand/'
train/acc/inv 0.49 / train/inv/ce 1.69 / train/inv/confidence 0.24 / train/inv/confidence_gating 0 / train/inv/effective_rep_weight 0.03 / train/inv/head_objective 0.56 / train/inv/head_weight 0 / train/inv/objective 0.56 / train/inv/policy_weight_max 1 / train/inv/policy_weight_mean 1 / train/inv/policy_weight_min 1 / train/inv/policy_weight_std 0 / train/inv/valid_frac 1 / train/inv/weight 0.03 / train/loss/con 0.02 / train/loss/dyn 3.83 / train/loss/image 5.17 / train/loss/inv 0.02 / train/loss/policy -0.03 / train/loss/rep 3.83 / train/loss/repval 0.63 / train/loss/rew 0.55 / train/loss/value 0.42 / replay/replay_ratio 260 / fps/policy 15.34 / fps/train 3927.32

Writing metrics: /home/zhangpeiying01/lfy/btwm-7.7/runs/btwm_dmc_walker_walk_seed0_w003_b21/scores.jsonl
Writing metrics: /home/zhangpeiying01/lfy/btwm-7.7/runs/btwm_dmc_walker_walk_seed0_w003_b21/metrics.jsonl

--------------------[Agent Step 91_632]--------------------
Metrics filtered by: 'score|length|fps|ratio|train/loss/|train/acc/|train/inv/|train/rand/'
train/acc/inv 0.49 / train/inv/ce 1.69 / train/inv/confidence 0.24 / train/inv/confidence_gating 0 / train/inv/effective_rep_weight 0.03 / train/inv/head_objective 0.55 / train/inv/head_weight 0 / train/inv/objective 0.55 / train/inv/policy_weight_max 1 / train/inv/policy_weight_mean 1 / train/inv/policy_weight_min 1 / train/inv/policy_weight_std 0 / train/inv/valid_frac 1 / train/inv/weight 0.03 / train/loss/con 0.02 / train/loss/dyn 3.81 / train/loss/image 5.14 / train/loss/inv 0.02 / train/loss/policy -0.03 / train/loss/rep 3.81 / train/loss/repval 0.62 / train/loss/rew 0.55 / train/loss/value 0.43 / replay/replay_ratio 260 / fps/policy 15.33 / fps/train 3923.84

Writing metrics: /home/zhangpeiying01/lfy/btwm-7.7/runs/btwm_dmc_walker_walk_seed0_w003_b21/scores.jsonl
Writing metrics: /home/zhangpeiying01/lfy/btwm-7.7/runs/btwm_dmc_walker_walk_seed0_w003_b21/metrics.jsonl

--------------------[Agent Step 93_488]--------------------
Metrics filtered by: 'score|length|fps|ratio|train/loss/|train/acc/|train/inv/|train/rand/'
train/acc/inv 0.49 / train/inv/ce 1.71 / train/inv/confidence 0.23 / train/inv/confidence_gating 0 / train/inv/effective_rep_weight 0.03 / train/inv/head_objective 0.56 / train/inv/head_weight 0 / train/inv/objective 0.56 / train/inv/policy_weight_max 1 / train/inv/policy_weight_mean 1 / train/inv/policy_weight_min 1 / train/inv/policy_weight_std 0 / train/inv/valid_frac 1 / train/inv/weight 0.03 / train/loss/con 0.02 / train/loss/dyn 3.77 / train/loss/image 5.07 / train/loss/inv 0.02 / train/loss/policy -0.02 / train/loss/rep 3.77 / train/loss/repval 0.62 / train/loss/rew 0.55 / train/loss/value 0.45 / replay/replay_ratio 260 / fps/policy 15.35 / fps/train 3929.5

Writing metrics: /home/zhangpeiying01/lfy/btwm-7.7/runs/btwm_dmc_walker_walk_seed0_w003_b21/metrics.jsonl
Writing metrics: /home/zhangpeiying01/lfy/btwm-7.7/runs/btwm_dmc_walker_walk_seed0_w003_b21/scores.jsonl

--------------------[Agent Step 95_344]--------------------
Metrics filtered by: 'score|length|fps|ratio|train/loss/|train/acc/|train/inv/|train/rand/'
train/acc/inv 0.48 / train/inv/ce 1.71 / train/inv/confidence 0.23 / train/inv/confidence_gating 0 / train/inv/effective_rep_weight 0.03 / train/inv/head_objective 0.56 / train/inv/head_weight 0 / train/inv/objective 0.56 / train/inv/policy_weight_max 1 / train/inv/policy_weight_mean 1 / train/inv/policy_weight_min 1 / train/inv/policy_weight_std 0 / train/inv/valid_frac 1 / train/inv/weight 0.03 / train/loss/con 0.02 / train/loss/dyn 3.73 / train/loss/image 4.97 / train/loss/inv 0.02 / train/loss/policy -0.02 / train/loss/rep 3.73 / train/loss/repval 0.62 / train/loss/rew 0.55 / train/loss/value 0.47 / replay/replay_ratio 260 / fps/policy 15.33 / fps/train 3923.91

Writing metrics: /home/zhangpeiying01/lfy/btwm-7.7/runs/btwm_dmc_walker_walk_seed0_w003_b21/metrics.jsonl
Writing metrics: /home/zhangpeiying01/lfy/btwm-7.7/runs/btwm_dmc_walker_walk_seed0_w003_b21/scores.jsonl

--------------------[Agent Step 97_184]--------------------
Metrics filtered by: 'score|length|fps|ratio|train/loss/|train/acc/|train/inv/|train/rand/'
episode/score 822.17 / episode/length 1001 / train/acc/inv 0.49 / train/inv/ce 1.7 / train/inv/confidence 0.24 / train/inv/confidence_gating 0 / train/inv/effective_rep_weight 0.03 / train/inv/head_objective 0.56 / train/inv/head_weight 0 / train/inv/objective 0.56 / train/inv/policy_weight_max 1 / train/inv/policy_weight_mean 1 / train/inv/policy_weight_min 1 / train/inv/policy_weight_std 0 / train/inv/valid_frac 1 / train/inv/weight 0.03 / train/loss/con 0.02 / train/loss/dyn 3.79 / train/loss/image 5.07 / train/loss/inv 0.02 / train/loss/policy -0.02 / train/loss/rep 3.79 / train/loss/repval 0.65 / train/loss/rew 0.55 / train/loss/value 0.52 / replay/replay_ratio 260 / fps/policy 15.34 / fps/train 3926.35

Writing metrics: /home/zhangpeiying01/lfy/btwm-7.7/runs/btwm_dmc_walker_walk_seed0_w003_b21/metrics.jsonl
Writing metrics: /home/zhangpeiying01/lfy/btwm-7.7/runs/btwm_dmc_walker_walk_seed0_w003_b21/scores.jsonl

--------------------[Agent Step 99_024]--------------------
Metrics filtered by: 'score|length|fps|ratio|train/loss/|train/acc/|train/inv/|train/rand/'
train/acc/inv 0.48 / train/inv/ce 1.73 / train/inv/confidence 0.23 / train/inv/confidence_gating 0 / train/inv/effective_rep_weight 0.03 / train/inv/head_objective 0.57 / train/inv/head_weight 0 / train/inv/objective 0.57 / train/inv/policy_weight_max 1 / train/inv/policy_weight_mean 1 / train/inv/policy_weight_min 1 / train/inv/policy_weight_std 0 / train/inv/valid_frac 1 / train/inv/weight 0.03 / train/loss/con 0.02 / train/loss/dyn 3.76 / train/loss/image 5.04 / train/loss/inv 0.02 / train/loss/policy -0.02 / train/loss/rep 3.76 / train/loss/repval 0.67 / train/loss/rew 0.55 / train/loss/value 0.56 / replay/replay_ratio 260 / fps/policy 15.32 / fps/train 3922.95

Writing metrics: /home/zhangpeiying01/lfy/btwm-7.7/runs/btwm_dmc_walker_walk_seed0_w003_b21/metrics.jsonl
Writing metrics: /home/zhangpeiying01/lfy/btwm-7.7/runs/btwm_dmc_walker_walk_seed0_w003_b21/scores.jsonl

--------------------[Agent Step 100_864]--------------------
Metrics filtered by: 'score|length|fps|ratio|train/loss/|train/acc/|train/inv/|train/rand/'
train/acc/inv 0.48 / train/inv/ce 1.74 / train/inv/confidence 0.23 / train/inv/confidence_gating 0 / train/inv/effective_rep_weight 0.03 / train/inv/head_objective 0.57 / train/inv/head_weight 0 / train/inv/objective 0.57 / train/inv/policy_weight_max 1 / train/inv/policy_weight_mean 1 / train/inv/policy_weight_min 1 / train/inv/policy_weight_std 0 / train/inv/valid_frac 1 / train/inv/weight 0.03 / train/loss/con 0.02 / train/loss/dyn 3.73 / train/loss/image 4.96 / train/loss/inv 0.02 / train/loss/policy -0.02 / train/loss/rep 3.73 / train/loss/repval 0.7 / train/loss/rew 0.55 / train/loss/value 0.6 / replay/replay_ratio 260 / fps/policy 15.32 / fps/train 3920.93

Writing metrics: /home/zhangpeiying01/lfy/btwm-7.7/runs/btwm_dmc_walker_walk_seed0_w003_b21/metrics.jsonl
Writing metrics: /home/zhangpeiying01/lfy/btwm-7.7/runs/btwm_dmc_walker_walk_seed0_w003_b21/scores.jsonl

--------------------[Agent Step 102_720]--------------------
Metrics filtered by: 'score|length|fps|ratio|train/loss/|train/acc/|train/inv/|train/rand/'
train/acc/inv 0.48 / train/inv/ce 1.75 / train/inv/confidence 0.23 / train/inv/confidence_gating 0 / train/inv/effective_rep_weight 0.03 / train/inv/head_objective 0.57 / train/inv/head_weight 0 / train/inv/objective 0.57 / train/inv/policy_weight_max 1 / train/inv/policy_weight_mean 1 / train/inv/policy_weight_min 1 / train/inv/policy_weight_std 0 / train/inv/valid_frac 1 / train/inv/weight 0.03 / train/loss/con 0.02 / train/loss/dyn 3.7 / train/loss/image 4.91 / train/loss/inv 0.02 / train/loss/policy -0.02 / train/loss/rep 3.7 / train/loss/repval 0.73 / train/loss/rew 0.55 / train/loss/value 0.64 / replay/replay_ratio 260 / fps/policy 15.34 / fps/train 3927.37

Writing metrics: /home/zhangpeiying01/lfy/btwm-7.7/runs/btwm_dmc_walker_walk_seed0_w003_b21/scores.jsonl
Writing metrics: /home/zhangpeiying01/lfy/btwm-7.7/runs/btwm_dmc_walker_walk_seed0_w003_b21/metrics.jsonl
Saving checkpoint: /home/zhangpeiying01/lfy/btwm-7.7/runs/btwm_dmc_walker_walk_seed0_w003_b21/ckpt/20260711T230909F576881
Saved checkpoint.

--------------------[Agent Step 104_528]--------------------
Metrics filtered by: 'score|length|fps|ratio|train/loss/|train/acc/|train/inv/|train/rand/'
train/acc/inv 0.47 / train/inv/ce 1.77 / train/inv/confidence 0.22 / train/inv/confidence_gating 0 / train/inv/effective_rep_weight 0.03 / train/inv/head_objective 0.58 / train/inv/head_weight 0 / train/inv/objective 0.58 / train/inv/policy_weight_max 1 / train/inv/policy_weight_mean 1 / train/inv/policy_weight_min 1 / train/inv/policy_weight_std 0 / train/inv/valid_frac 1 / train/inv/weight 0.03 / train/loss/con 0.02 / train/loss/dyn 3.78 / train/loss/image 4.91 / train/loss/inv 0.02 / train/loss/policy -0.02 / train/loss/rep 3.78 / train/loss/repval 0.76 / train/loss/rew 0.55 / train/loss/value 0.69 / replay/replay_ratio 260 / fps/policy 14.94 / fps/train 3824.17

Writing metrics: /home/zhangpeiying01/lfy/btwm-7.7/runs/btwm_dmc_walker_walk_seed0_w003_b21/metrics.jsonl
Writing metrics: /home/zhangpeiying01/lfy/btwm-7.7/runs/btwm_dmc_walker_walk_seed0_w003_b21/scores.jsonl

--------------------[Agent Step 106_384]--------------------
Metrics filtered by: 'score|length|fps|ratio|train/loss/|train/acc/|train/inv/|train/rand/'
train/acc/inv 0.47 / train/inv/ce 1.76 / train/inv/confidence 0.22 / train/inv/confidence_gating 0 / train/inv/effective_rep_weight 0.03 / train/inv/head_objective 0.58 / train/inv/head_weight 0 / train/inv/objective 0.58 / train/inv/policy_weight_max 1 / train/inv/policy_weight_mean 1 / train/inv/policy_weight_min 1 / train/inv/policy_weight_std 0 / train/inv/valid_frac 1 / train/inv/weight 0.03 / train/loss/con 0.02 / train/loss/dyn 3.67 / train/loss/image 4.82 / train/loss/inv 0.02 / train/loss/policy -8.9e-3 / train/loss/rep 3.67 / train/loss/repval 0.82 / train/loss/rew 0.55 / train/loss/value 0.76 / replay/replay_ratio 260 / fps/policy 15.33 / fps/train 3924.29

Writing metrics: /home/zhangpeiying01/lfy/btwm-7.7/runs/btwm_dmc_walker_walk_seed0_w003_b21/metrics.jsonl
Writing metrics: /home/zhangpeiying01/lfy/btwm-7.7/runs/btwm_dmc_walker_walk_seed0_w003_b21/scores.jsonl

--------------------[Agent Step 108_224]--------------------
Metrics filtered by: 'score|length|fps|ratio|train/loss/|train/acc/|train/inv/|train/rand/'
train/acc/inv 0.47 / train/inv/ce 1.77 / train/inv/confidence 0.22 / train/inv/confidence_gating 0 / train/inv/effective_rep_weight 0.03 / train/inv/head_objective 0.58 / train/inv/head_weight 0 / train/inv/objective 0.58 / train/inv/policy_weight_max 1 / train/inv/policy_weight_mean 1 / train/inv/policy_weight_min 1 / train/inv/policy_weight_std 0 / train/inv/valid_frac 1 / train/inv/weight 0.03 / train/loss/con 0.02 / train/loss/dyn 3.74 / train/loss/image 4.82 / train/loss/inv 0.02 / train/loss/policy -9.7e-3 / train/loss/rep 3.74 / train/loss/repval 0.91 / train/loss/rew 0.55 / train/loss/value 0.87 / replay/replay_ratio 260 / fps/policy 15.33 / fps/train 3925.73

